05-21 16:19:28.518  1548  1563 W ziparchive: Unable to open '/data/user_de/0/com.google.android.gms/app_chimera/m/00000002/DynamiteLoader.uncompressed.dm': No such file or directory
05-21 16:19:28.526  1548  1563 I artd    : OatFileAssistant test for existing oat file /data/user_de/0/com.google.android.gms/app_chimera/m/00000002/DynamiteLoader.uncompressed.dm: I/O error
05-21 16:19:28.526  1548  1563 I artd    : GetBestInfo checking dm (/data/user_de/0/com.google.android.gms/app_chimera/m/00000002/DynamiteLoader.uncompressed.dm)
05-21 16:19:28.535  1548  1563 W ziparchive: Unable to open '/data/user_de/0/com.google.android.gms/app_chimera/m/00000002/DynamiteLoader.uncompressed.dm': No such file or directory
05-21 16:19:28.538  1548  1563 I artd    : OatFileAssistant test for existing oat file /data/user_de/0/com.google.android.gms/app_chimera/m/00000002/DynamiteLoader.uncompressed.dm: I/O error
05-21 16:19:28.544  1548  1563 I artd    : GetBestInfo no usable artifacts
05-21 16:19:28.557  1548  1563 W artd    : Could not get dex checksums for location /data/app/~~e4OF3ClCeXsUahOqgigWDw==/com.google.android.gms-z9f_Jzcq5nyJoV_fxhEWZg==/base.apk, fd=-1
05-21 16:19:28.564  1548  1563 I artd    : Dex parent of /data/user_de/0/com.google.android.gms/app_chimera/m/00000005/GoogleCertificates.apk is not writable: No such file or directory
05-21 16:19:28.564  1548  1563 I artd    : GetBestInfo checking odex in dalvik-cache (/data/dalvik-cache/x86_64/data@user_de@0@com.google.android.gms@app_chimera@m@00000005@GoogleCertificates.apk@classes.dex)
05-21 16:19:28.564  1548  1563 I artd    : Loading /data/dalvik-cache/x86_64/data@user_de@0@com.google.android.gms@app_chimera@m@00000005@GoogleCertificates.apk@classes.dex with executable: 0
05-21 16:19:28.564  1548  1563 I artd    : OatFileAssistant test for existing oat file /data/dalvik-cache/x86_64/data@user_de@0@com.google.android.gms@app_chimera@m@00000005@GoogleCertificates.apk@classes.dex: File /data/dalvik-cache/x86_64/data@user_de@0@com.google.android.gms@app_chimera@m@00000005@GoogleCertificates.apk@classes.vdex does not exist.
05-21 16:19:28.564  1548  1563 I artd    : GetBestInfo checking odex next to the dex file (/data/user_de/0/com.google.android.gms/app_chimera/m/00000005/oat/x86_64/GoogleCertificates.odex)
05-21 16:19:28.564  1548  1563 I artd    : Loading /data/user_de/0/com.google.android.gms/app_chimera/m/00000005/oat/x86_64/GoogleCertificates.odex with executable: 0
05-21 16:19:28.565  1548  1563 I artd    : OatFileAssistant test for existing oat file /data/user_de/0/com.google.android.gms/app_chimera/m/00000005/oat/x86_64/GoogleCertificates.odex: File /data/user_de/0/com.google.android.gms/app_chimera/m/00000005/oat/x86_64/GoogleCertificates.vdex does not exist.
05-21 16:19:28.565  1548  1563 I artd    : GetBestInfo checking vdex in dalvik-cache (/data/dalvik-cache/x86_64/data@user_de@0@com.google.android.gms@app_chimera@m@00000005@GoogleCertificates.apk@classes.vdex)
05-21 16:19:28.568  1548  1563 I artd    : unable to open vdex file /data/dalvik-cache/x86_64/data@user_de@0@com.google.android.gms@app_chimera@m@00000005@GoogleCertificates.apk@classes.vdex: File /data/dalvik-cache/x86_64/data@user_de@0@com.google.android.gms@app_chimera@m@00000005@GoogleCertificates.apk@classes.vdex does not exist.
05-21 16:19:28.568  1548  1563 I artd    : OatFileAssistant test for existing oat file /data/dalvik-cache/x86_64/data@user_de@0@com.google.android.gms@app_chimera@m@00000005@GoogleCertificates.apk@classes.vdex: File /data/dalvik-cache/x86_64/data@user_de@0@com.google.android.gms@app_chimera@m@00000005@GoogleCertificates.apk@classes.vdex does not exist.
05-21 16:19:28.569  1548  1563 I artd    : GetBestInfo checking vdex next to the dex file (/data/user_de/0/com.google.android.gms/app_chimera/m/00000005/oat/x86_64/GoogleCertificates.vdex)
05-21 16:19:28.569  1548  1563 I artd    : unable to open vdex file /data/user_de/0/com.google.android.gms/app_chimera/m/00000005/oat/x86_64/GoogleCertificates.vdex: File /data/user_de/0/com.google.android.gms/app_chimera/m/00000005/oat/x86_64/GoogleCertificates.vdex does not exist.
05-21 16:19:28.569  1548  1563 I artd    : OatFileAssistant test for existing oat file /data/user_de/0/com.google.android.gms/app_chimera/m/00000005/oat/x86_64/GoogleCertificates.vdex: File /data/user_de/0/com.google.android.gms/app_chimera/m/00000005/oat/x86_64/GoogleCertificates.vdex does not exist.
05-21 16:19:28.569  1548  1563 I artd    : GetBestInfo checking dm (/data/user_de/0/com.google.android.gms/app_chimera/m/00000005/GoogleCertificates.dm)
05-21 16:19:28.569  1548  1563 W ziparchive: Unable to open '/data/user_de/0/com.google.android.gms/app_chimera/m/00000005/GoogleCertificates.dm': No such file or directory
05-21 16:19:28.570  1548  1563 I artd    : OatFileAssistant test for existing oat file /data/user_de/0/com.google.android.gms/app_chimera/m/00000005/GoogleCertificates.dm: I/O error
05-21 16:19:28.570  1548  1563 I artd    : GetBestInfo checking dm (/data/user_de/0/com.google.android.gms/app_chimera/m/00000005/GoogleCertificates.dm)
05-21 16:19:28.570  1548  1563 W ziparchive: Unable to open '/data/user_de/0/com.google.android.gms/app_chimera/m/00000005/GoogleCertificates.dm': No such file or directory
05-21 16:19:28.570  1548  1563 I artd    : OatFileAssistant test for existing oat file /data/user_de/0/com.google.android.gms/app_chimera/m/00000005/GoogleCertificates.dm: I/O error
05-21 16:19:28.570  1548  1563 I artd    : GetBestInfo no usable artifacts
05-21 16:19:28.579  1548  1563 W artd    : Could not get dex checksums for location /data/app/~~e4OF3ClCeXsUahOqgigWDw==/com.google.android.gms-z9f_Jzcq5nyJoV_fxhEWZg==/base.apk, fd=-1
05-21 16:19:28.581  1548  1563 I artd    : Dex parent of /data/user_de/0/com.google.android.gms/app_chimera/m/00000001/CronetDynamite.uncompressed.apk is not writable: No such file or directory
05-21 16:19:28.581  1548  1563 I artd    : GetBestInfo checking odex in dalvik-cache (/data/dalvik-cache/x86_64/data@user_de@0@com.google.android.gms@app_chimera@m@00000001@CronetDynamite.uncompressed.apk@classes.dex)
05-21 16:19:28.581  1548  1563 I artd    : Loading /data/dalvik-cache/x86_64/data@user_de@0@com.google.android.gms@app_chimera@m@00000001@CronetDynamite.uncompressed.apk@classes.dex with executable: 0
05-21 16:19:28.582  1548  1563 I artd    : OatFileAssistant test for existing oat file /data/dalvik-cache/x86_64/data@user_de@0@com.google.android.gms@app_chimera@m@00000001@CronetDynamite.uncompressed.apk@classes.dex: File /data/dalvik-cache/x86_64/data@user_de@0@com.google.android.gms@app_chimera@m@00000001@CronetDynamite.uncompressed.apk@classes.vdex does not exist.
05-21 16:19:28.583  1548  1563 I artd    : GetBestInfo checking odex next to the dex file (/data/user_de/0/com.google.android.gms/app_chimera/m/00000001/oat/x86_64/CronetDynamite.uncompressed.odex)
05-21 16:19:28.600  1548  1563 I artd    : Loading /data/user_de/0/com.google.android.gms/app_chimera/m/00000001/oat/x86_64/CronetDynamite.uncompressed.odex with executable: 0
05-21 16:19:28.600  1548  1563 I artd    : OatFileAssistant test for existing oat file /data/user_de/0/com.google.android.gms/app_chimera/m/00000001/oat/x86_64/CronetDynamite.uncompressed.odex: File /data/user_de/0/com.google.android.gms/app_chimera/m/00000001/oat/x86_64/CronetDynamite.uncompressed.vdex does not exist.
05-21 16:19:28.600  1548  1563 I artd    : GetBestInfo checking vdex in dalvik-cache (/data/dalvik-cache/x86_64/data@user_de@0@com.google.android.gms@app_chimera@m@00000001@CronetDynamite.uncompressed.apk@classes.vdex)
05-21 16:19:28.600  1548  1563 I artd    : unable to open vdex file /data/dalvik-cache/x86_64/data@user_de@0@com.google.android.gms@app_chimera@m@00000001@CronetDynamite.uncompressed.apk@classes.vdex: File /data/dalvik-cache/x86_64/data@user_de@0@com.google.android.gms@app_chimera@m@00000001@CronetDynamite.uncompressed.apk@classes.vdex does not exist.
05-21 16:19:28.600  1548  1563 I artd    : OatFileAssistant test for existing oat file /data/dalvik-cache/x86_64/data@user_de@0@com.google.android.gms@app_chimera@m@00000001@CronetDynamite.uncompressed.apk@classes.vdex: File /data/dalvik-cache/x86_64/data@user_de@0@com.google.android.gms@app_chimera@m@00000001@CronetDynamite.uncompressed.apk@classes.vdex does not exist.
05-21 16:19:28.600  1548  1563 I artd    : GetBestInfo checking vdex next to the dex file (/data/user_de/0/com.google.android.gms/app_chimera/m/00000001/oat/x86_64/CronetDynamite.uncompressed.vdex)
05-21 16:19:28.601  1548  1563 I artd    : unable to open vdex file /data/user_de/0/com.google.android.gms/app_chimera/m/00000001/oat/x86_64/CronetDynamite.uncompressed.vdex: File /data/user_de/0/com.google.android.gms/app_chimera/m/00000001/oat/x86_64/CronetDynamite.uncompressed.vdex does not exist.
05-21 16:19:28.601  1548  1563 I artd    : OatFileAssistant test for existing oat file /data/user_de/0/com.google.android.gms/app_chimera/m/00000001/oat/x86_64/CronetDynamite.uncompressed.vdex: File /data/user_de/0/com.google.android.gms/app_chimera/m/00000001/oat/x86_64/CronetDynamite.uncompressed.vdex does not exist.
05-21 16:19:28.601  1548  1563 I artd    : GetBestInfo checking dm (/data/user_de/0/com.google.android.gms/app_chimera/m/00000001/CronetDynamite.uncompressed.dm)
05-21 16:19:28.601  1548  1563 W ziparchive: Unable to open '/data/user_de/0/com.google.android.gms/app_chimera/m/00000001/CronetDynamite.uncompressed.dm': No such file or directory
05-21 16:19:28.603  1548  1563 I artd    : OatFileAssistant test for existing oat file /data/user_de/0/com.google.android.gms/app_chimera/m/00000001/CronetDynamite.uncompressed.dm: I/O error
05-21 16:19:28.603  1548  1563 I artd    : GetBestInfo checking dm (/data/user_de/0/com.google.android.gms/app_chimera/m/00000001/CronetDynamite.uncompressed.dm)
05-21 16:19:28.603  1548  1563 W ziparchive: Unable to open '/data/user_de/0/com.google.android.gms/app_chimera/m/00000001/CronetDynamite.uncompressed.dm': No such file or directory
05-21 16:19:28.603  1548  1563 I artd    : OatFileAssistant test for existing oat file /data/user_de/0/com.google.android.gms/app_chimera/m/00000001/CronetDynamite.uncompressed.dm: I/O error
05-21 16:19:28.603  1548  1563 I artd    : GetBestInfo no usable artifacts
05-21 16:19:28.607  1548  1563 W artd    : Could not get dex checksums for location /data/app/~~e4OF3ClCeXsUahOqgigWDw==/com.google.android.gms-z9f_Jzcq5nyJoV_fxhEWZg==/base.apk, fd=-1
05-21 16:19:28.608  1548  1563 W artd    : Could not get dex checksums for location /data/app/~~e4OF3ClCeXsUahOqgigWDw==/com.google.android.gms-z9f_Jzcq5nyJoV_fxhEWZg==/base.apk, fd=-1
05-21 16:19:28.610  1548  1563 W artd    : Could not get dex checksums for location /data/app/~~e4OF3ClCeXsUahOqgigWDw==/com.google.android.gms-z9f_Jzcq5nyJoV_fxhEWZg==/base.apk, fd=-1
05-21 16:19:28.611  1548  1563 W artd    : Could not get dex checksums for location /data/app/~~e4OF3ClCeXsUahOqgigWDw==/com.google.android.gms-z9f_Jzcq5nyJoV_fxhEWZg==/base.apk, fd=-1
05-21 16:19:28.613  1548  1563 W artd    : Could not get dex checksums for location /data/app/~~e4OF3ClCeXsUahOqgigWDw==/com.google.android.gms-z9f_Jzcq5nyJoV_fxhEWZg==/base.apk, fd=-1
05-21 16:19:28.620  1548  1563 W artd    : Could not get dex checksums for location /data/app/~~e4OF3ClCeXsUahOqgigWDw==/com.google.android.gms-z9f_Jzcq5nyJoV_fxhEWZg==/base.apk, fd=-1
05-21 16:19:28.636  1548  1563 I artd    : Dex parent of /data/user_de/0/com.google.android.gms/app_chimera/m/00000007/MeasurementDynamite.apk is not writable: No such file or directory
05-21 16:19:28.636  1548  1563 I artd    : GetBestInfo checking odex in dalvik-cache (/data/dalvik-cache/x86_64/data@user_de@0@com.google.android.gms@app_chimera@m@00000007@MeasurementDynamite.apk@classes.dex)
05-21 16:19:28.636  1548  1563 I artd    : Loading /data/dalvik-cache/x86_64/data@user_de@0@com.google.android.gms@app_chimera@m@00000007@MeasurementDynamite.apk@classes.dex with executable: 0
05-21 16:19:28.636  1548  1563 I artd    : OatFileAssistant test for existing oat file /data/dalvik-cache/x86_64/data@user_de@0@com.google.android.gms@app_chimera@m@00000007@MeasurementDynamite.apk@classes.dex: File /data/dalvik-cache/x86_64/data@user_de@0@com.google.android.gms@app_chimera@m@00000007@MeasurementDynamite.apk@classes.vdex does not exist.
05-21 16:19:28.636  1548  1563 I artd    : GetBestInfo checking odex next to the dex file (/data/user_de/0/com.google.android.gms/app_chimera/m/00000007/oat/x86_64/MeasurementDynamite.odex)
05-21 16:19:28.636  1548  1563 I artd    : Loading /data/user_de/0/com.google.android.gms/app_chimera/m/00000007/oat/x86_64/MeasurementDynamite.odex with executable: 0
05-21 16:19:28.636  1548  1563 I artd    : OatFileAssistant test for existing oat file /data/user_de/0/com.google.android.gms/app_chimera/m/00000007/oat/x86_64/MeasurementDynamite.odex: File /data/user_de/0/com.google.android.gms/app_chimera/m/00000007/oat/x86_64/MeasurementDynamite.vdex does not exist.
05-21 16:19:28.636  1548  1563 I artd    : GetBestInfo checking vdex in dalvik-cache (/data/dalvik-cache/x86_64/data@user_de@0@com.google.android.gms@app_chimera@m@00000007@MeasurementDynamite.apk@classes.vdex)
05-21 16:19:28.636  1548  1563 I artd    : unable to open vdex file /data/dalvik-cache/x86_64/data@user_de@0@com.google.android.gms@app_chimera@m@00000007@MeasurementDynamite.apk@classes.vdex: File /data/dalvik-cache/x86_64/data@user_de@0@com.google.android.gms@app_chimera@m@00000007@MeasurementDynamite.apk@classes.vdex does not exist.
05-21 16:19:28.636  1548  1563 I artd    : OatFileAssistant test for existing oat file /data/dalvik-cache/x86_64/data@user_de@0@com.google.android.gms@app_chimera@m@00000007@MeasurementDynamite.apk@classes.vdex: File /data/dalvik-cache/x86_64/data@user_de@0@com.google.android.gms@app_chimera@m@00000007@MeasurementDynamite.apk@classes.vdex does not exist.
05-21 16:19:28.636  1548  1563 I artd    : GetBestInfo checking vdex next to the dex file (/data/user_de/0/com.google.android.gms/app_chimera/m/00000007/oat/x86_64/MeasurementDynamite.vdex)
05-21 16:19:28.636  1548  1563 I artd    : unable to open vdex file /data/user_de/0/com.google.android.gms/app_chimera/m/00000007/oat/x86_64/MeasurementDynamite.vdex: File /data/user_de/0/com.google.android.gms/app_chimera/m/00000007/oat/x86_64/MeasurementDynamite.vdex does not exist.
05-21 16:19:28.636  1548  1563 I artd    : OatFileAssistant test for existing oat file /data/user_de/0/com.google.android.gms/app_chimera/m/00000007/oat/x86_64/MeasurementDynamite.vdex: File /data/user_de/0/com.google.android.gms/app_chimera/m/00000007/oat/x86_64/MeasurementDynamite.vdex does not exist.
05-21 16:19:28.636  1548  1563 I artd    : GetBestInfo checking dm (/data/user_de/0/com.google.android.gms/app_chimera/m/00000007/MeasurementDynamite.dm)
05-21 16:19:28.636  1548  1563 W ziparchive: Unable to open '/data/user_de/0/com.google.android.gms/app_chimera/m/00000007/MeasurementDynamite.dm': No such file or directory
05-21 16:19:28.636  1548  1563 I artd    : OatFileAssistant test for existing oat file /data/user_de/0/com.google.android.gms/app_chimera/m/00000007/MeasurementDynamite.dm: I/O error
05-21 16:19:28.636  1548  1563 I artd    : GetBestInfo checking dm (/data/user_de/0/com.google.android.gms/app_chimera/m/00000007/MeasurementDynamite.dm)
05-21 16:19:28.636  1548  1563 W ziparchive: Unable to open '/data/user_de/0/com.google.android.gms/app_chimera/m/00000007/MeasurementDynamite.dm': No such file or directory
05-21 16:19:28.636  1548  1563 I artd    : OatFileAssistant test for existing oat file /data/user_de/0/com.google.android.gms/app_chimera/m/00000007/MeasurementDynamite.dm: I/O error
05-21 16:19:28.636  1548  1563 I artd    : GetBestInfo no usable artifacts
05-21 16:19:29.305  1208  1509 I NullBinder: NullBinder for android.net.action.RECOMMEND_NETWORKS triggering remote TransactionTooLargeException due to Service without Chimera impl, calling uid: 1000, calling pid: 0
05-21 16:19:29.305  1208  1509 W .gms.persistent: Large reply transaction of 1056768 bytes, interface descriptor , code 1
05-21 16:19:29.434  1487  2205 I BugleRcsEngine: handleMessage processing message:[NOTIFY_UPTIME_IGNORE_STATE_CHANGED] with [non-null]:RcsEngineImpl reference [CONTEXT log_prefix="RcsEngineImpl[DUAL_REG]:[fc367e62-fd29]>Handler" thread_id=62 ]
05-21 16:19:29.434  1487  1921 I BugleRcsEngine: Connected state: [1], networkType: [WIFI] [CONTEXT thread_id=57 ]
05-21 16:19:29.501   629   816 W IPCThreadState: Sending oneway calls to frozen process.
05-21 16:19:29.501   629   816 W IPCThreadState: Sending oneway calls to frozen process.
05-21 16:19:29.501   629   816 W IPCThreadState: Sending oneway calls to frozen process.
05-21 16:19:29.506   629   816 W IPCThreadState: Sending oneway calls to frozen process.
05-21 16:19:29.506   629   816 W IPCThreadState: Sending oneway calls to frozen process.
05-21 16:19:29.506   629   816 W IPCThreadState: Sending oneway calls to frozen process.
05-21 16:19:29.507   629   816 W IPCThreadState: Sending oneway calls to frozen process.
05-21 16:19:29.511   629   816 W IPCThreadState: Sending oneway calls to frozen process.
05-21 16:19:29.514   629   816 W IPCThreadState: Sending oneway calls to frozen process.
05-21 16:19:29.514   629   816 W IPCThreadState: Sending oneway calls to frozen process.
05-21 16:19:29.517   629   816 W IPCThreadState: Sending oneway calls to frozen process.
05-21 16:19:29.518   629   816 W IPCThreadState: Sending oneway calls to frozen process.
05-21 16:19:29.522   629   654 W ContentProviderHelper: Slow operation: 77ms so far, now at getContentProviderImpl: after updateOomAdj
05-21 16:19:29.522   629   654 W ContentProviderHelper: Slow operation: 77ms so far, now at getContentProviderImpl: done!
05-21 16:19:29.534 27855 27882 I Icing   : Usage reports ok 2, Failed Usage reports 0, indexed 0, rejected 0
05-21 16:19:29.535  1208  1208 D BoundBrokerSvc: onRebind: Intent { act=com.google.android.gms.common.telemetry.service.START dat=chimera-action:/... cmp=com.google.android.gms/.chimera.PersistentApiService }
05-21 16:19:29.732  1487  2205 I BugleRcsEngine: No RCS Configuration was found in Bugle for simID: redacted-pii:sim_id[chars:20,last3:897] [CONTEXT log_prefix="ProvisioningEngineDataRetriever" thread_id=62 ]
05-21 16:19:29.812 27855 27882 I Icing   : Usage reports ok 0, Failed Usage reports 0, indexed 0, rejected 0
05-21 16:19:29.873  1857  1857 W nonymous.mobile: Weak pointer dereference blocked for 15 milliseconds.
05-21 16:19:29.946  1857  1868 I nonymous.mobile: Background concurrent mark compact GC freed 1216KB AllocSpace bytes, 0(0B) LOS objects, 49% free, 9707KB/18MB, paused 22.202ms,11.301ms total 343.809ms
05-21 16:19:30.016  1857  1866 I nonymous.mobile: Compiler allocated 5174KB to compile void android.view.ViewRootImpl.performTraversals()
05-21 16:19:30.023  1208 32280 I NearbySharing: Network state changed: NetworkState(isRestricted=false, isOnline=true, isCongested=false, isMetered=false, isWifiConnected=true)
05-21 16:19:32.478  1487  1921 I BugleRcsEngine: Connected state: [1], networkType: [WIFI] [CONTEXT thread_id=57 ]
05-21 16:19:32.478  1487  2205 I BugleRcsEngine: handleMessage processing message:[NOTIFY_UPTIME_IGNORE_STATE_CHANGED] with [non-null]:RcsEngineImpl reference [CONTEXT log_prefix="RcsEngineImpl[DUAL_REG]:[fc367e62-fd29]>Handler" thread_id=62 ]
05-21 16:19:32.676   629   816 W IPCThreadState: Sending oneway calls to frozen process.
05-21 16:19:32.676   629   816 W IPCThreadState: Sending oneway calls to frozen process.
05-21 16:19:32.676   629   816 W IPCThreadState: Sending oneway calls to frozen process.
05-21 16:19:32.682   629   816 W IPCThreadState: Sending oneway calls to frozen process.
05-21 16:19:32.702   629   816 W IPCThreadState: Sending oneway calls to frozen process.
05-21 16:19:32.748  1208  3628 I NullBinder: NullBinder for android.net.action.RECOMMEND_NETWORKS triggering remote TransactionTooLargeException due to Service without Chimera impl, calling uid: 1000, calling pid: 0
05-21 16:19:32.748  1208  3628 W .gms.persistent: Large reply transaction of 1056768 bytes, interface descriptor , code 1
05-21 16:19:32.748  1487  2205 I BugleRcsEngine: No RCS Configuration was found in Bugle for simID: redacted-pii:sim_id[chars:20,last3:897] [CONTEXT log_prefix="ProvisioningEngineDataRetriever" thread_id=62 ]
05-21 16:19:32.792   629   816 W IPCThreadState: Sending oneway calls to frozen process.
05-21 16:19:32.803   629   816 W IPCThreadState: Sending oneway calls to frozen process.
05-21 16:19:32.805   629   816 W IPCThreadState: Sending oneway calls to frozen process.
05-21 16:19:32.807   629   816 W IPCThreadState: Sending oneway calls to frozen process.
05-21 16:19:32.807   629   816 W IPCThreadState: Sending oneway calls to frozen process.
05-21 16:19:32.819   629   816 W IPCThreadState: Sending oneway calls to frozen process.
05-21 16:19:32.820   629   816 W IPCThreadState: Sending oneway calls to frozen process.
05-21 16:19:33.208  1208 32280 I NearbySharing: Network state changed: NetworkState(isRestricted=false, isOnline=true, isCongested=false, isMetered=false, isWifiConnected=true)
05-21 16:19:34.585  1208  1208 D BoundBrokerSvc: onUnbind: Intent { act=com.google.android.gms.common.telemetry.service.START dat=chimera-action:/... cmp=com.google.android.gms/.chimera.PersistentApiService }
05-21 16:19:35.613   629   816 W IPCThreadState: Sending oneway calls to frozen process.
05-21 16:19:35.614   629   816 W IPCThreadState: Sending oneway calls to frozen process.
05-21 16:19:35.614   629   816 W IPCThreadState: Sending oneway calls to frozen process.
05-21 16:19:35.615  1487  2205 I BugleRcsEngine: handleMessage processing message:[NOTIFY_UPTIME_IGNORE_STATE_CHANGED] with [non-null]:RcsEngineImpl reference [CONTEXT log_prefix="RcsEngineImpl[DUAL_REG]:[fc367e62-fd29]>Handler" thread_id=62 ]
05-21 16:19:35.652  1487  1921 I BugleRcsEngine: Connected state: [1], networkType: [WIFI] [CONTEXT thread_id=57 ]
05-21 16:19:35.702  1208  3626 I NullBinder: NullBinder for android.net.action.RECOMMEND_NETWORKS triggering remote TransactionTooLargeException due to Service without Chimera impl, calling uid: 1000, calling pid: 0
05-21 16:19:35.703  1208  3626 W .gms.persistent: Large reply transaction of 1056768 bytes, interface descriptor , code 1
05-21 16:19:35.712   629   816 W IPCThreadState: Sending oneway calls to frozen process.
05-21 16:19:35.770  1487  2205 I BugleRcsEngine: No RCS Configuration was found in Bugle for simID: redacted-pii:sim_id[chars:20,last3:897] [CONTEXT log_prefix="ProvisioningEngineDataRetriever" thread_id=62 ]
05-21 16:19:35.804   629   816 W IPCThreadState: Sending oneway calls to frozen process.
05-21 16:19:35.804   629   816 W IPCThreadState: Sending oneway calls to frozen process.
05-21 16:19:35.804   629   816 W IPCThreadState: Sending oneway calls to frozen process.
05-21 16:19:35.804   629   816 W IPCThreadState: Sending oneway calls to frozen process.
05-21 16:19:35.805   629   816 W IPCThreadState: Sending oneway calls to frozen process.
05-21 16:19:35.805   629   816 W IPCThreadState: Sending oneway calls to frozen process.
05-21 16:19:35.805   629   816 W IPCThreadState: Sending oneway calls to frozen process.
05-21 16:19:35.805   629   816 W IPCThreadState: Sending oneway calls to frozen process.
05-21 16:19:35.838  1208  1208 D BoundBrokerSvc: onRebind: Intent { act=com.google.android.gms.common.telemetry.service.START dat=chimera-action:/... cmp=com.google.android.gms/.chimera.PersistentApiService }
05-21 16:19:35.860   629   757 D ActivityManager: freezing 29493 com.google.android.googlequicksearchbox:search
05-21 16:19:36.113  1208 32280 I NearbySharing: Network state changed: NetworkState(isRestricted=false, isOnline=true, isCongested=false, isMetered=false, isWifiConnected=true)
05-21 16:19:37.703  1208  1208 D BoundBrokerSvc: onUnbind: Intent { act=com.google.android.gms.common.telemetry.service.START dat=chimera-action:/... cmp=com.google.android.gms/.chimera.PersistentApiService }
05-21 16:19:38.038  1548  4091 I artd    : Dex parent of /data/app/~~y8zn2wvsWfCugA-HdyLyCA==/com.google.android.gms-23-MwJfSXp3vE5fW6YlIbg==/base.apk is not writable: Permission denied
05-21 16:19:38.038  1548  4091 I artd    : GetBestInfo checking odex in dalvik-cache (/data/dalvik-cache/x86_64/data@app@~~y8zn2wvsWfCugA-HdyLyCA==@com.google.android.gms-23-MwJfSXp3vE5fW6YlIbg==@base.apk@classes.dex)
05-21 16:19:38.039  1548  4091 I artd    : Loading /data/dalvik-cache/x86_64/data@app@~~y8zn2wvsWfCugA-HdyLyCA==@com.google.android.gms-23-MwJfSXp3vE5fW6YlIbg==@base.apk@classes.dex with executable: 0
05-21 16:19:38.039  1548  4091 I artd    : OatFileAssistant test for existing oat file /data/dalvik-cache/x86_64/data@app@~~y8zn2wvsWfCugA-HdyLyCA==@com.google.android.gms-23-MwJfSXp3vE5fW6YlIbg==@base.apk@classes.dex: File /data/dalvik-cache/x86_64/data@app@~~y8zn2wvsWfCugA-HdyLyCA==@com.google.android.gms-23-MwJfSXp3vE5fW6YlIbg==@base.apk@classes.vdex does not exist.
05-21 16:19:38.039  1548  4091 I artd    : GetBestInfo checking odex next to the dex file (/data/app/~~y8zn2wvsWfCugA-HdyLyCA==/com.google.android.gms-23-MwJfSXp3vE5fW6YlIbg==/oat/x86_64/base.odex)
05-21 16:19:38.039  1548  4091 I artd    : Loading /data/app/~~y8zn2wvsWfCugA-HdyLyCA==/com.google.android.gms-23-MwJfSXp3vE5fW6YlIbg==/oat/x86_64/base.odex with executable: 0
05-21 16:19:38.050  1548  4091 I artd    : Successfully loaded /data/app/~~y8zn2wvsWfCugA-HdyLyCA==/com.google.android.gms-23-MwJfSXp3vE5fW6YlIbg==/oat/x86_64/base.odex with executable: 0
05-21 16:19:38.051  1548  4091 I artd    : /data/app/~~y8zn2wvsWfCugA-HdyLyCA==/com.google.android.gms-23-MwJfSXp3vE5fW6YlIbg==/oat/x86_64/base.odex is kOatUpToDate with filter speed-profile
05-21 16:19:38.051  1548  4091 I artd    : Dex parent of /data/app/~~y8zn2wvsWfCugA-HdyLyCA==/com.google.android.gms-23-MwJfSXp3vE5fW6YlIbg==/split_AdsDynamite_installtime.apk is not writable: Permission denied
05-21 16:19:38.052  1548  4091 I artd    : GetBestInfo checking odex in dalvik-cache (/data/dalvik-cache/x86_64/data@app@~~y8zn2wvsWfCugA-HdyLyCA==@com.google.android.gms-23-MwJfSXp3vE5fW6YlIbg==@split_AdsDynamite_installtime.apk@classes.dex)
05-21 16:19:38.052  1548  4091 I artd    : Loading /data/dalvik-cache/x86_64/data@app@~~y8zn2wvsWfCugA-HdyLyCA==@com.google.android.gms-23-MwJfSXp3vE5fW6YlIbg==@split_AdsDynamite_installtime.apk@classes.dex with executable: 0
05-21 16:19:38.052  1548  4091 I artd    : OatFileAssistant test for existing oat file /data/dalvik-cache/x86_64/data@app@~~y8zn2wvsWfCugA-HdyLyCA==@com.google.android.gms-23-MwJfSXp3vE5fW6YlIbg==@split_AdsDynamite_installtime.apk@classes.dex: File /data/dalvik-cache/x86_64/data@app@~~y8zn2wvsWfCugA-HdyLyCA==@com.google.android.gms-23-MwJfSXp3vE5fW6YlIbg==@split_AdsDynamite_installtime.apk@classes.vdex does not exist.
05-21 16:19:38.052  1548  4091 I artd    : GetBestInfo checking odex next to the dex file (/data/app/~~y8zn2wvsWfCugA-HdyLyCA==/com.google.android.gms-23-MwJfSXp3vE5fW6YlIbg==/oat/x86_64/split_AdsDynamite_installtime.odex)
05-21 16:19:38.052  1548  4091 I artd    : Loading /data/app/~~y8zn2wvsWfCugA-HdyLyCA==/com.google.android.gms-23-MwJfSXp3vE5fW6YlIbg==/oat/x86_64/split_AdsDynamite_installtime.odex with executable: 0
05-21 16:19:38.053  1548  4091 I artd    : Successfully loaded /data/app/~~y8zn2wvsWfCugA-HdyLyCA==/com.google.android.gms-23-MwJfSXp3vE5fW6YlIbg==/oat/x86_64/split_AdsDynamite_installtime.odex with executable: 0
05-21 16:19:38.055  1548  4091 I artd    : /data/app/~~y8zn2wvsWfCugA-HdyLyCA==/com.google.android.gms-23-MwJfSXp3vE5fW6YlIbg==/oat/x86_64/split_AdsDynamite_installtime.odex is kOatUpToDate with filter speed
05-21 16:19:38.071  1548  4091 I artd    : Dex parent of /data/app/~~y8zn2wvsWfCugA-HdyLyCA==/com.google.android.gms-23-MwJfSXp3vE5fW6YlIbg==/split_CronetDynamite_installtime.apk is not writable: Permission denied
05-21 16:19:38.071  1548  4091 I artd    : GetBestInfo checking odex in dalvik-cache (/data/dalvik-cache/x86_64/data@app@~~y8zn2wvsWfCugA-HdyLyCA==@com.google.android.gms-23-MwJfSXp3vE5fW6YlIbg==@split_CronetDynamite_installtime.apk@classes.dex)
05-21 16:19:38.071  1548  4091 I artd    : Loading /data/dalvik-cache/x86_64/data@app@~~y8zn2wvsWfCugA-HdyLyCA==@com.google.android.gms-23-MwJfSXp3vE5fW6YlIbg==@split_CronetDynamite_installtime.apk@classes.dex with executable: 0
05-21 16:19:38.071  1548  4091 I artd    : OatFileAssistant test for existing oat file /data/dalvik-cache/x86_64/data@app@~~y8zn2wvsWfCugA-HdyLyCA==@com.google.android.gms-23-MwJfSXp3vE5fW6YlIbg==@split_CronetDynamite_installtime.apk@classes.dex: File /data/dalvik-cache/x86_64/data@app@~~y8zn2wvsWfCugA-HdyLyCA==@com.google.android.gms-23-MwJfSXp3vE5fW6YlIbg==@split_CronetDynamite_installtime.apk@classes.vdex does not exist.
05-21 16:19:38.071  1548  4091 I artd    : GetBestInfo checking odex next to the dex file (/data/app/~~y8zn2wvsWfCugA-HdyLyCA==/com.google.android.gms-23-MwJfSXp3vE5fW6YlIbg==/oat/x86_64/split_CronetDynamite_installtime.odex)
05-21 16:19:38.071  1548  4091 I artd    : Loading /data/app/~~y8zn2wvsWfCugA-HdyLyCA==/com.google.android.gms-23-MwJfSXp3vE5fW6YlIbg==/oat/x86_64/split_CronetDynamite_installtime.odex with executable: 0
05-21 16:19:38.071  1548  4091 I artd    : Successfully loaded /data/app/~~y8zn2wvsWfCugA-HdyLyCA==/com.google.android.gms-23-MwJfSXp3vE5fW6YlIbg==/oat/x86_64/split_CronetDynamite_installtime.odex with executable: 0
05-21 16:19:38.072  1548  4091 I artd    : /data/app/~~y8zn2wvsWfCugA-HdyLyCA==/com.google.android.gms-23-MwJfSXp3vE5fW6YlIbg==/oat/x86_64/split_CronetDynamite_installtime.odex is kOatUpToDate with filter speed-profile
05-21 16:19:38.101  1548  4091 I artd    : Dex parent of /data/app/~~y8zn2wvsWfCugA-HdyLyCA==/com.google.android.gms-23-MwJfSXp3vE5fW6YlIbg==/split_DynamiteLoader_installtime.apk is not writable: Permission denied
05-21 16:19:38.103  1548  4091 I artd    : GetBestInfo checking odex in dalvik-cache (/data/dalvik-cache/x86_64/data@app@~~y8zn2wvsWfCugA-HdyLyCA==@com.google.android.gms-23-MwJfSXp3vE5fW6YlIbg==@split_DynamiteLoader_installtime.apk@classes.dex)
05-21 16:19:38.104  1548  4091 I artd    : Loading /data/dalvik-cache/x86_64/data@app@~~y8zn2wvsWfCugA-HdyLyCA==@com.google.android.gms-23-MwJfSXp3vE5fW6YlIbg==@split_DynamiteLoader_installtime.apk@classes.dex with executable: 0
05-21 16:19:38.104  1548  4091 I artd    : OatFileAssistant test for existing oat file /data/dalvik-cache/x86_64/data@app@~~y8zn2wvsWfCugA-HdyLyCA==@com.google.android.gms-23-MwJfSXp3vE5fW6YlIbg==@split_DynamiteLoader_installtime.apk@classes.dex: File /data/dalvik-cache/x86_64/data@app@~~y8zn2wvsWfCugA-HdyLyCA==@com.google.android.gms-23-MwJfSXp3vE5fW6YlIbg==@split_DynamiteLoader_installtime.apk@classes.vdex does not exist.
05-21 16:19:38.104  1548  4091 I artd    : GetBestInfo checking odex next to the dex file (/data/app/~~y8zn2wvsWfCugA-HdyLyCA==/com.google.android.gms-23-MwJfSXp3vE5fW6YlIbg==/oat/x86_64/split_DynamiteLoader_installtime.odex)
05-21 16:19:38.104  1548  4091 I artd    : Loading /data/app/~~y8zn2wvsWfCugA-HdyLyCA==/com.google.android.gms-23-MwJfSXp3vE5fW6YlIbg==/oat/x86_64/split_DynamiteLoader_installtime.odex with executable: 0
05-21 16:19:38.104  1548  4091 I artd    : Successfully loaded /data/app/~~y8zn2wvsWfCugA-HdyLyCA==/com.google.android.gms-23-MwJfSXp3vE5fW6YlIbg==/oat/x86_64/split_DynamiteLoader_installtime.odex with executable: 0
05-21 16:19:38.104  1548  4091 I artd    : /data/app/~~y8zn2wvsWfCugA-HdyLyCA==/com.google.android.gms-23-MwJfSXp3vE5fW6YlIbg==/oat/x86_64/split_DynamiteLoader_installtime.odex is kOatUpToDate with filter speed
05-21 16:19:38.127  1548  4091 I artd    : Dex parent of /data/app/~~y8zn2wvsWfCugA-HdyLyCA==/com.google.android.gms-23-MwJfSXp3vE5fW6YlIbg==/split_DynamiteModulesA_installtime.apk is not writable: Permission denied
05-21 16:19:38.127  1548  4091 I artd    : GetBestInfo checking odex in dalvik-cache (/data/dalvik-cache/x86_64/data@app@~~y8zn2wvsWfCugA-HdyLyCA==@com.google.android.gms-23-MwJfSXp3vE5fW6YlIbg==@split_DynamiteModulesA_installtime.apk@classes.dex)
05-21 16:19:38.127  1548  4091 I artd    : Loading /data/dalvik-cache/x86_64/data@app@~~y8zn2wvsWfCugA-HdyLyCA==@com.google.android.gms-23-MwJfSXp3vE5fW6YlIbg==@split_DynamiteModulesA_installtime.apk@classes.dex with executable: 0
05-21 16:19:38.127  1548  4091 I artd    : OatFileAssistant test for existing oat file /data/dalvik-cache/x86_64/data@app@~~y8zn2wvsWfCugA-HdyLyCA==@com.google.android.gms-23-MwJfSXp3vE5fW6YlIbg==@split_DynamiteModulesA_installtime.apk@classes.dex: File /data/dalvik-cache/x86_64/data@app@~~y8zn2wvsWfCugA-HdyLyCA==@com.google.android.gms-23-MwJfSXp3vE5fW6YlIbg==@split_DynamiteModulesA_installtime.apk@classes.vdex does not exist.
05-21 16:19:38.127  1548  4091 I artd    : GetBestInfo checking odex next to the dex file (/data/app/~~y8zn2wvsWfCugA-HdyLyCA==/com.google.android.gms-23-MwJfSXp3vE5fW6YlIbg==/oat/x86_64/split_DynamiteModulesA_installtime.odex)
05-21 16:19:38.127  1548  4091 I artd    : Loading /data/app/~~y8zn2wvsWfCugA-HdyLyCA==/com.google.android.gms-23-MwJfSXp3vE5fW6YlIbg==/oat/x86_64/split_DynamiteModulesA_installtime.odex with executable: 0
05-21 16:19:38.144  1548  4091 I artd    : Successfully loaded /data/app/~~y8zn2wvsWfCugA-HdyLyCA==/com.google.android.gms-23-MwJfSXp3vE5fW6YlIbg==/oat/x86_64/split_DynamiteModulesA_installtime.odex with executable: 0
05-21 16:19:38.146  1548  4091 I artd    : /data/app/~~y8zn2wvsWfCugA-HdyLyCA==/com.google.android.gms-23-MwJfSXp3vE5fW6YlIbg==/oat/x86_64/split_DynamiteModulesA_installtime.odex is kOatUpToDate with filter speed
05-21 16:19:38.158  1548  4091 I artd    : Dex parent of /data/app/~~y8zn2wvsWfCugA-HdyLyCA==/com.google.android.gms-23-MwJfSXp3vE5fW6YlIbg==/split_DynamiteModulesC_installtime.apk is not writable: Permission denied
05-21 16:19:38.158  1548  4091 I artd    : GetBestInfo checking odex in dalvik-cache (/data/dalvik-cache/x86_64/data@app@~~y8zn2wvsWfCugA-HdyLyCA==@com.google.android.gms-23-MwJfSXp3vE5fW6YlIbg==@split_DynamiteModulesC_installtime.apk@classes.dex)
05-21 16:19:38.158  1548  4091 I artd    : Loading /data/dalvik-cache/x86_64/data@app@~~y8zn2wvsWfCugA-HdyLyCA==@com.google.android.gms-23-MwJfSXp3vE5fW6YlIbg==@split_DynamiteModulesC_installtime.apk@classes.dex with executable: 0
05-21 16:19:38.159  1548  4091 I artd    : OatFileAssistant test for existing oat file /data/dalvik-cache/x86_64/data@app@~~y8zn2wvsWfCugA-HdyLyCA==@com.google.android.gms-23-MwJfSXp3vE5fW6YlIbg==@split_DynamiteModulesC_installtime.apk@classes.dex: File /data/dalvik-cache/x86_64/data@app@~~y8zn2wvsWfCugA-HdyLyCA==@com.google.android.gms-23-MwJfSXp3vE5fW6YlIbg==@split_DynamiteModulesC_installtime.apk@classes.vdex does not exist.
05-21 16:19:38.159  1548  4091 I artd    : GetBestInfo checking odex next to the dex file (/data/app/~~y8zn2wvsWfCugA-HdyLyCA==/com.google.android.gms-23-MwJfSXp3vE5fW6YlIbg==/oat/x86_64/split_DynamiteModulesC_installtime.odex)
05-21 16:19:38.159  1548  4091 I artd    : Loading /data/app/~~y8zn2wvsWfCugA-HdyLyCA==/com.google.android.gms-23-MwJfSXp3vE5fW6YlIbg==/oat/x86_64/split_DynamiteModulesC_installtime.odex with executable: 0
05-21 16:19:38.159  1548  4091 I artd    : Successfully loaded /data/app/~~y8zn2wvsWfCugA-HdyLyCA==/com.google.android.gms-23-MwJfSXp3vE5fW6YlIbg==/oat/x86_64/split_DynamiteModulesC_installtime.odex with executable: 0
05-21 16:19:38.159  1548  4091 I artd    : /data/app/~~y8zn2wvsWfCugA-HdyLyCA==/com.google.android.gms-23-MwJfSXp3vE5fW6YlIbg==/oat/x86_64/split_DynamiteModulesC_installtime.odex is kOatUpToDate with filter speed
05-21 16:19:38.169  1548  4091 I artd    : Dex parent of /data/app/~~y8zn2wvsWfCugA-HdyLyCA==/com.google.android.gms-23-MwJfSXp3vE5fW6YlIbg==/split_GoogleCertificates_installtime.apk is not writable: Permission denied
05-21 16:19:38.170  1548  4091 I artd    : GetBestInfo checking odex in dalvik-cache (/data/dalvik-cache/x86_64/data@app@~~y8zn2wvsWfCugA-HdyLyCA==@com.google.android.gms-23-MwJfSXp3vE5fW6YlIbg==@split_GoogleCertificates_installtime.apk@classes.dex)
05-21 16:19:38.170  1548  4091 I artd    : Loading /data/dalvik-cache/x86_64/data@app@~~y8zn2wvsWfCugA-HdyLyCA==@com.google.android.gms-23-MwJfSXp3vE5fW6YlIbg==@split_GoogleCertificates_installtime.apk@classes.dex with executable: 0
05-21 16:19:38.170  1548  4091 I artd    : OatFileAssistant test for existing oat file /data/dalvik-cache/x86_64/data@app@~~y8zn2wvsWfCugA-HdyLyCA==@com.google.android.gms-23-MwJfSXp3vE5fW6YlIbg==@split_GoogleCertificates_installtime.apk@classes.dex: File /data/dalvik-cache/x86_64/data@app@~~y8zn2wvsWfCugA-HdyLyCA==@com.google.android.gms-23-MwJfSXp3vE5fW6YlIbg==@split_GoogleCertificates_installtime.apk@classes.vdex does not exist.
05-21 16:19:38.170  1548  4091 I artd    : GetBestInfo checking odex next to the dex file (/data/app/~~y8zn2wvsWfCugA-HdyLyCA==/com.google.android.gms-23-MwJfSXp3vE5fW6YlIbg==/oat/x86_64/split_GoogleCertificates_installtime.odex)
05-21 16:19:38.170  1548  4091 I artd    : Loading /data/app/~~y8zn2wvsWfCugA-HdyLyCA==/com.google.android.gms-23-MwJfSXp3vE5fW6YlIbg==/oat/x86_64/split_GoogleCertificates_installtime.odex with executable: 0
05-21 16:19:38.170  1548  4091 I artd    : Successfully loaded /data/app/~~y8zn2wvsWfCugA-HdyLyCA==/com.google.android.gms-23-MwJfSXp3vE5fW6YlIbg==/oat/x86_64/split_GoogleCertificates_installtime.odex with executable: 0
05-21 16:19:38.170  1548  4091 I artd    : /data/app/~~y8zn2wvsWfCugA-HdyLyCA==/com.google.android.gms-23-MwJfSXp3vE5fW6YlIbg==/oat/x86_64/split_GoogleCertificates_installtime.odex is kOatUpToDate with filter speed
05-21 16:19:38.178  1548  4091 I artd    : Dex parent of /data/app/~~y8zn2wvsWfCugA-HdyLyCA==/com.google.android.gms-23-MwJfSXp3vE5fW6YlIbg==/split_MapsDynamite_installtime.apk is not writable: Permission denied
05-21 16:19:38.178  1548  4091 I artd    : GetBestInfo checking odex in dalvik-cache (/data/dalvik-cache/x86_64/data@app@~~y8zn2wvsWfCugA-HdyLyCA==@com.google.android.gms-23-MwJfSXp3vE5fW6YlIbg==@split_MapsDynamite_installtime.apk@classes.dex)
05-21 16:19:38.178  1548  4091 I artd    : Loading /data/dalvik-cache/x86_64/data@app@~~y8zn2wvsWfCugA-HdyLyCA==@com.google.android.gms-23-MwJfSXp3vE5fW6YlIbg==@split_MapsDynamite_installtime.apk@classes.dex with executable: 0
05-21 16:19:38.178  1548  4091 I artd    : OatFileAssistant test for existing oat file /data/dalvik-cache/x86_64/data@app@~~y8zn2wvsWfCugA-HdyLyCA==@com.google.android.gms-23-MwJfSXp3vE5fW6YlIbg==@split_MapsDynamite_installtime.apk@classes.dex: File /data/dalvik-cache/x86_64/data@app@~~y8zn2wvsWfCugA-HdyLyCA==@com.google.android.gms-23-MwJfSXp3vE5fW6YlIbg==@split_MapsDynamite_installtime.apk@classes.vdex does not exist.
05-21 16:19:38.178  1548  4091 I artd    : GetBestInfo checking odex next to the dex file (/data/app/~~y8zn2wvsWfCugA-HdyLyCA==/com.google.android.gms-23-MwJfSXp3vE5fW6YlIbg==/oat/x86_64/split_MapsDynamite_installtime.odex)
05-21 16:19:38.178  1548  4091 I artd    : Loading /data/app/~~y8zn2wvsWfCugA-HdyLyCA==/com.google.android.gms-23-MwJfSXp3vE5fW6YlIbg==/oat/x86_64/split_MapsDynamite_installtime.odex with executable: 0
05-21 16:19:38.182  1548  4091 I artd    : Successfully loaded /data/app/~~y8zn2wvsWfCugA-HdyLyCA==/com.google.android.gms-23-MwJfSXp3vE5fW6YlIbg==/oat/x86_64/split_MapsDynamite_installtime.odex with executable: 0
05-21 16:19:38.183  1548  4091 I artd    : /data/app/~~y8zn2wvsWfCugA-HdyLyCA==/com.google.android.gms-23-MwJfSXp3vE5fW6YlIbg==/oat/x86_64/split_MapsDynamite_installtime.odex is kOatUpToDate with filter speed
05-21 16:19:38.217  1548  1563 I artd    : Dex parent of /data/app/~~y8zn2wvsWfCugA-HdyLyCA==/com.google.android.gms-23-MwJfSXp3vE5fW6YlIbg==/split_MeasurementDynamite_installtime.apk is not writable: Permission denied
05-21 16:19:38.217  1548  1563 I artd    : GetBestInfo checking odex in dalvik-cache (/data/dalvik-cache/x86_64/data@app@~~y8zn2wvsWfCugA-HdyLyCA==@com.google.android.gms-23-MwJfSXp3vE5fW6YlIbg==@split_MeasurementDynamite_installtime.apk@classes.dex)
05-21 16:19:38.218  1548  1563 I artd    : Loading /data/dalvik-cache/x86_64/data@app@~~y8zn2wvsWfCugA-HdyLyCA==@com.google.android.gms-23-MwJfSXp3vE5fW6YlIbg==@split_MeasurementDynamite_installtime.apk@classes.dex with executable: 0
05-21 16:19:38.218  1548  1563 I artd    : OatFileAssistant test for existing oat file /data/dalvik-cache/x86_64/data@app@~~y8zn2wvsWfCugA-HdyLyCA==@com.google.android.gms-23-MwJfSXp3vE5fW6YlIbg==@split_MeasurementDynamite_installtime.apk@classes.dex: File /data/dalvik-cache/x86_64/data@app@~~y8zn2wvsWfCugA-HdyLyCA==@com.google.android.gms-23-MwJfSXp3vE5fW6YlIbg==@split_MeasurementDynamite_installtime.apk@classes.vdex does not exist.
05-21 16:19:38.218  1548  1563 I artd    : GetBestInfo checking odex next to the dex file (/data/app/~~y8zn2wvsWfCugA-HdyLyCA==/com.google.android.gms-23-MwJfSXp3vE5fW6YlIbg==/oat/x86_64/split_MeasurementDynamite_installtime.odex)
05-21 16:19:38.218  1548  1563 I artd    : Loading /data/app/~~y8zn2wvsWfCugA-HdyLyCA==/com.google.android.gms-23-MwJfSXp3vE5fW6YlIbg==/oat/x86_64/split_MeasurementDynamite_installtime.odex with executable: 0
05-21 16:19:38.225  1548  1563 I artd    : Successfully loaded /data/app/~~y8zn2wvsWfCugA-HdyLyCA==/com.google.android.gms-23-MwJfSXp3vE5fW6YlIbg==/oat/x86_64/split_MeasurementDynamite_installtime.odex with executable: 0
05-21 16:19:38.227  1548  1563 I artd    : /data/app/~~y8zn2wvsWfCugA-HdyLyCA==/com.google.android.gms-23-MwJfSXp3vE5fW6YlIbg==/oat/x86_64/split_MeasurementDynamite_installtime.odex is kOatUpToDate with filter speed
05-21 16:19:38.230  1548  1563 I artd    : Dex parent of /data/app/~~y8zn2wvsWfCugA-HdyLyCA==/com.google.android.gms-23-MwJfSXp3vE5fW6YlIbg==/split_all_locale_splits.apk is not writable: Permission denied
05-21 16:19:38.232  1548  1563 I artd    : GetBestInfo checking odex in dalvik-cache (/data/dalvik-cache/x86_64/data@app@~~y8zn2wvsWfCugA-HdyLyCA==@com.google.android.gms-23-MwJfSXp3vE5fW6YlIbg==@split_all_locale_splits.apk@classes.dex)
05-21 16:19:38.232  1548  1563 I artd    : Loading /data/dalvik-cache/x86_64/data@app@~~y8zn2wvsWfCugA-HdyLyCA==@com.google.android.gms-23-MwJfSXp3vE5fW6YlIbg==@split_all_locale_splits.apk@classes.dex with executable: 0
05-21 16:19:38.232  1548  1563 I artd    : OatFileAssistant test for existing oat file /data/dalvik-cache/x86_64/data@app@~~y8zn2wvsWfCugA-HdyLyCA==@com.google.android.gms-23-MwJfSXp3vE5fW6YlIbg==@split_all_locale_splits.apk@classes.dex: File /data/dalvik-cache/x86_64/data@app@~~y8zn2wvsWfCugA-HdyLyCA==@com.google.android.gms-23-MwJfSXp3vE5fW6YlIbg==@split_all_locale_splits.apk@classes.vdex does not exist.
05-21 16:19:38.232  1548  1563 I artd    : GetBestInfo checking odex next to the dex file (/data/app/~~y8zn2wvsWfCugA-HdyLyCA==/com.google.android.gms-23-MwJfSXp3vE5fW6YlIbg==/oat/x86_64/split_all_locale_splits.odex)
05-21 16:19:38.238  1548  1563 I artd    : Loading /data/app/~~y8zn2wvsWfCugA-HdyLyCA==/com.google.android.gms-23-MwJfSXp3vE5fW6YlIbg==/oat/x86_64/split_all_locale_splits.odex with executable: 0
05-21 16:19:38.238  1548  1563 I artd    : Successfully loaded /data/app/~~y8zn2wvsWfCugA-HdyLyCA==/com.google.android.gms-23-MwJfSXp3vE5fW6YlIbg==/oat/x86_64/split_all_locale_splits.odex with executable: 0
05-21 16:19:38.238  1548  1563 I artd    : /data/app/~~y8zn2wvsWfCugA-HdyLyCA==/com.google.android.gms-23-MwJfSXp3vE5fW6YlIbg==/oat/x86_64/split_all_locale_splits.odex is kOatUpToDate with filter speed
05-21 16:19:38.256  1548  1563 I artd    : Dex parent of /data/app/~~y8zn2wvsWfCugA-HdyLyCA==/com.google.android.gms-23-MwJfSXp3vE5fW6YlIbg==/split_maps_core_dynamite_ondemand.apk is not writable: Permission denied
05-21 16:19:38.256  1548  1563 I artd    : GetBestInfo checking odex in dalvik-cache (/data/dalvik-cache/x86_64/data@app@~~y8zn2wvsWfCugA-HdyLyCA==@com.google.android.gms-23-MwJfSXp3vE5fW6YlIbg==@split_maps_core_dynamite_ondemand.apk@classes.dex)
05-21 16:19:38.256  1548  1563 I artd    : Loading /data/dalvik-cache/x86_64/data@app@~~y8zn2wvsWfCugA-HdyLyCA==@com.google.android.gms-23-MwJfSXp3vE5fW6YlIbg==@split_maps_core_dynamite_ondemand.apk@classes.dex with executable: 0
05-21 16:19:38.256  1548  1563 I artd    : OatFileAssistant test for existing oat file /data/dalvik-cache/x86_64/data@app@~~y8zn2wvsWfCugA-HdyLyCA==@com.google.android.gms-23-MwJfSXp3vE5fW6YlIbg==@split_maps_core_dynamite_ondemand.apk@classes.dex: File /data/dalvik-cache/x86_64/data@app@~~y8zn2wvsWfCugA-HdyLyCA==@com.google.android.gms-23-MwJfSXp3vE5fW6YlIbg==@split_maps_core_dynamite_ondemand.apk@classes.vdex does not exist.
05-21 16:19:38.256  1548  1563 I artd    : GetBestInfo checking odex next to the dex file (/data/app/~~y8zn2wvsWfCugA-HdyLyCA==/com.google.android.gms-23-MwJfSXp3vE5fW6YlIbg==/oat/x86_64/split_maps_core_dynamite_ondemand.odex)
05-21 16:19:38.256  1548  1563 I artd    : Loading /data/app/~~y8zn2wvsWfCugA-HdyLyCA==/com.google.android.gms-23-MwJfSXp3vE5fW6YlIbg==/oat/x86_64/split_maps_core_dynamite_ondemand.odex with executable: 0
05-21 16:19:38.256  1548  1563 I artd    : OatFileAssistant test for existing oat file /data/app/~~y8zn2wvsWfCugA-HdyLyCA==/com.google.android.gms-23-MwJfSXp3vE5fW6YlIbg==/oat/x86_64/split_maps_core_dynamite_ondemand.odex: File /data/app/~~y8zn2wvsWfCugA-HdyLyCA==/com.google.android.gms-23-MwJfSXp3vE5fW6YlIbg==/oat/x86_64/split_maps_core_dynamite_ondemand.vdex does not exist.
05-21 16:19:38.256  1548  1563 I artd    : GetBestInfo checking vdex in dalvik-cache (/data/dalvik-cache/x86_64/data@app@~~y8zn2wvsWfCugA-HdyLyCA==@com.google.android.gms-23-MwJfSXp3vE5fW6YlIbg==@split_maps_core_dynamite_ondemand.apk@classes.vdex)
05-21 16:19:38.256  1548  1563 I artd    : unable to open vdex file /data/dalvik-cache/x86_64/data@app@~~y8zn2wvsWfCugA-HdyLyCA==@com.google.android.gms-23-MwJfSXp3vE5fW6YlIbg==@split_maps_core_dynamite_ondemand.apk@classes.vdex: File /data/dalvik-cache/x86_64/data@app@~~y8zn2wvsWfCugA-HdyLyCA==@com.google.android.gms-23-MwJfSXp3vE5fW6YlIbg==@split_maps_core_dynamite_ondemand.apk@classes.vdex does not exist.
05-21 16:19:38.256  1548  1563 I artd    : OatFileAssistant test for existing oat file /data/dalvik-cache/x86_64/data@app@~~y8zn2wvsWfCugA-HdyLyCA==@com.google.android.gms-23-MwJfSXp3vE5fW6YlIbg==@split_maps_core_dynamite_ondemand.apk@classes.vdex: File /data/dalvik-cache/x86_64/data@app@~~y8zn2wvsWfCugA-HdyLyCA==@com.google.android.gms-23-MwJfSXp3vE5fW6YlIbg==@split_maps_core_dynamite_ondemand.apk@classes.vdex does not exist.
05-21 16:19:38.256  1548  1563 I artd    : GetBestInfo checking vdex next to the dex file (/data/app/~~y8zn2wvsWfCugA-HdyLyCA==/com.google.android.gms-23-MwJfSXp3vE5fW6YlIbg==/oat/x86_64/split_maps_core_dynamite_ondemand.vdex)
05-21 16:19:38.256  1548  1563 I artd    : unable to open vdex file /data/app/~~y8zn2wvsWfCugA-HdyLyCA==/com.google.android.gms-23-MwJfSXp3vE5fW6YlIbg==/oat/x86_64/split_maps_core_dynamite_ondemand.vdex: File /data/app/~~y8zn2wvsWfCugA-HdyLyCA==/com.google.android.gms-23-MwJfSXp3vE5fW6YlIbg==/oat/x86_64/split_maps_core_dynamite_ondemand.vdex does not exist.
05-21 16:19:38.256  1548  1563 I artd    : OatFileAssistant test for existing oat file /data/app/~~y8zn2wvsWfCugA-HdyLyCA==/com.google.android.gms-23-MwJfSXp3vE5fW6YlIbg==/oat/x86_64/split_maps_core_dynamite_ondemand.vdex: File /data/app/~~y8zn2wvsWfCugA-HdyLyCA==/com.google.android.gms-23-MwJfSXp3vE5fW6YlIbg==/oat/x86_64/split_maps_core_dynamite_ondemand.vdex does not exist.
05-21 16:19:38.256  1548  1563 I artd    : GetBestInfo checking dm (/data/app/~~y8zn2wvsWfCugA-HdyLyCA==/com.google.android.gms-23-MwJfSXp3vE5fW6YlIbg==/split_maps_core_dynamite_ondemand.dm)
05-21 16:19:38.256  1548  1563 W ziparchive: Unable to open '/data/app/~~y8zn2wvsWfCugA-HdyLyCA==/com.google.android.gms-23-MwJfSXp3vE5fW6YlIbg==/split_maps_core_dynamite_ondemand.dm': No such file or directory
05-21 16:19:38.256  1548  1563 I artd    : OatFileAssistant test for existing oat file /data/app/~~y8zn2wvsWfCugA-HdyLyCA==/com.google.android.gms-23-MwJfSXp3vE5fW6YlIbg==/split_maps_core_dynamite_ondemand.dm: I/O error
05-21 16:19:38.256  1548  1563 I artd    : GetBestInfo checking dm (/data/app/~~y8zn2wvsWfCugA-HdyLyCA==/com.google.android.gms-23-MwJfSXp3vE5fW6YlIbg==/split_maps_core_dynamite_ondemand.dm)
05-21 16:19:38.256  1548  1563 W ziparchive: Unable to open '/data/app/~~y8zn2wvsWfCugA-HdyLyCA==/com.google.android.gms-23-MwJfSXp3vE5fW6YlIbg==/split_maps_core_dynamite_ondemand.dm': No such file or directory
05-21 16:19:38.256  1548  1563 I artd    : OatFileAssistant test for existing oat file /data/app/~~y8zn2wvsWfCugA-HdyLyCA==/com.google.android.gms-23-MwJfSXp3vE5fW6YlIbg==/split_maps_core_dynamite_ondemand.dm: I/O error
05-21 16:19:38.256  1548  1563 I artd    : GetBestInfo no usable artifacts
05-21 16:19:38.279  1548  1563 W artd    : Could not get dex checksums for location /data/app/~~e4OF3ClCeXsUahOqgigWDw==/com.google.android.gms-z9f_Jzcq5nyJoV_fxhEWZg==/base.apk, fd=-1
05-21 16:19:38.280  1548  1563 I artd    : Dex parent of /data/user_de/0/com.google.android.gms/app_chimera/m/00000002/DynamiteLoader.uncompressed.apk is not writable: No such file or directory
05-21 16:19:38.280  1548  1563 I artd    : GetBestInfo checking odex in dalvik-cache (/data/dalvik-cache/x86_64/data@user_de@0@com.google.android.gms@app_chimera@m@00000002@DynamiteLoader.uncompressed.apk@classes.dex)
05-21 16:19:38.280  1548  1563 I artd    : Loading /data/dalvik-cache/x86_64/data@user_de@0@com.google.android.gms@app_chimera@m@00000002@DynamiteLoader.uncompressed.apk@classes.dex with executable: 0
