05-21 16:19:38.281  1548  1563 I artd    : OatFileAssistant test for existing oat file /data/dalvik-cache/x86_64/data@user_de@0@com.google.android.gms@app_chimera@m@00000002@DynamiteLoader.uncompressed.apk@classes.dex: File /data/dalvik-cache/x86_64/data@user_de@0@com.google.android.gms@app_chimera@m@00000002@DynamiteLoader.uncompressed.apk@classes.vdex does not exist.
05-21 16:19:38.282  1548  1563 I artd    : GetBestInfo checking odex next to the dex file (/data/user_de/0/com.google.android.gms/app_chimera/m/00000002/oat/x86_64/DynamiteLoader.uncompressed.odex)
05-21 16:19:38.305  1548  1563 I artd    : Loading /data/user_de/0/com.google.android.gms/app_chimera/m/00000002/oat/x86_64/DynamiteLoader.uncompressed.odex with executable: 0
05-21 16:19:38.305  1548  1563 I artd    : OatFileAssistant test for existing oat file /data/user_de/0/com.google.android.gms/app_chimera/m/00000002/oat/x86_64/DynamiteLoader.uncompressed.odex: File /data/user_de/0/com.google.android.gms/app_chimera/m/00000002/oat/x86_64/DynamiteLoader.uncompressed.vdex does not exist.
05-21 16:19:38.305  1548  1563 I artd    : GetBestInfo checking vdex in dalvik-cache (/data/dalvik-cache/x86_64/data@user_de@0@com.google.android.gms@app_chimera@m@00000002@DynamiteLoader.uncompressed.apk@classes.vdex)
05-21 16:19:38.305  1548  1563 I artd    : unable to open vdex file /data/dalvik-cache/x86_64/data@user_de@0@com.google.android.gms@app_chimera@m@00000002@DynamiteLoader.uncompressed.apk@classes.vdex: File /data/dalvik-cache/x86_64/data@user_de@0@com.google.android.gms@app_chimera@m@00000002@DynamiteLoader.uncompressed.apk@classes.vdex does not exist.
05-21 16:19:38.305  1548  1563 I artd    : OatFileAssistant test for existing oat file /data/dalvik-cache/x86_64/data@user_de@0@com.google.android.gms@app_chimera@m@00000002@DynamiteLoader.uncompressed.apk@classes.vdex: File /data/dalvik-cache/x86_64/data@user_de@0@com.google.android.gms@app_chimera@m@00000002@DynamiteLoader.uncompressed.apk@classes.vdex does not exist.
05-21 16:19:38.305  1548  1563 I artd    : GetBestInfo checking vdex next to the dex file (/data/user_de/0/com.google.android.gms/app_chimera/m/00000002/oat/x86_64/DynamiteLoader.uncompressed.vdex)
05-21 16:19:38.305  1548  1563 I artd    : unable to open vdex file /data/user_de/0/com.google.android.gms/app_chimera/m/00000002/oat/x86_64/DynamiteLoader.uncompressed.vdex: File /data/user_de/0/com.google.android.gms/app_chimera/m/00000002/oat/x86_64/DynamiteLoader.uncompressed.vdex does not exist.
05-21 16:19:38.305  1548  1563 I artd    : OatFileAssistant test for existing oat file /data/user_de/0/com.google.android.gms/app_chimera/m/00000002/oat/x86_64/DynamiteLoader.uncompressed.vdex: File /data/user_de/0/com.google.android.gms/app_chimera/m/00000002/oat/x86_64/DynamiteLoader.uncompressed.vdex does not exist.
05-21 16:19:38.305  1548  1563 I artd    : GetBestInfo checking dm (/data/user_de/0/com.google.android.gms/app_chimera/m/00000002/DynamiteLoader.uncompressed.dm)
05-21 16:19:38.305  1548  1563 W ziparchive: Unable to open '/data/user_de/0/com.google.android.gms/app_chimera/m/00000002/DynamiteLoader.uncompressed.dm': No such file or directory
05-21 16:19:38.305  1548  1563 I artd    : OatFileAssistant test for existing oat file /data/user_de/0/com.google.android.gms/app_chimera/m/00000002/DynamiteLoader.uncompressed.dm: I/O error
05-21 16:19:38.306  1548  1563 I artd    : GetBestInfo checking dm (/data/user_de/0/com.google.android.gms/app_chimera/m/00000002/DynamiteLoader.uncompressed.dm)
05-21 16:19:38.306  1548  1563 W ziparchive: Unable to open '/data/user_de/0/com.google.android.gms/app_chimera/m/00000002/DynamiteLoader.uncompressed.dm': No such file or directory
05-21 16:19:38.306  1548  1563 I artd    : OatFileAssistant test for existing oat file /data/user_de/0/com.google.android.gms/app_chimera/m/00000002/DynamiteLoader.uncompressed.dm: I/O error
05-21 16:19:38.306  1548  1563 I artd    : GetBestInfo no usable artifacts
05-21 16:19:38.332  1548  1563 W artd    : Could not get dex checksums for location /data/app/~~e4OF3ClCeXsUahOqgigWDw==/com.google.android.gms-z9f_Jzcq5nyJoV_fxhEWZg==/base.apk, fd=-1
05-21 16:19:38.350  1548  1563 I artd    : Dex parent of /data/user_de/0/com.google.android.gms/app_chimera/m/00000005/GoogleCertificates.apk is not writable: No such file or directory
05-21 16:19:38.357  1548  1563 I artd    : GetBestInfo checking odex in dalvik-cache (/data/dalvik-cache/x86_64/data@user_de@0@com.google.android.gms@app_chimera@m@00000005@GoogleCertificates.apk@classes.dex)
05-21 16:19:38.360  1548  1563 I artd    : Loading /data/dalvik-cache/x86_64/data@user_de@0@com.google.android.gms@app_chimera@m@00000005@GoogleCertificates.apk@classes.dex with executable: 0
05-21 16:19:38.373  1548  1563 I artd    : OatFileAssistant test for existing oat file /data/dalvik-cache/x86_64/data@user_de@0@com.google.android.gms@app_chimera@m@00000005@GoogleCertificates.apk@classes.dex: File /data/dalvik-cache/x86_64/data@user_de@0@com.google.android.gms@app_chimera@m@00000005@GoogleCertificates.apk@classes.vdex does not exist.
05-21 16:19:38.386  1548  1563 I artd    : GetBestInfo checking odex next to the dex file (/data/user_de/0/com.google.android.gms/app_chimera/m/00000005/oat/x86_64/GoogleCertificates.odex)
05-21 16:19:38.391  1548  1563 I artd    : Loading /data/user_de/0/com.google.android.gms/app_chimera/m/00000005/oat/x86_64/GoogleCertificates.odex with executable: 0
05-21 16:19:38.391  1548  1563 I artd    : OatFileAssistant test for existing oat file /data/user_de/0/com.google.android.gms/app_chimera/m/00000005/oat/x86_64/GoogleCertificates.odex: File /data/user_de/0/com.google.android.gms/app_chimera/m/00000005/oat/x86_64/GoogleCertificates.vdex does not exist.
05-21 16:19:38.391  1548  1563 I artd    : GetBestInfo checking vdex in dalvik-cache (/data/dalvik-cache/x86_64/data@user_de@0@com.google.android.gms@app_chimera@m@00000005@GoogleCertificates.apk@classes.vdex)
05-21 16:19:38.395  1548  1563 I artd    : unable to open vdex file /data/dalvik-cache/x86_64/data@user_de@0@com.google.android.gms@app_chimera@m@00000005@GoogleCertificates.apk@classes.vdex: File /data/dalvik-cache/x86_64/data@user_de@0@com.google.android.gms@app_chimera@m@00000005@GoogleCertificates.apk@classes.vdex does not exist.
05-21 16:19:38.397  1548  1563 I artd    : OatFileAssistant test for existing oat file /data/dalvik-cache/x86_64/data@user_de@0@com.google.android.gms@app_chimera@m@00000005@GoogleCertificates.apk@classes.vdex: File /data/dalvik-cache/x86_64/data@user_de@0@com.google.android.gms@app_chimera@m@00000005@GoogleCertificates.apk@classes.vdex does not exist.
05-21 16:19:38.397  1548  1563 I artd    : GetBestInfo checking vdex next to the dex file (/data/user_de/0/com.google.android.gms/app_chimera/m/00000005/oat/x86_64/GoogleCertificates.vdex)
05-21 16:19:38.397  1548  1563 I artd    : unable to open vdex file /data/user_de/0/com.google.android.gms/app_chimera/m/00000005/oat/x86_64/GoogleCertificates.vdex: File /data/user_de/0/com.google.android.gms/app_chimera/m/00000005/oat/x86_64/GoogleCertificates.vdex does not exist.
05-21 16:19:38.397  1548  1563 I artd    : OatFileAssistant test for existing oat file /data/user_de/0/com.google.android.gms/app_chimera/m/00000005/oat/x86_64/GoogleCertificates.vdex: File /data/user_de/0/com.google.android.gms/app_chimera/m/00000005/oat/x86_64/GoogleCertificates.vdex does not exist.
05-21 16:19:38.397  1548  1563 I artd    : GetBestInfo checking dm (/data/user_de/0/com.google.android.gms/app_chimera/m/00000005/GoogleCertificates.dm)
05-21 16:19:38.397  1548  1563 W ziparchive: Unable to open '/data/user_de/0/com.google.android.gms/app_chimera/m/00000005/GoogleCertificates.dm': No such file or directory
05-21 16:19:38.397  1548  1563 I artd    : OatFileAssistant test for existing oat file /data/user_de/0/com.google.android.gms/app_chimera/m/00000005/GoogleCertificates.dm: I/O error
05-21 16:19:38.397  1548  1563 I artd    : GetBestInfo checking dm (/data/user_de/0/com.google.android.gms/app_chimera/m/00000005/GoogleCertificates.dm)
05-21 16:19:38.397  1548  1563 W ziparchive: Unable to open '/data/user_de/0/com.google.android.gms/app_chimera/m/00000005/GoogleCertificates.dm': No such file or directory
05-21 16:19:38.397  1548  1563 I artd    : OatFileAssistant test for existing oat file /data/user_de/0/com.google.android.gms/app_chimera/m/00000005/GoogleCertificates.dm: I/O error
05-21 16:19:38.397  1548  1563 I artd    : GetBestInfo no usable artifacts
05-21 16:19:38.419  1548  1563 W artd    : Could not get dex checksums for location /data/app/~~e4OF3ClCeXsUahOqgigWDw==/com.google.android.gms-z9f_Jzcq5nyJoV_fxhEWZg==/base.apk, fd=-1
05-21 16:19:38.429  1548  1563 I artd    : Dex parent of /data/user_de/0/com.google.android.gms/app_chimera/m/00000001/CronetDynamite.uncompressed.apk is not writable: No such file or directory
05-21 16:19:38.429  1548  1563 I artd    : GetBestInfo checking odex in dalvik-cache (/data/dalvik-cache/x86_64/data@user_de@0@com.google.android.gms@app_chimera@m@00000001@CronetDynamite.uncompressed.apk@classes.dex)
05-21 16:19:38.429  1548  1563 I artd    : Loading /data/dalvik-cache/x86_64/data@user_de@0@com.google.android.gms@app_chimera@m@00000001@CronetDynamite.uncompressed.apk@classes.dex with executable: 0
05-21 16:19:38.429  1548  1563 I artd    : OatFileAssistant test for existing oat file /data/dalvik-cache/x86_64/data@user_de@0@com.google.android.gms@app_chimera@m@00000001@CronetDynamite.uncompressed.apk@classes.dex: File /data/dalvik-cache/x86_64/data@user_de@0@com.google.android.gms@app_chimera@m@00000001@CronetDynamite.uncompressed.apk@classes.vdex does not exist.
05-21 16:19:38.429  1548  1563 I artd    : GetBestInfo checking odex next to the dex file (/data/user_de/0/com.google.android.gms/app_chimera/m/00000001/oat/x86_64/CronetDynamite.uncompressed.odex)
05-21 16:19:38.429  1548  1563 I artd    : Loading /data/user_de/0/com.google.android.gms/app_chimera/m/00000001/oat/x86_64/CronetDynamite.uncompressed.odex with executable: 0
05-21 16:19:38.429  1548  1563 I artd    : OatFileAssistant test for existing oat file /data/user_de/0/com.google.android.gms/app_chimera/m/00000001/oat/x86_64/CronetDynamite.uncompressed.odex: File /data/user_de/0/com.google.android.gms/app_chimera/m/00000001/oat/x86_64/CronetDynamite.uncompressed.vdex does not exist.
05-21 16:19:38.429  1548  1563 I artd    : GetBestInfo checking vdex in dalvik-cache (/data/dalvik-cache/x86_64/data@user_de@0@com.google.android.gms@app_chimera@m@00000001@CronetDynamite.uncompressed.apk@classes.vdex)
05-21 16:19:38.429  1548  1563 I artd    : unable to open vdex file /data/dalvik-cache/x86_64/data@user_de@0@com.google.android.gms@app_chimera@m@00000001@CronetDynamite.uncompressed.apk@classes.vdex: File /data/dalvik-cache/x86_64/data@user_de@0@com.google.android.gms@app_chimera@m@00000001@CronetDynamite.uncompressed.apk@classes.vdex does not exist.
05-21 16:19:38.429  1548  1563 I artd    : OatFileAssistant test for existing oat file /data/dalvik-cache/x86_64/data@user_de@0@com.google.android.gms@app_chimera@m@00000001@CronetDynamite.uncompressed.apk@classes.vdex: File /data/dalvik-cache/x86_64/data@user_de@0@com.google.android.gms@app_chimera@m@00000001@CronetDynamite.uncompressed.apk@classes.vdex does not exist.
05-21 16:19:38.429  1548  1563 I artd    : GetBestInfo checking vdex next to the dex file (/data/user_de/0/com.google.android.gms/app_chimera/m/00000001/oat/x86_64/CronetDynamite.uncompressed.vdex)
05-21 16:19:38.429  1548  1563 I artd    : unable to open vdex file /data/user_de/0/com.google.android.gms/app_chimera/m/00000001/oat/x86_64/CronetDynamite.uncompressed.vdex: File /data/user_de/0/com.google.android.gms/app_chimera/m/00000001/oat/x86_64/CronetDynamite.uncompressed.vdex does not exist.
05-21 16:19:38.429  1548  1563 I artd    : OatFileAssistant test for existing oat file /data/user_de/0/com.google.android.gms/app_chimera/m/00000001/oat/x86_64/CronetDynamite.uncompressed.vdex: File /data/user_de/0/com.google.android.gms/app_chimera/m/00000001/oat/x86_64/CronetDynamite.uncompressed.vdex does not exist.
05-21 16:19:38.429  1548  1563 I artd    : GetBestInfo checking dm (/data/user_de/0/com.google.android.gms/app_chimera/m/00000001/CronetDynamite.uncompressed.dm)
05-21 16:19:38.429  1548  1563 W ziparchive: Unable to open '/data/user_de/0/com.google.android.gms/app_chimera/m/00000001/CronetDynamite.uncompressed.dm': No such file or directory
05-21 16:19:38.429  1548  1563 I artd    : OatFileAssistant test for existing oat file /data/user_de/0/com.google.android.gms/app_chimera/m/00000001/CronetDynamite.uncompressed.dm: I/O error
05-21 16:19:38.429  1548  1563 I artd    : GetBestInfo checking dm (/data/user_de/0/com.google.android.gms/app_chimera/m/00000001/CronetDynamite.uncompressed.dm)
05-21 16:19:38.429  1548  1563 W ziparchive: Unable to open '/data/user_de/0/com.google.android.gms/app_chimera/m/00000001/CronetDynamite.uncompressed.dm': No such file or directory
05-21 16:19:38.429  1548  1563 I artd    : OatFileAssistant test for existing oat file /data/user_de/0/com.google.android.gms/app_chimera/m/00000001/CronetDynamite.uncompressed.dm: I/O error
05-21 16:19:38.429  1548  1563 I artd    : GetBestInfo no usable artifacts
05-21 16:19:38.438  1548  1563 W artd    : Could not get dex checksums for location /data/app/~~e4OF3ClCeXsUahOqgigWDw==/com.google.android.gms-z9f_Jzcq5nyJoV_fxhEWZg==/base.apk, fd=-1
05-21 16:19:38.455  1548  1563 W artd    : Could not get dex checksums for location /data/app/~~e4OF3ClCeXsUahOqgigWDw==/com.google.android.gms-z9f_Jzcq5nyJoV_fxhEWZg==/base.apk, fd=-1
05-21 16:19:38.490  1548  1563 W artd    : Could not get dex checksums for location /data/app/~~e4OF3ClCeXsUahOqgigWDw==/com.google.android.gms-z9f_Jzcq5nyJoV_fxhEWZg==/base.apk, fd=-1
05-21 16:19:38.500  1548  1563 W artd    : Could not get dex checksums for location /data/app/~~e4OF3ClCeXsUahOqgigWDw==/com.google.android.gms-z9f_Jzcq5nyJoV_fxhEWZg==/base.apk, fd=-1
05-21 16:19:38.521  1548  1563 W artd    : Could not get dex checksums for location /data/app/~~e4OF3ClCeXsUahOqgigWDw==/com.google.android.gms-z9f_Jzcq5nyJoV_fxhEWZg==/base.apk, fd=-1
05-21 16:19:38.522  1548  1563 W artd    : Could not get dex checksums for location /data/app/~~e4OF3ClCeXsUahOqgigWDw==/com.google.android.gms-z9f_Jzcq5nyJoV_fxhEWZg==/base.apk, fd=-1
05-21 16:19:38.524  1548  1563 I artd    : Dex parent of /data/user_de/0/com.google.android.gms/app_chimera/m/00000007/MeasurementDynamite.apk is not writable: No such file or directory
05-21 16:19:38.524  1548  1563 I artd    : GetBestInfo checking odex in dalvik-cache (/data/dalvik-cache/x86_64/data@user_de@0@com.google.android.gms@app_chimera@m@00000007@MeasurementDynamite.apk@classes.dex)
05-21 16:19:38.524  1548  1563 I artd    : Loading /data/dalvik-cache/x86_64/data@user_de@0@com.google.android.gms@app_chimera@m@00000007@MeasurementDynamite.apk@classes.dex with executable: 0
05-21 16:19:38.524  1548  1563 I artd    : OatFileAssistant test for existing oat file /data/dalvik-cache/x86_64/data@user_de@0@com.google.android.gms@app_chimera@m@00000007@MeasurementDynamite.apk@classes.dex: File /data/dalvik-cache/x86_64/data@user_de@0@com.google.android.gms@app_chimera@m@00000007@MeasurementDynamite.apk@classes.vdex does not exist.
05-21 16:19:38.524  1548  1563 I artd    : GetBestInfo checking odex next to the dex file (/data/user_de/0/com.google.android.gms/app_chimera/m/00000007/oat/x86_64/MeasurementDynamite.odex)
05-21 16:19:38.524  1548  1563 I artd    : Loading /data/user_de/0/com.google.android.gms/app_chimera/m/00000007/oat/x86_64/MeasurementDynamite.odex with executable: 0
05-21 16:19:38.524  1548  1563 I artd    : OatFileAssistant test for existing oat file /data/user_de/0/com.google.android.gms/app_chimera/m/00000007/oat/x86_64/MeasurementDynamite.odex: File /data/user_de/0/com.google.android.gms/app_chimera/m/00000007/oat/x86_64/MeasurementDynamite.vdex does not exist.
05-21 16:19:38.524  1548  1563 I artd    : GetBestInfo checking vdex in dalvik-cache (/data/dalvik-cache/x86_64/data@user_de@0@com.google.android.gms@app_chimera@m@00000007@MeasurementDynamite.apk@classes.vdex)
05-21 16:19:38.524  1548  1563 I artd    : unable to open vdex file /data/dalvik-cache/x86_64/data@user_de@0@com.google.android.gms@app_chimera@m@00000007@MeasurementDynamite.apk@classes.vdex: File /data/dalvik-cache/x86_64/data@user_de@0@com.google.android.gms@app_chimera@m@00000007@MeasurementDynamite.apk@classes.vdex does not exist.
05-21 16:19:38.524  1548  1563 I artd    : OatFileAssistant test for existing oat file /data/dalvik-cache/x86_64/data@user_de@0@com.google.android.gms@app_chimera@m@00000007@MeasurementDynamite.apk@classes.vdex: File /data/dalvik-cache/x86_64/data@user_de@0@com.google.android.gms@app_chimera@m@00000007@MeasurementDynamite.apk@classes.vdex does not exist.
05-21 16:19:38.524  1548  1563 I artd    : GetBestInfo checking vdex next to the dex file (/data/user_de/0/com.google.android.gms/app_chimera/m/00000007/oat/x86_64/MeasurementDynamite.vdex)
05-21 16:19:38.524  1548  1563 I artd    : unable to open vdex file /data/user_de/0/com.google.android.gms/app_chimera/m/00000007/oat/x86_64/MeasurementDynamite.vdex: File /data/user_de/0/com.google.android.gms/app_chimera/m/00000007/oat/x86_64/MeasurementDynamite.vdex does not exist.
05-21 16:19:38.524  1548  1563 I artd    : OatFileAssistant test for existing oat file /data/user_de/0/com.google.android.gms/app_chimera/m/00000007/oat/x86_64/MeasurementDynamite.vdex: File /data/user_de/0/com.google.android.gms/app_chimera/m/00000007/oat/x86_64/MeasurementDynamite.vdex does not exist.
05-21 16:19:38.524  1548  1563 I artd    : GetBestInfo checking dm (/data/user_de/0/com.google.android.gms/app_chimera/m/00000007/MeasurementDynamite.dm)
05-21 16:19:38.524  1548  1563 W ziparchive: Unable to open '/data/user_de/0/com.google.android.gms/app_chimera/m/00000007/MeasurementDynamite.dm': No such file or directory
05-21 16:19:38.525  1548  1563 I artd    : OatFileAssistant test for existing oat file /data/user_de/0/com.google.android.gms/app_chimera/m/00000007/MeasurementDynamite.dm: I/O error
05-21 16:19:38.525  1548  1563 I artd    : GetBestInfo checking dm (/data/user_de/0/com.google.android.gms/app_chimera/m/00000007/MeasurementDynamite.dm)
05-21 16:19:38.525  1548  1563 W ziparchive: Unable to open '/data/user_de/0/com.google.android.gms/app_chimera/m/00000007/MeasurementDynamite.dm': No such file or directory
05-21 16:19:38.525  1548  1563 I artd    : OatFileAssistant test for existing oat file /data/user_de/0/com.google.android.gms/app_chimera/m/00000007/MeasurementDynamite.dm: I/O error
05-21 16:19:38.525  1548  1563 I artd    : GetBestInfo no usable artifacts
05-21 16:19:38.634  1487  1921 I BugleRcsEngine: Connected state: [1], networkType: [WIFI] [CONTEXT thread_id=57 ]
05-21 16:19:38.638  1487  2205 I BugleRcsEngine: handleMessage processing message:[NOTIFY_UPTIME_IGNORE_STATE_CHANGED] with [non-null]:RcsEngineImpl reference [CONTEXT log_prefix="RcsEngineImpl[DUAL_REG]:[fc367e62-fd29]>Handler" thread_id=62 ]
05-21 16:19:38.655   629   816 W IPCThreadState: Sending oneway calls to frozen process.
05-21 16:19:38.706   629   816 W IPCThreadState: Sending oneway calls to frozen process.
05-21 16:19:38.759  1208  1220 I NullBinder: NullBinder for android.net.action.RECOMMEND_NETWORKS triggering remote TransactionTooLargeException due to Service without Chimera impl, calling uid: 1000, calling pid: 0
05-21 16:19:38.759  1208  1220 W .gms.persistent: Large reply transaction of 1056768 bytes, interface descriptor , code 1
05-21 16:19:38.781   629   816 W IPCThreadState: Sending oneway calls to frozen process.
05-21 16:19:38.782   629   816 W IPCThreadState: Sending oneway calls to frozen process.
05-21 16:19:38.782  1487  2205 I BugleRcsEngine: No RCS Configuration was found in Bugle for simID: redacted-pii:sim_id[chars:20,last3:897] [CONTEXT log_prefix="ProvisioningEngineDataRetriever" thread_id=62 ]
05-21 16:19:38.782   629   745 D IntervalStats: Unable to parse usage stats packages: [228]
05-21 16:19:38.789   629   816 W IPCThreadState: Sending oneway calls to frozen process.
05-21 16:19:38.789   629   816 W IPCThreadState: Sending oneway calls to frozen process.
05-21 16:19:38.789   629   816 W IPCThreadState: Sending oneway calls to frozen process.
05-21 16:19:38.789   629   816 W IPCThreadState: Sending oneway calls to frozen process.
05-21 16:19:38.790   629   816 W IPCThreadState: Sending oneway calls to frozen process.
05-21 16:19:38.823  1208  1208 D BoundBrokerSvc: onRebind: Intent { act=com.google.android.gms.common.telemetry.service.START dat=chimera-action:/... cmp=com.google.android.gms/.chimera.PersistentApiService }
05-21 16:19:38.866   629   816 W IPCThreadState: Sending oneway calls to frozen process.
05-21 16:19:38.866   629   816 W IPCThreadState: Sending oneway calls to frozen process.
05-21 16:19:38.867   629   816 W IPCThreadState: Sending oneway calls to frozen process.
05-21 16:19:38.867   629   816 W IPCThreadState: Sending oneway calls to frozen process.
05-21 16:19:38.867   629   816 W IPCThreadState: Sending oneway calls to frozen process.
05-21 16:19:38.867   629   816 W IPCThreadState: Sending oneway calls to frozen process.
05-21 16:19:38.867   629   816 W IPCThreadState: Sending oneway calls to frozen process.
05-21 16:19:39.166  1208 32280 I NearbySharing: Network state changed: NetworkState(isRestricted=false, isOnline=true, isCongested=false, isMetered=false, isWifiConnected=true)
05-21 16:19:39.852  1857  1913 I okhttp.OkHttpClient: Callback failure for call to http://10.0.2.2:8081/...
05-21 16:19:39.852  1857  1913 I okhttp.OkHttpClient: java.net.ProtocolException: Expected leading [0-9a-fA-F] character but was 0xd
05-21 16:19:39.852  1857  1913 I okhttp.OkHttpClient: 	at okhttp3.internal.http1.Http1ExchangeCodec$ChunkedSource.readChunkSize(Http1ExchangeCodec.kt:436)
05-21 16:19:39.852  1857  1913 I okhttp.OkHttpClient: 	at okhttp3.internal.http1.Http1ExchangeCodec$ChunkedSource.read(Http1ExchangeCodec.kt:408)
05-21 16:19:39.852  1857  1913 I okhttp.OkHttpClient: 	at okhttp3.internal.connection.Exchange$ResponseBodySource.read(Exchange.kt:276)
05-21 16:19:39.852  1857  1913 I okhttp.OkHttpClient: 	at okio.RealBufferedSource.read(RealBufferedSource.kt:189)
05-21 16:19:39.852  1857  1913 I okhttp.OkHttpClient: 	at com.facebook.react.devsupport.MultipartStreamReader.readAllParts(MultipartStreamReader.kt:83)
05-21 16:19:39.853  1857  1913 I okhttp.OkHttpClient: 	at com.facebook.react.devsupport.BundleDownloader.processMultipartResponse(BundleDownloader.kt:187)
05-21 16:19:39.853  1857  1913 I okhttp.OkHttpClient: 	at com.facebook.react.devsupport.BundleDownloader.access$processMultipartResponse(BundleDownloader.kt:35)
05-21 16:19:39.853  1857  1913 I okhttp.OkHttpClient: 	at com.facebook.react.devsupport.BundleDownloader$downloadBundleFromURL$1.onResponse(BundleDownloader.kt:133)
05-21 16:19:39.853  1857  1913 I okhttp.OkHttpClient: 	at okhttp3.internal.connection.RealCall$AsyncCall.run(RealCall.kt:519)
05-21 16:19:39.853  1857  1913 I okhttp.OkHttpClient: 	at java.util.concurrent.ThreadPoolExecutor.runWorker(ThreadPoolExecutor.java:1145)
05-21 16:19:39.853  1857  1913 I okhttp.OkHttpClient: 	at java.util.concurrent.ThreadPoolExecutor$Worker.run(ThreadPoolExecutor.java:644)
05-21 16:19:39.853  1857  1913 I okhttp.OkHttpClient: 	at java.lang.Thread.run(Thread.java:1012)
05-21 16:19:40.868  1208  1208 D BoundBrokerSvc: onUnbind: Intent { act=com.google.android.gms.common.telemetry.service.START dat=chimera-action:/... cmp=com.google.android.gms/.chimera.PersistentApiService }
05-21 16:19:41.440  1453  1907 I BistoHotwordHelper: (REDACTED) getHotwordActive::active query: %s, watch: %s, devices connected: %s
05-21 16:19:41.560  1487  1921 I BugleRcsEngine: Connected state: [1], networkType: [WIFI] [CONTEXT thread_id=57 ]
05-21 16:19:41.560  1487  2205 I BugleRcsEngine: handleMessage processing message:[NOTIFY_UPTIME_IGNORE_STATE_CHANGED] with [non-null]:RcsEngineImpl reference [CONTEXT log_prefix="RcsEngineImpl[DUAL_REG]:[fc367e62-fd29]>Handler" thread_id=62 ]
05-21 16:19:41.560   629   816 W IPCThreadState: Sending oneway calls to frozen process.
05-21 16:19:41.565   629   816 W IPCThreadState: Sending oneway calls to frozen process.
05-21 16:19:41.565   629   816 W IPCThreadState: Sending oneway calls to frozen process.
05-21 16:19:41.566   629   816 W IPCThreadState: Sending oneway calls to frozen process.
05-21 16:19:41.567   629   816 W IPCThreadState: Sending oneway calls to frozen process.
05-21 16:19:41.567   629   816 W IPCThreadState: Sending oneway calls to frozen process.
05-21 16:19:41.567   629   816 W IPCThreadState: Sending oneway calls to frozen process.
05-21 16:19:41.567   629   816 W IPCThreadState: Sending oneway calls to frozen process.
05-21 16:19:41.567   629   816 W IPCThreadState: Sending oneway calls to frozen process.
05-21 16:19:41.567   629   816 W IPCThreadState: Sending oneway calls to frozen process.
05-21 16:19:41.567   629   816 W IPCThreadState: Sending oneway calls to frozen process.
05-21 16:19:41.568   629   816 W IPCThreadState: Sending oneway calls to frozen process.
05-21 16:19:41.569   629   816 W IPCThreadState: Sending oneway calls to frozen process.
05-21 16:19:41.569   629   816 W IPCThreadState: Sending oneway calls to frozen process.
05-21 16:19:41.569   629   816 W IPCThreadState: Sending oneway calls to frozen process.
05-21 16:19:41.569   629   816 W IPCThreadState: Sending oneway calls to frozen process.
05-21 16:19:41.581  1208  3628 I NullBinder: NullBinder for android.net.action.RECOMMEND_NETWORKS triggering remote TransactionTooLargeException due to Service without Chimera impl, calling uid: 1000, calling pid: 0
05-21 16:19:41.581  1208  3628 W .gms.persistent: Large reply transaction of 1056768 bytes, interface descriptor , code 1
05-21 16:19:41.590  1208  1208 D BoundBrokerSvc: onRebind: Intent { act=com.google.android.gms.common.telemetry.service.START dat=chimera-action:/... cmp=com.google.android.gms/.chimera.PersistentApiService }
05-21 16:19:41.613  1487  2205 I BugleRcsEngine: No RCS Configuration was found in Bugle for simID: redacted-pii:sim_id[chars:20,last3:897] [CONTEXT log_prefix="ProvisioningEngineDataRetriever" thread_id=62 ]
05-21 16:19:42.079  1208 32280 I NearbySharing: Network state changed: NetworkState(isRestricted=false, isOnline=true, isCongested=false, isMetered=false, isWifiConnected=true)
05-21 16:19:43.804  1208  1208 D BoundBrokerSvc: onUnbind: Intent { act=com.google.android.gms.common.telemetry.service.START dat=chimera-action:/... cmp=com.google.android.gms/.chimera.PersistentApiService }
05-21 16:19:47.364  1548  1563 I artd    : Dex parent of /data/app/~~y8zn2wvsWfCugA-HdyLyCA==/com.google.android.gms-23-MwJfSXp3vE5fW6YlIbg==/base.apk is not writable: Permission denied
05-21 16:19:47.364  1548  1563 I artd    : GetBestInfo checking odex in dalvik-cache (/data/dalvik-cache/x86_64/data@app@~~y8zn2wvsWfCugA-HdyLyCA==@com.google.android.gms-23-MwJfSXp3vE5fW6YlIbg==@base.apk@classes.dex)
05-21 16:19:47.364  1548  1563 I artd    : Loading /data/dalvik-cache/x86_64/data@app@~~y8zn2wvsWfCugA-HdyLyCA==@com.google.android.gms-23-MwJfSXp3vE5fW6YlIbg==@base.apk@classes.dex with executable: 0
05-21 16:19:47.364  1548  1563 I artd    : OatFileAssistant test for existing oat file /data/dalvik-cache/x86_64/data@app@~~y8zn2wvsWfCugA-HdyLyCA==@com.google.android.gms-23-MwJfSXp3vE5fW6YlIbg==@base.apk@classes.dex: File /data/dalvik-cache/x86_64/data@app@~~y8zn2wvsWfCugA-HdyLyCA==@com.google.android.gms-23-MwJfSXp3vE5fW6YlIbg==@base.apk@classes.vdex does not exist.
05-21 16:19:47.364  1548  1563 I artd    : GetBestInfo checking odex next to the dex file (/data/app/~~y8zn2wvsWfCugA-HdyLyCA==/com.google.android.gms-23-MwJfSXp3vE5fW6YlIbg==/oat/x86_64/base.odex)
05-21 16:19:47.364  1548  1563 I artd    : Loading /data/app/~~y8zn2wvsWfCugA-HdyLyCA==/com.google.android.gms-23-MwJfSXp3vE5fW6YlIbg==/oat/x86_64/base.odex with executable: 0
05-21 16:19:47.365  1548  1563 I artd    : Successfully loaded /data/app/~~y8zn2wvsWfCugA-HdyLyCA==/com.google.android.gms-23-MwJfSXp3vE5fW6YlIbg==/oat/x86_64/base.odex with executable: 0
05-21 16:19:47.367  1548  1563 I artd    : /data/app/~~y8zn2wvsWfCugA-HdyLyCA==/com.google.android.gms-23-MwJfSXp3vE5fW6YlIbg==/oat/x86_64/base.odex is kOatUpToDate with filter speed-profile
05-21 16:19:47.373  1548  1563 I artd    : Dex parent of /data/app/~~y8zn2wvsWfCugA-HdyLyCA==/com.google.android.gms-23-MwJfSXp3vE5fW6YlIbg==/split_AdsDynamite_installtime.apk is not writable: Permission denied
05-21 16:19:47.373  1548  1563 I artd    : GetBestInfo checking odex in dalvik-cache (/data/dalvik-cache/x86_64/data@app@~~y8zn2wvsWfCugA-HdyLyCA==@com.google.android.gms-23-MwJfSXp3vE5fW6YlIbg==@split_AdsDynamite_installtime.apk@classes.dex)
05-21 16:19:47.373  1548  1563 I artd    : Loading /data/dalvik-cache/x86_64/data@app@~~y8zn2wvsWfCugA-HdyLyCA==@com.google.android.gms-23-MwJfSXp3vE5fW6YlIbg==@split_AdsDynamite_installtime.apk@classes.dex with executable: 0
05-21 16:19:47.373  1548  1563 I artd    : OatFileAssistant test for existing oat file /data/dalvik-cache/x86_64/data@app@~~y8zn2wvsWfCugA-HdyLyCA==@com.google.android.gms-23-MwJfSXp3vE5fW6YlIbg==@split_AdsDynamite_installtime.apk@classes.dex: File /data/dalvik-cache/x86_64/data@app@~~y8zn2wvsWfCugA-HdyLyCA==@com.google.android.gms-23-MwJfSXp3vE5fW6YlIbg==@split_AdsDynamite_installtime.apk@classes.vdex does not exist.
05-21 16:19:47.373  1548  1563 I artd    : GetBestInfo checking odex next to the dex file (/data/app/~~y8zn2wvsWfCugA-HdyLyCA==/com.google.android.gms-23-MwJfSXp3vE5fW6YlIbg==/oat/x86_64/split_AdsDynamite_installtime.odex)
05-21 16:19:47.373  1548  1563 I artd    : Loading /data/app/~~y8zn2wvsWfCugA-HdyLyCA==/com.google.android.gms-23-MwJfSXp3vE5fW6YlIbg==/oat/x86_64/split_AdsDynamite_installtime.odex with executable: 0
05-21 16:19:47.374  1548  1563 I artd    : Successfully loaded /data/app/~~y8zn2wvsWfCugA-HdyLyCA==/com.google.android.gms-23-MwJfSXp3vE5fW6YlIbg==/oat/x86_64/split_AdsDynamite_installtime.odex with executable: 0
05-21 16:19:47.374  1548  1563 I artd    : /data/app/~~y8zn2wvsWfCugA-HdyLyCA==/com.google.android.gms-23-MwJfSXp3vE5fW6YlIbg==/oat/x86_64/split_AdsDynamite_installtime.odex is kOatUpToDate with filter speed
05-21 16:19:47.377  1548  1563 I artd    : Dex parent of /data/app/~~y8zn2wvsWfCugA-HdyLyCA==/com.google.android.gms-23-MwJfSXp3vE5fW6YlIbg==/split_CronetDynamite_installtime.apk is not writable: Permission denied
05-21 16:19:47.377  1548  1563 I artd    : GetBestInfo checking odex in dalvik-cache (/data/dalvik-cache/x86_64/data@app@~~y8zn2wvsWfCugA-HdyLyCA==@com.google.android.gms-23-MwJfSXp3vE5fW6YlIbg==@split_CronetDynamite_installtime.apk@classes.dex)
05-21 16:19:47.377  1548  1563 I artd    : Loading /data/dalvik-cache/x86_64/data@app@~~y8zn2wvsWfCugA-HdyLyCA==@com.google.android.gms-23-MwJfSXp3vE5fW6YlIbg==@split_CronetDynamite_installtime.apk@classes.dex with executable: 0
05-21 16:19:47.377  1548  1563 I artd    : OatFileAssistant test for existing oat file /data/dalvik-cache/x86_64/data@app@~~y8zn2wvsWfCugA-HdyLyCA==@com.google.android.gms-23-MwJfSXp3vE5fW6YlIbg==@split_CronetDynamite_installtime.apk@classes.dex: File /data/dalvik-cache/x86_64/data@app@~~y8zn2wvsWfCugA-HdyLyCA==@com.google.android.gms-23-MwJfSXp3vE5fW6YlIbg==@split_CronetDynamite_installtime.apk@classes.vdex does not exist.
05-21 16:19:47.377  1548  1563 I artd    : GetBestInfo checking odex next to the dex file (/data/app/~~y8zn2wvsWfCugA-HdyLyCA==/com.google.android.gms-23-MwJfSXp3vE5fW6YlIbg==/oat/x86_64/split_CronetDynamite_installtime.odex)
05-21 16:19:47.377  1548  1563 I artd    : Loading /data/app/~~y8zn2wvsWfCugA-HdyLyCA==/com.google.android.gms-23-MwJfSXp3vE5fW6YlIbg==/oat/x86_64/split_CronetDynamite_installtime.odex with executable: 0
05-21 16:19:47.378  1548  1563 I artd    : Successfully loaded /data/app/~~y8zn2wvsWfCugA-HdyLyCA==/com.google.android.gms-23-MwJfSXp3vE5fW6YlIbg==/oat/x86_64/split_CronetDynamite_installtime.odex with executable: 0
05-21 16:19:47.378  1548  1563 I artd    : /data/app/~~y8zn2wvsWfCugA-HdyLyCA==/com.google.android.gms-23-MwJfSXp3vE5fW6YlIbg==/oat/x86_64/split_CronetDynamite_installtime.odex is kOatUpToDate with filter speed-profile
05-21 16:19:47.379  1548  1563 I artd    : Dex parent of /data/app/~~y8zn2wvsWfCugA-HdyLyCA==/com.google.android.gms-23-MwJfSXp3vE5fW6YlIbg==/split_DynamiteLoader_installtime.apk is not writable: Permission denied
05-21 16:19:47.379  1548  1563 I artd    : GetBestInfo checking odex in dalvik-cache (/data/dalvik-cache/x86_64/data@app@~~y8zn2wvsWfCugA-HdyLyCA==@com.google.android.gms-23-MwJfSXp3vE5fW6YlIbg==@split_DynamiteLoader_installtime.apk@classes.dex)
05-21 16:19:47.379  1548  1563 I artd    : Loading /data/dalvik-cache/x86_64/data@app@~~y8zn2wvsWfCugA-HdyLyCA==@com.google.android.gms-23-MwJfSXp3vE5fW6YlIbg==@split_DynamiteLoader_installtime.apk@classes.dex with executable: 0
05-21 16:19:47.379  1548  1563 I artd    : OatFileAssistant test for existing oat file /data/dalvik-cache/x86_64/data@app@~~y8zn2wvsWfCugA-HdyLyCA==@com.google.android.gms-23-MwJfSXp3vE5fW6YlIbg==@split_DynamiteLoader_installtime.apk@classes.dex: File /data/dalvik-cache/x86_64/data@app@~~y8zn2wvsWfCugA-HdyLyCA==@com.google.android.gms-23-MwJfSXp3vE5fW6YlIbg==@split_DynamiteLoader_installtime.apk@classes.vdex does not exist.
05-21 16:19:47.379  1548  1563 I artd    : GetBestInfo checking odex next to the dex file (/data/app/~~y8zn2wvsWfCugA-HdyLyCA==/com.google.android.gms-23-MwJfSXp3vE5fW6YlIbg==/oat/x86_64/split_DynamiteLoader_installtime.odex)
05-21 16:19:47.379  1548  1563 I artd    : Loading /data/app/~~y8zn2wvsWfCugA-HdyLyCA==/com.google.android.gms-23-MwJfSXp3vE5fW6YlIbg==/oat/x86_64/split_DynamiteLoader_installtime.odex with executable: 0
05-21 16:19:47.380  1548  1563 I artd    : Successfully loaded /data/app/~~y8zn2wvsWfCugA-HdyLyCA==/com.google.android.gms-23-MwJfSXp3vE5fW6YlIbg==/oat/x86_64/split_DynamiteLoader_installtime.odex with executable: 0
05-21 16:19:47.380  1548  1563 I artd    : /data/app/~~y8zn2wvsWfCugA-HdyLyCA==/com.google.android.gms-23-MwJfSXp3vE5fW6YlIbg==/oat/x86_64/split_DynamiteLoader_installtime.odex is kOatUpToDate with filter speed
05-21 16:19:47.382  1548  1563 I artd    : Dex parent of /data/app/~~y8zn2wvsWfCugA-HdyLyCA==/com.google.android.gms-23-MwJfSXp3vE5fW6YlIbg==/split_DynamiteModulesA_installtime.apk is not writable: Permission denied
05-21 16:19:47.382  1548  1563 I artd    : GetBestInfo checking odex in dalvik-cache (/data/dalvik-cache/x86_64/data@app@~~y8zn2wvsWfCugA-HdyLyCA==@com.google.android.gms-23-MwJfSXp3vE5fW6YlIbg==@split_DynamiteModulesA_installtime.apk@classes.dex)
05-21 16:19:47.382  1548  1563 I artd    : Loading /data/dalvik-cache/x86_64/data@app@~~y8zn2wvsWfCugA-HdyLyCA==@com.google.android.gms-23-MwJfSXp3vE5fW6YlIbg==@split_DynamiteModulesA_installtime.apk@classes.dex with executable: 0
05-21 16:19:47.382  1548  1563 I artd    : OatFileAssistant test for existing oat file /data/dalvik-cache/x86_64/data@app@~~y8zn2wvsWfCugA-HdyLyCA==@com.google.android.gms-23-MwJfSXp3vE5fW6YlIbg==@split_DynamiteModulesA_installtime.apk@classes.dex: File /data/dalvik-cache/x86_64/data@app@~~y8zn2wvsWfCugA-HdyLyCA==@com.google.android.gms-23-MwJfSXp3vE5fW6YlIbg==@split_DynamiteModulesA_installtime.apk@classes.vdex does not exist.
05-21 16:19:47.382  1548  1563 I artd    : GetBestInfo checking odex next to the dex file (/data/app/~~y8zn2wvsWfCugA-HdyLyCA==/com.google.android.gms-23-MwJfSXp3vE5fW6YlIbg==/oat/x86_64/split_DynamiteModulesA_installtime.odex)
05-21 16:19:47.382  1548  1563 I artd    : Loading /data/app/~~y8zn2wvsWfCugA-HdyLyCA==/com.google.android.gms-23-MwJfSXp3vE5fW6YlIbg==/oat/x86_64/split_DynamiteModulesA_installtime.odex with executable: 0
05-21 16:19:47.382  1548  1563 I artd    : Successfully loaded /data/app/~~y8zn2wvsWfCugA-HdyLyCA==/com.google.android.gms-23-MwJfSXp3vE5fW6YlIbg==/oat/x86_64/split_DynamiteModulesA_installtime.odex with executable: 0
05-21 16:19:47.382  1548  1563 I artd    : /data/app/~~y8zn2wvsWfCugA-HdyLyCA==/com.google.android.gms-23-MwJfSXp3vE5fW6YlIbg==/oat/x86_64/split_DynamiteModulesA_installtime.odex is kOatUpToDate with filter speed
05-21 16:19:47.386  1548  1563 I artd    : Dex parent of /data/app/~~y8zn2wvsWfCugA-HdyLyCA==/com.google.android.gms-23-MwJfSXp3vE5fW6YlIbg==/split_DynamiteModulesC_installtime.apk is not writable: Permission denied
05-21 16:19:47.386  1548  1563 I artd    : GetBestInfo checking odex in dalvik-cache (/data/dalvik-cache/x86_64/data@app@~~y8zn2wvsWfCugA-HdyLyCA==@com.google.android.gms-23-MwJfSXp3vE5fW6YlIbg==@split_DynamiteModulesC_installtime.apk@classes.dex)
05-21 16:19:47.386  1548  1563 I artd    : Loading /data/dalvik-cache/x86_64/data@app@~~y8zn2wvsWfCugA-HdyLyCA==@com.google.android.gms-23-MwJfSXp3vE5fW6YlIbg==@split_DynamiteModulesC_installtime.apk@classes.dex with executable: 0
05-21 16:19:47.386  1548  1563 I artd    : OatFileAssistant test for existing oat file /data/dalvik-cache/x86_64/data@app@~~y8zn2wvsWfCugA-HdyLyCA==@com.google.android.gms-23-MwJfSXp3vE5fW6YlIbg==@split_DynamiteModulesC_installtime.apk@classes.dex: File /data/dalvik-cache/x86_64/data@app@~~y8zn2wvsWfCugA-HdyLyCA==@com.google.android.gms-23-MwJfSXp3vE5fW6YlIbg==@split_DynamiteModulesC_installtime.apk@classes.vdex does not exist.
05-21 16:19:47.386  1548  1563 I artd    : GetBestInfo checking odex next to the dex file (/data/app/~~y8zn2wvsWfCugA-HdyLyCA==/com.google.android.gms-23-MwJfSXp3vE5fW6YlIbg==/oat/x86_64/split_DynamiteModulesC_installtime.odex)
05-21 16:19:47.386  1548  1563 I artd    : Loading /data/app/~~y8zn2wvsWfCugA-HdyLyCA==/com.google.android.gms-23-MwJfSXp3vE5fW6YlIbg==/oat/x86_64/split_DynamiteModulesC_installtime.odex with executable: 0
05-21 16:19:47.388  1548  1563 I artd    : Successfully loaded /data/app/~~y8zn2wvsWfCugA-HdyLyCA==/com.google.android.gms-23-MwJfSXp3vE5fW6YlIbg==/oat/x86_64/split_DynamiteModulesC_installtime.odex with executable: 0
05-21 16:19:47.388  1548  1563 I artd    : /data/app/~~y8zn2wvsWfCugA-HdyLyCA==/com.google.android.gms-23-MwJfSXp3vE5fW6YlIbg==/oat/x86_64/split_DynamiteModulesC_installtime.odex is kOatUpToDate with filter speed
05-21 16:19:47.389  1548  1563 I artd    : Dex parent of /data/app/~~y8zn2wvsWfCugA-HdyLyCA==/com.google.android.gms-23-MwJfSXp3vE5fW6YlIbg==/split_GoogleCertificates_installtime.apk is not writable: Permission denied
05-21 16:19:47.389  1548  1563 I artd    : GetBestInfo checking odex in dalvik-cache (/data/dalvik-cache/x86_64/data@app@~~y8zn2wvsWfCugA-HdyLyCA==@com.google.android.gms-23-MwJfSXp3vE5fW6YlIbg==@split_GoogleCertificates_installtime.apk@classes.dex)
05-21 16:19:47.390  1548  1563 I artd    : Loading /data/dalvik-cache/x86_64/data@app@~~y8zn2wvsWfCugA-HdyLyCA==@com.google.android.gms-23-MwJfSXp3vE5fW6YlIbg==@split_GoogleCertificates_installtime.apk@classes.dex with executable: 0
05-21 16:19:47.390  1548  1563 I artd    : OatFileAssistant test for existing oat file /data/dalvik-cache/x86_64/data@app@~~y8zn2wvsWfCugA-HdyLyCA==@com.google.android.gms-23-MwJfSXp3vE5fW6YlIbg==@split_GoogleCertificates_installtime.apk@classes.dex: File /data/dalvik-cache/x86_64/data@app@~~y8zn2wvsWfCugA-HdyLyCA==@com.google.android.gms-23-MwJfSXp3vE5fW6YlIbg==@split_GoogleCertificates_installtime.apk@classes.vdex does not exist.
05-21 16:19:47.390  1548  1563 I artd    : GetBestInfo checking odex next to the dex file (/data/app/~~y8zn2wvsWfCugA-HdyLyCA==/com.google.android.gms-23-MwJfSXp3vE5fW6YlIbg==/oat/x86_64/split_GoogleCertificates_installtime.odex)
05-21 16:19:47.390  1548  1563 I artd    : Loading /data/app/~~y8zn2wvsWfCugA-HdyLyCA==/com.google.android.gms-23-MwJfSXp3vE5fW6YlIbg==/oat/x86_64/split_GoogleCertificates_installtime.odex with executable: 0
05-21 16:19:47.390  1548  1563 I artd    : Successfully loaded /data/app/~~y8zn2wvsWfCugA-HdyLyCA==/com.google.android.gms-23-MwJfSXp3vE5fW6YlIbg==/oat/x86_64/split_GoogleCertificates_installtime.odex with executable: 0
05-21 16:19:47.390  1548  1563 I artd    : /data/app/~~y8zn2wvsWfCugA-HdyLyCA==/com.google.android.gms-23-MwJfSXp3vE5fW6YlIbg==/oat/x86_64/split_GoogleCertificates_installtime.odex is kOatUpToDate with filter speed
05-21 16:19:47.391  1548  1563 I artd    : Dex parent of /data/app/~~y8zn2wvsWfCugA-HdyLyCA==/com.google.android.gms-23-MwJfSXp3vE5fW6YlIbg==/split_MapsDynamite_installtime.apk is not writable: Permission denied
05-21 16:19:47.391  1548  1563 I artd    : GetBestInfo checking odex in dalvik-cache (/data/dalvik-cache/x86_64/data@app@~~y8zn2wvsWfCugA-HdyLyCA==@com.google.android.gms-23-MwJfSXp3vE5fW6YlIbg==@split_MapsDynamite_installtime.apk@classes.dex)
05-21 16:19:47.392  1548  1563 I artd    : Loading /data/dalvik-cache/x86_64/data@app@~~y8zn2wvsWfCugA-HdyLyCA==@com.google.android.gms-23-MwJfSXp3vE5fW6YlIbg==@split_MapsDynamite_installtime.apk@classes.dex with executable: 0
05-21 16:19:47.392  1548  1563 I artd    : OatFileAssistant test for existing oat file /data/dalvik-cache/x86_64/data@app@~~y8zn2wvsWfCugA-HdyLyCA==@com.google.android.gms-23-MwJfSXp3vE5fW6YlIbg==@split_MapsDynamite_installtime.apk@classes.dex: File /data/dalvik-cache/x86_64/data@app@~~y8zn2wvsWfCugA-HdyLyCA==@com.google.android.gms-23-MwJfSXp3vE5fW6YlIbg==@split_MapsDynamite_installtime.apk@classes.vdex does not exist.
05-21 16:19:47.392  1548  1563 I artd    : GetBestInfo checking odex next to the dex file (/data/app/~~y8zn2wvsWfCugA-HdyLyCA==/com.google.android.gms-23-MwJfSXp3vE5fW6YlIbg==/oat/x86_64/split_MapsDynamite_installtime.odex)
05-21 16:19:47.392  1548  1563 I artd    : Loading /data/app/~~y8zn2wvsWfCugA-HdyLyCA==/com.google.android.gms-23-MwJfSXp3vE5fW6YlIbg==/oat/x86_64/split_MapsDynamite_installtime.odex with executable: 0
05-21 16:19:47.393  1548  1563 I artd    : Successfully loaded /data/app/~~y8zn2wvsWfCugA-HdyLyCA==/com.google.android.gms-23-MwJfSXp3vE5fW6YlIbg==/oat/x86_64/split_MapsDynamite_installtime.odex with executable: 0
05-21 16:19:47.393  1548  1563 I artd    : /data/app/~~y8zn2wvsWfCugA-HdyLyCA==/com.google.android.gms-23-MwJfSXp3vE5fW6YlIbg==/oat/x86_64/split_MapsDynamite_installtime.odex is kOatUpToDate with filter speed
05-21 16:19:47.394  1548  1563 I artd    : Dex parent of /data/app/~~y8zn2wvsWfCugA-HdyLyCA==/com.google.android.gms-23-MwJfSXp3vE5fW6YlIbg==/split_MeasurementDynamite_installtime.apk is not writable: Permission denied
05-21 16:19:47.394  1548  1563 I artd    : GetBestInfo checking odex in dalvik-cache (/data/dalvik-cache/x86_64/data@app@~~y8zn2wvsWfCugA-HdyLyCA==@com.google.android.gms-23-MwJfSXp3vE5fW6YlIbg==@split_MeasurementDynamite_installtime.apk@classes.dex)
05-21 16:19:47.394  1548  1563 I artd    : Loading /data/dalvik-cache/x86_64/data@app@~~y8zn2wvsWfCugA-HdyLyCA==@com.google.android.gms-23-MwJfSXp3vE5fW6YlIbg==@split_MeasurementDynamite_installtime.apk@classes.dex with executable: 0
05-21 16:19:47.394  1548  1563 I artd    : OatFileAssistant test for existing oat file /data/dalvik-cache/x86_64/data@app@~~y8zn2wvsWfCugA-HdyLyCA==@com.google.android.gms-23-MwJfSXp3vE5fW6YlIbg==@split_MeasurementDynamite_installtime.apk@classes.dex: File /data/dalvik-cache/x86_64/data@app@~~y8zn2wvsWfCugA-HdyLyCA==@com.google.android.gms-23-MwJfSXp3vE5fW6YlIbg==@split_MeasurementDynamite_installtime.apk@classes.vdex does not exist.
05-21 16:19:47.394  1548  1563 I artd    : GetBestInfo checking odex next to the dex file (/data/app/~~y8zn2wvsWfCugA-HdyLyCA==/com.google.android.gms-23-MwJfSXp3vE5fW6YlIbg==/oat/x86_64/split_MeasurementDynamite_installtime.odex)
05-21 16:19:47.394  1548  1563 I artd    : Loading /data/app/~~y8zn2wvsWfCugA-HdyLyCA==/com.google.android.gms-23-MwJfSXp3vE5fW6YlIbg==/oat/x86_64/split_MeasurementDynamite_installtime.odex with executable: 0
05-21 16:19:47.394  1548  1563 I artd    : Successfully loaded /data/app/~~y8zn2wvsWfCugA-HdyLyCA==/com.google.android.gms-23-MwJfSXp3vE5fW6YlIbg==/oat/x86_64/split_MeasurementDynamite_installtime.odex with executable: 0
05-21 16:19:47.394  1548  1563 I artd    : /data/app/~~y8zn2wvsWfCugA-HdyLyCA==/com.google.android.gms-23-MwJfSXp3vE5fW6YlIbg==/oat/x86_64/split_MeasurementDynamite_installtime.odex is kOatUpToDate with filter speed
05-21 16:19:47.395  1548  1563 I artd    : Dex parent of /data/app/~~y8zn2wvsWfCugA-HdyLyCA==/com.google.android.gms-23-MwJfSXp3vE5fW6YlIbg==/split_all_locale_splits.apk is not writable: Permission denied
05-21 16:19:47.395  1548  1563 I artd    : GetBestInfo checking odex in dalvik-cache (/data/dalvik-cache/x86_64/data@app@~~y8zn2wvsWfCugA-HdyLyCA==@com.google.android.gms-23-MwJfSXp3vE5fW6YlIbg==@split_all_locale_splits.apk@classes.dex)
05-21 16:19:47.395  1548  1563 I artd    : Loading /data/dalvik-cache/x86_64/data@app@~~y8zn2wvsWfCugA-HdyLyCA==@com.google.android.gms-23-MwJfSXp3vE5fW6YlIbg==@split_all_locale_splits.apk@classes.dex with executable: 0
05-21 16:19:47.395  1548  1563 I artd    : OatFileAssistant test for existing oat file /data/dalvik-cache/x86_64/data@app@~~y8zn2wvsWfCugA-HdyLyCA==@com.google.android.gms-23-MwJfSXp3vE5fW6YlIbg==@split_all_locale_splits.apk@classes.dex: File /data/dalvik-cache/x86_64/data@app@~~y8zn2wvsWfCugA-HdyLyCA==@com.google.android.gms-23-MwJfSXp3vE5fW6YlIbg==@split_all_locale_splits.apk@classes.vdex does not exist.
05-21 16:19:47.395  1548  1563 I artd    : GetBestInfo checking odex next to the dex file (/data/app/~~y8zn2wvsWfCugA-HdyLyCA==/com.google.android.gms-23-MwJfSXp3vE5fW6YlIbg==/oat/x86_64/split_all_locale_splits.odex)
05-21 16:19:47.395  1548  1563 I artd    : Loading /data/app/~~y8zn2wvsWfCugA-HdyLyCA==/com.google.android.gms-23-MwJfSXp3vE5fW6YlIbg==/oat/x86_64/split_all_locale_splits.odex with executable: 0
05-21 16:19:47.395  1548  1563 I artd    : Successfully loaded /data/app/~~y8zn2wvsWfCugA-HdyLyCA==/com.google.android.gms-23-MwJfSXp3vE5fW6YlIbg==/oat/x86_64/split_all_locale_splits.odex with executable: 0
05-21 16:19:47.395  1548  1563 I artd    : /data/app/~~y8zn2wvsWfCugA-HdyLyCA==/com.google.android.gms-23-MwJfSXp3vE5fW6YlIbg==/oat/x86_64/split_all_locale_splits.odex is kOatUpToDate with filter speed
05-21 16:19:47.398  1548  1563 I artd    : Dex parent of /data/app/~~y8zn2wvsWfCugA-HdyLyCA==/com.google.android.gms-23-MwJfSXp3vE5fW6YlIbg==/split_maps_core_dynamite_ondemand.apk is not writable: Permission denied
05-21 16:19:47.398  1548  1563 I artd    : GetBestInfo checking odex in dalvik-cache (/data/dalvik-cache/x86_64/data@app@~~y8zn2wvsWfCugA-HdyLyCA==@com.google.android.gms-23-MwJfSXp3vE5fW6YlIbg==@split_maps_core_dynamite_ondemand.apk@classes.dex)
05-21 16:19:47.398  1548  1563 I artd    : Loading /data/dalvik-cache/x86_64/data@app@~~y8zn2wvsWfCugA-HdyLyCA==@com.google.android.gms-23-MwJfSXp3vE5fW6YlIbg==@split_maps_core_dynamite_ondemand.apk@classes.dex with executable: 0
05-21 16:19:47.398  1548  1563 I artd    : OatFileAssistant test for existing oat file /data/dalvik-cache/x86_64/data@app@~~y8zn2wvsWfCugA-HdyLyCA==@com.google.android.gms-23-MwJfSXp3vE5fW6YlIbg==@split_maps_core_dynamite_ondemand.apk@classes.dex: File /data/dalvik-cache/x86_64/data@app@~~y8zn2wvsWfCugA-HdyLyCA==@com.google.android.gms-23-MwJfSXp3vE5fW6YlIbg==@split_maps_core_dynamite_ondemand.apk@classes.vdex does not exist.
05-21 16:19:47.398  1548  1563 I artd    : GetBestInfo checking odex next to the dex file (/data/app/~~y8zn2wvsWfCugA-HdyLyCA==/com.google.android.gms-23-MwJfSXp3vE5fW6YlIbg==/oat/x86_64/split_maps_core_dynamite_ondemand.odex)
05-21 16:19:47.398  1548  1563 I artd    : Loading /data/app/~~y8zn2wvsWfCugA-HdyLyCA==/com.google.android.gms-23-MwJfSXp3vE5fW6YlIbg==/oat/x86_64/split_maps_core_dynamite_ondemand.odex with executable: 0
05-21 16:19:47.398  1548  1563 I artd    : OatFileAssistant test for existing oat file /data/app/~~y8zn2wvsWfCugA-HdyLyCA==/com.google.android.gms-23-MwJfSXp3vE5fW6YlIbg==/oat/x86_64/split_maps_core_dynamite_ondemand.odex: File /data/app/~~y8zn2wvsWfCugA-HdyLyCA==/com.google.android.gms-23-MwJfSXp3vE5fW6YlIbg==/oat/x86_64/split_maps_core_dynamite_ondemand.vdex does not exist.
05-21 16:19:47.398  1548  1563 I artd    : GetBestInfo checking vdex in dalvik-cache (/data/dalvik-cache/x86_64/data@app@~~y8zn2wvsWfCugA-HdyLyCA==@com.google.android.gms-23-MwJfSXp3vE5fW6YlIbg==@split_maps_core_dynamite_ondemand.apk@classes.vdex)
05-21 16:19:47.398  1548  1563 I artd    : unable to open vdex file /data/dalvik-cache/x86_64/data@app@~~y8zn2wvsWfCugA-HdyLyCA==@com.google.android.gms-23-MwJfSXp3vE5fW6YlIbg==@split_maps_core_dynamite_ondemand.apk@classes.vdex: File /data/dalvik-cache/x86_64/data@app@~~y8zn2wvsWfCugA-HdyLyCA==@com.google.android.gms-23-MwJfSXp3vE5fW6YlIbg==@split_maps_core_dynamite_ondemand.apk@classes.vdex does not exist.
05-21 16:19:47.398  1548  1563 I artd    : OatFileAssistant test for existing oat file /data/dalvik-cache/x86_64/data@app@~~y8zn2wvsWfCugA-HdyLyCA==@com.google.android.gms-23-MwJfSXp3vE5fW6YlIbg==@split_maps_core_dynamite_ondemand.apk@classes.vdex: File /data/dalvik-cache/x86_64/data@app@~~y8zn2wvsWfCugA-HdyLyCA==@com.google.android.gms-23-MwJfSXp3vE5fW6YlIbg==@split_maps_core_dynamite_ondemand.apk@classes.vdex does not exist.
05-21 16:19:47.398  1548  1563 I artd    : GetBestInfo checking vdex next to the dex file (/data/app/~~y8zn2wvsWfCugA-HdyLyCA==/com.google.android.gms-23-MwJfSXp3vE5fW6YlIbg==/oat/x86_64/split_maps_core_dynamite_ondemand.vdex)
05-21 16:19:47.398  1548  1563 I artd    : unable to open vdex file /data/app/~~y8zn2wvsWfCugA-HdyLyCA==/com.google.android.gms-23-MwJfSXp3vE5fW6YlIbg==/oat/x86_64/split_maps_core_dynamite_ondemand.vdex: File /data/app/~~y8zn2wvsWfCugA-HdyLyCA==/com.google.android.gms-23-MwJfSXp3vE5fW6YlIbg==/oat/x86_64/split_maps_core_dynamite_ondemand.vdex does not exist.
