05-21 16:19:07.836  1548  1563 I artd    : GetBestInfo checking odex in dalvik-cache (/data/dalvik-cache/x86_64/data@user_de@0@com.google.android.gms@app_chimera@m@00000007@MeasurementDynamite.apk@classes.dex)
05-21 16:19:07.836  1548  1563 I artd    : Loading /data/dalvik-cache/x86_64/data@user_de@0@com.google.android.gms@app_chimera@m@00000007@MeasurementDynamite.apk@classes.dex with executable: 0
05-21 16:19:07.836  1548  1563 I artd    : OatFileAssistant test for existing oat file /data/dalvik-cache/x86_64/data@user_de@0@com.google.android.gms@app_chimera@m@00000007@MeasurementDynamite.apk@classes.dex: File /data/dalvik-cache/x86_64/data@user_de@0@com.google.android.gms@app_chimera@m@00000007@MeasurementDynamite.apk@classes.vdex does not exist.
05-21 16:19:07.836  1548  1563 I artd    : GetBestInfo checking odex next to the dex file (/data/user_de/0/com.google.android.gms/app_chimera/m/00000007/oat/x86_64/MeasurementDynamite.odex)
05-21 16:19:07.836  1548  1563 I artd    : Loading /data/user_de/0/com.google.android.gms/app_chimera/m/00000007/oat/x86_64/MeasurementDynamite.odex with executable: 0
05-21 16:19:07.836  1548  1563 I artd    : OatFileAssistant test for existing oat file /data/user_de/0/com.google.android.gms/app_chimera/m/00000007/oat/x86_64/MeasurementDynamite.odex: File /data/user_de/0/com.google.android.gms/app_chimera/m/00000007/oat/x86_64/MeasurementDynamite.vdex does not exist.
05-21 16:19:07.836  1548  1563 I artd    : GetBestInfo checking vdex in dalvik-cache (/data/dalvik-cache/x86_64/data@user_de@0@com.google.android.gms@app_chimera@m@00000007@MeasurementDynamite.apk@classes.vdex)
05-21 16:19:07.837  1548  1563 I artd    : unable to open vdex file /data/dalvik-cache/x86_64/data@user_de@0@com.google.android.gms@app_chimera@m@00000007@MeasurementDynamite.apk@classes.vdex: File /data/dalvik-cache/x86_64/data@user_de@0@com.google.android.gms@app_chimera@m@00000007@MeasurementDynamite.apk@classes.vdex does not exist.
05-21 16:19:07.837  1548  1563 I artd    : OatFileAssistant test for existing oat file /data/dalvik-cache/x86_64/data@user_de@0@com.google.android.gms@app_chimera@m@00000007@MeasurementDynamite.apk@classes.vdex: File /data/dalvik-cache/x86_64/data@user_de@0@com.google.android.gms@app_chimera@m@00000007@MeasurementDynamite.apk@classes.vdex does not exist.
05-21 16:19:07.837  1548  1563 I artd    : GetBestInfo checking vdex next to the dex file (/data/user_de/0/com.google.android.gms/app_chimera/m/00000007/oat/x86_64/MeasurementDynamite.vdex)
05-21 16:19:07.838  1548  1563 I artd    : unable to open vdex file /data/user_de/0/com.google.android.gms/app_chimera/m/00000007/oat/x86_64/MeasurementDynamite.vdex: File /data/user_de/0/com.google.android.gms/app_chimera/m/00000007/oat/x86_64/MeasurementDynamite.vdex does not exist.
05-21 16:19:07.838  1548  1563 I artd    : OatFileAssistant test for existing oat file /data/user_de/0/com.google.android.gms/app_chimera/m/00000007/oat/x86_64/MeasurementDynamite.vdex: File /data/user_de/0/com.google.android.gms/app_chimera/m/00000007/oat/x86_64/MeasurementDynamite.vdex does not exist.
05-21 16:19:07.838  1548  1563 I artd    : GetBestInfo checking dm (/data/user_de/0/com.google.android.gms/app_chimera/m/00000007/MeasurementDynamite.dm)
05-21 16:19:07.838  1548  1563 W ziparchive: Unable to open '/data/user_de/0/com.google.android.gms/app_chimera/m/00000007/MeasurementDynamite.dm': No such file or directory
05-21 16:19:07.838  1548  1563 I artd    : OatFileAssistant test for existing oat file /data/user_de/0/com.google.android.gms/app_chimera/m/00000007/MeasurementDynamite.dm: I/O error
05-21 16:19:07.838  1548  1563 I artd    : GetBestInfo checking dm (/data/user_de/0/com.google.android.gms/app_chimera/m/00000007/MeasurementDynamite.dm)
05-21 16:19:07.838  1548  1563 W ziparchive: Unable to open '/data/user_de/0/com.google.android.gms/app_chimera/m/00000007/MeasurementDynamite.dm': No such file or directory
05-21 16:19:07.839  1548  1563 I artd    : OatFileAssistant test for existing oat file /data/user_de/0/com.google.android.gms/app_chimera/m/00000007/MeasurementDynamite.dm: I/O error
05-21 16:19:07.839  1548  1563 I artd    : GetBestInfo no usable artifacts
05-21 16:19:07.841   629   654 D CoreBackPreview: Window{38dfcf u0 Splash Screen com.anonymous.mobile}: Setting back callback OnBackInvokedCallbackInfo{mCallback=android.window.IOnBackInvokedCallback$Stub$Proxy@61af9c7, mPriority=0, mIsAnimationCallback=false}
05-21 16:19:07.846   396   396 D Zygote  : Forked child process 1857
05-21 16:19:07.858   629   667 W ProcessStats: Tracking association SourceState{79f7333 com.google.android.apps.nexuslauncher/10176 BTop #20206} whose proc state 2 is better than process ProcessState{d25dde4 com.google.android.googlequicksearchbox:search/10145 pkg=com.google.android.googlequicksearchbox} proc state 14 (4 skipped)
05-21 16:19:07.866   629   678 W ActivityManager: Slow operation: 62ms so far, now at startProcess: done updating battery stats
05-21 16:19:07.866   629   678 W ActivityManager: Slow operation: 62ms so far, now at startProcess: building log message
05-21 16:19:07.866   629   678 I ActivityManager: Start proc 1857:com.anonymous.mobile/u0a210 for next-top-activity {com.anonymous.mobile/com.anonymous.mobile.MainActivity}
05-21 16:19:07.867   629   678 W ActivityManager: Slow operation: 62ms so far, now at startProcess: starting to update pids map
05-21 16:19:07.867   629   678 W ActivityManager: Slow operation: 63ms so far, now at startProcess: done updating pids map
05-21 16:19:07.881   629   654 W AutofillManagerServiceImpl: getFillEventHistory() called by UID 10137, but service UID is 10144
05-21 16:19:07.901  1189  1584 D EGL_emulation: app_time_stats: avg=7726.44ms min=7726.44ms max=7726.44ms count=1
05-21 16:19:07.933  1857  1857 I nonymous.mobile: Late-enabling -Xcheck:jni
05-21 16:19:07.995   913 32348 V WindowManagerShell: onTransitionReady(transaction=2701534430823)
05-21 16:19:07.997   629   664 V WindowManager: Sent Transition (#30) createdAt=05-21 16:19:07.470 via request=TransitionRequestInfo { type = OPEN, triggerTask = TaskInfo{userId=0 taskId=49 displayId=0 isRunning=true baseIntent=Intent { act=android.intent.action.MAIN cat=[android.intent.category.LAUNCHER] flg=0x10200000 cmp=com.anonymous.mobile/.MainActivity } baseActivity=ComponentInfo{com.anonymous.mobile/com.anonymous.mobile.MainActivity} topActivity=ComponentInfo{com.anonymous.mobile/com.anonymous.mobile.MainActivity} origActivity=null realActivity=ComponentInfo{com.anonymous.mobile/com.anonymous.mobile.MainActivity} numActivities=1 lastActiveTime=60901639 supportsMultiWindow=true resizeMode=1 isResizeable=true minWidth=-1 minHeight=-1 defaultMinSize=220 token=WCT{RemoteToken{942b019 Task{86bbf73 #49 type=standard A=10210:com.anonymous.mobile}}} topActivityType=1 pictureInPictureParams=null shouldDockBigOverlays=false launchIntoPipHostTaskId=-1 lastParentTaskIdBeforePip=-1 displayCutoutSafeInsets=null topActivityInfo=ActivityInfo{f62c8de com.anonymous.mobile.MainActivity} launchCookies=[] positionInParent=Point(0, 0) parentTaskId=-1 isFocused=false isVisible=false isVisibleRequested=false isSleeping=false locusId=null displayAreaFeatureId=1 isTopActivityTransparent=false appCompatTaskInfo=AppCompatTaskInfo { topActivityInSizeCompat=false topActivityEligibleForLetterboxEducation= falseisLetterboxEducationEnabled= true isLetterboxDoubleTapEnabled= false topActivityEligibleForUserAspectRatioButton= false topActivityBoundsLetterboxed= false isFromLetterboxDoubleTap= false topActivityLetterboxVerticalPosition= -1 topActivityLetterboxHorizontalPosition= -1 topActivityLetterboxWidth=1080 topActivityLetterboxHeight=2400 isUserFullscreenOverrideEnabled=false isSystemFullscreenOverrideEnabled=false cameraCompatTaskInfo=CameraCompatTaskInfo { cameraCompatControlState=hidden freeformCameraCompatMode=inactive}}}, pipTask = null, remoteTransition = null, displayChange = null, flags = 0, debugId = 30 }
05-21 16:19:07.997   629   664 V WindowManager:     startWCT=WindowContainerTransaction { changes = {} hops = [] errorCallbackToken=null taskFragmentOrganizer=null }
05-21 16:19:07.997   629   664 V WindowManager:     info={id=30 t=OPEN f=0x0 trk=0 r=[0@Point(0, 0)] c=[
05-21 16:19:07.997   629   664 V WindowManager:         {WCT{RemoteToken{942b019 Task{86bbf73 #49 type=standard A=10210:com.anonymous.mobile}}} m=OPEN f=NONE leash=Surface(name=Task=49)/@0xcc36b63 sb=Rect(0, 0 - 1080, 2400) eb=Rect(0, 0 - 1080, 2400) d=0 taskParent=-1},
05-21 16:19:07.997   629   664 V WindowManager:         {WCT{RemoteToken{8c5e238 Task{5939e82 #1 type=home}}} m=TO_BACK f=SHOW_WALLPAPER leash=Surface(name=Task=1)/@0x883f45a sb=Rect(0, 0 - 1080, 2400) eb=Rect(0, 0 - 1080, 2400) d=0 taskParent=-1}
05-21 16:19:07.997   629   664 V WindowManager:     ]}
05-21 16:19:07.998   913  1006 V WindowManagerShell: onTransitionReady (#30) android.os.BinderProxy@2624091: {id=30 t=OPEN f=0x0 trk=0 r=[0@Point(0, 0)] c=[{WCT{android.window.IWindowContainerToken$Stub$Proxy@50864f5} m=OPEN f=NONE leash=Surface(name=Task=49)/@0xa916c7e sb=Rect(0, 0 - 1080, 2400) eb=Rect(0, 0 - 1080, 2400) d=0 taskParent=-1},{WCT{android.window.IWindowContainerToken$Stub$Proxy@dd3d28a} m=TO_BACK f=SHOW_WALLPAPER leash=Surface(name=Task=1)/@0x66dc5df sb=Rect(0, 0 - 1080, 2400) eb=Rect(0, 0 - 1080, 2400) d=0 taskParent=-1}]}
05-21 16:19:07.998   913  1006 V WindowManagerShell: Playing animation for (#30) android.os.BinderProxy@2624091@0
05-21 16:19:08.001   913  1006 V WindowManagerShell:  try handler com.android.wm.shell.transition.DefaultMixedHandler@8335536
05-21 16:19:08.001   913  1006 V WindowManagerShell:  try handler com.android.wm.shell.keyguard.KeyguardTransitionHandler@f95ec37
05-21 16:19:08.001   913  1006 V WindowManagerShell:  try handler com.android.wm.shell.pip.PipTransition@a5885a4
05-21 16:19:08.001   913  1006 V WindowManagerShell:  try handler com.android.wm.shell.activityembedding.ActivityEmbeddingController@1410f0d
05-21 16:19:08.001   913  1006 V WindowManagerShell:  try handler com.android.wm.shell.recents.RecentsTransitionHandler@c578ec2
05-21 16:19:08.001   913  1006 V ShellRecents: RecentsTransitionHandler.startAnimation: no controller found
05-21 16:19:08.001   913  1006 V WindowManagerShell:  try handler com.android.wm.shell.splitscreen.StageCoordinator@ad314d3
05-21 16:19:08.001   913  1006 V WindowManagerShell:  try handler com.android.wm.shell.transition.RemoteTransitionHandler@a6a5810
05-21 16:19:08.001   913  1006 V WindowManagerShell: Transition doesn't have explicit remote, search filters for match for {id=30 t=OPEN f=0x0 trk=0 r=[0@Point(0, 0)] c=[{WCT{android.window.IWindowContainerToken$Stub$Proxy@50864f5} m=OPEN f=NONE leash=Surface(name=Task=49)/@0xa916c7e sb=Rect(0, 0 - 1080, 2400) eb=Rect(0, 0 - 1080, 2400) d=0 taskParent=-1},{WCT{android.window.IWindowContainerToken$Stub$Proxy@dd3d28a} m=TO_BACK f=SHOW_WALLPAPER leash=Surface(name=Task=1)/@0x66dc5df sb=Rect(0, 0 - 1080, 2400) eb=Rect(0, 0 - 1080, 2400) d=0 taskParent=-1}]}
05-21 16:19:08.001   913  1006 V WindowManagerShell:  Checking filter Pair{{types=[] flags=0x0] notFlags=0x0 checks=[{atype=undefined independent=true modes=[OPEN,TO_FRONT] flags=IN_TASK_WITH_EMBEDDED_ACTIVITY mustBeTask=false order=ANY topActivity=ComponentInfo{com.google.android.apps.nexuslauncher/com.google.android.apps.nexuslauncher.NexusLauncherActivity} launchCookie=null},{atype=undefined independent=true modes=[CLOSE,TO_BACK] flags=IN_TASK_WITH_EMBEDDED_ACTIVITY mustBeTask=false order=ANY topActivity=null launchCookie=null}]} RemoteTransition { remoteTransition = android.window.IRemoteTransition$Stub$Proxy@bba303e, appThread = android.app.IApplicationThread$Stub$Proxy@6ed9e9f, debugName = OverlaySwipeBack }}
05-21 16:19:08.002   913  1006 V WindowManagerShell:  Checking filter Pair{{types=[] flags=0x0] notFlags=0x0 checks=[{atype=dream independent=true modes=[OPEN,TO_FRONT] flags=NONE mustBeTask=false order=ANY topActivity=null launchCookie=null},{atype=home independent=true modes=[CLOSE,TO_BACK] flags=NONE mustBeTask=false order=ANY topActivity=null launchCookie=null}]} RemoteTransition { remoteTransition = android.window.IRemoteTransition$Stub$Proxy@77b2bec, appThread = android.app.IApplicationThread$Stub$Proxy@b5bcbb5, debugName = LauncherToDream }}
05-21 16:19:08.002   913  1006 V WindowManagerShell:  Checking filter Pair{{types=[] flags=0x0] notFlags=0x100 checks=[{atype=home independent=true modes=[OPEN,TO_FRONT] flags=NONE mustBeTask=false order=TOP topActivity=ComponentInfo{com.google.android.apps.nexuslauncher/com.google.android.apps.nexuslauncher.NexusLauncherActivity} launchCookie=null},{atype=standard independent=true modes=[CLOSE,TO_BACK] flags=NONE mustBeTask=false order=ANY topActivity=null launchCookie=null}]} RemoteTransition { remoteTransition = android.window.IRemoteTransition$Stub$Proxy@125124a, appThread = android.app.IApplicationThread$Stub$Proxy@79785bb, debugName = QuickstepLaunchHome }}
05-21 16:19:08.002   913  1006 V WindowManagerShell:  Delegate animation for (#30) to null
05-21 16:19:08.002   913  1006 V WindowManagerShell:  try handler com.android.wm.shell.transition.DefaultTransitionHandler@27c8f09
05-21 16:19:08.002   913  1006 V WindowManagerShell: start default transition animation, info = {id=30 t=OPEN f=0x0 trk=0 r=[0@Point(0, 0)] c=[{WCT{android.window.IWindowContainerToken$Stub$Proxy@50864f5} m=OPEN f=NONE leash=Surface(name=Task=49)/@0xa916c7e sb=Rect(0, 0 - 1080, 2400) eb=Rect(0, 0 - 1080, 2400) d=0 taskParent=-1},{WCT{android.window.IWindowContainerToken$Stub$Proxy@dd3d28a} m=TO_BACK f=SHOW_WALLPAPER leash=Surface(name=Task=1)/@0x66dc5df sb=Rect(0, 0 - 1080, 2400) eb=Rect(0, 0 - 1080, 2400) d=0 taskParent=-1}]}
05-21 16:19:08.002   913  1006 V WindowManagerShell: loadAnimation: anim=android.view.animation.AnimationSet@bb87518 animAttr=0x13 type=OPEN isEntrance=false
05-21 16:19:08.002   913  1006 V WindowManagerShell: loadAnimation: anim=android.view.animation.AnimationSet@9c75b71 animAttr=0x12 type=OPEN isEntrance=true
05-21 16:19:08.004   913  1006 V WindowManagerShell:  animated by com.android.wm.shell.transition.DefaultTransitionHandler@27c8f09
05-21 16:19:08.015   629  1904 W UserManagerService: Requested status bar icon for non-badged user 0
05-21 16:19:08.024   913  1113 D EGL_emulation: app_time_stats: avg=7902.49ms min=7902.49ms max=7902.49ms count=1
05-21 16:19:08.028  1857  1857 I nonymous.mobile: Using CollectorTypeCMC GC.
05-21 16:19:08.031  1857  1857 W nonymous.mobile: Unexpected CPU variant for x86: x86_64.
05-21 16:19:08.031  1857  1857 W nonymous.mobile: Known variants: atom, sandybridge, silvermont, goldmont, goldmont-plus, goldmont-without-sha-xsaves, tremont, kabylake, default
05-21 16:19:08.041  1189  1584 D EGL_emulation: app_time_stats: avg=7434.56ms min=16.31ms max=51614.58ms count=7
05-21 16:19:08.078  1857  1857 D nativeloader: Load libframework-connectivity-tiramisu-jni.so using APEX ns com_android_tethering for caller /apex/com.android.tethering/javalib/framework-connectivity-t.jar: ok
05-21 16:19:08.163  1208 32280 I NearbySharing: Network state changed: NetworkState(isRestricted=false, isOnline=true, isCongested=false, isMetered=false, isWifiConnected=true)
05-21 16:19:08.165   475   492 I adbd    : jdwp connection from 1857
05-21 16:19:08.328  1857  1857 D ApplicationLoaders: Returning zygote-cached class loader: /system/framework/org.apache.http.legacy.jar
05-21 16:19:08.336   913  1006 V WindowManagerShell: Transition animation finished (aborted=false), notifying core (#30) android.os.BinderProxy@2624091@0
05-21 16:19:08.338  1857  1857 W ziparchive: Unable to open '/data/app/~~DhXkXkVNhrdJH2b29nwpKg==/com.anonymous.mobile-KP9bMkp46edazzdPzoNJ1w==/base.dm': No such file or directory
05-21 16:19:08.338  1857  1857 W ziparchive: Unable to open '/data/app/~~DhXkXkVNhrdJH2b29nwpKg==/com.anonymous.mobile-KP9bMkp46edazzdPzoNJ1w==/base.dm': No such file or directory
05-21 16:19:08.390   629   664 V WindowManager: Finish Transition (#30): created at 05-21 16:19:07.470 collect-started=0.243ms request-sent=157.075ms started=271.797ms ready=520.379ms sent=523.54ms finished=868.696ms
05-21 16:19:08.390   913  1006 V WindowManagerShell: Track 0 became idle
05-21 16:19:08.390   913  1006 V WindowManagerShell: All active transition animations finished
05-21 16:19:08.475  1189  1189 D VRI[NexusLauncherActivity]: visibilityChanged oldVisibility=true newVisibility=false
05-21 16:19:08.480  1189  1189 D NexusLauncherModelDelegate: notifySmartspaceEvent: SmartspaceTargetEvent{mSmartspaceTarget=null, mSmartspaceActionId='null', mEventType=7}
05-21 16:19:08.524   629  1904 W UserManagerService: Requested status bar icon for non-badged user 0
05-21 16:19:08.525   629  1904 W UserManagerService: Requested status bar icon for non-badged user 0
05-21 16:19:09.352  1857  1857 D nativeloader: Configuring clns-7 for other apk /data/app/~~DhXkXkVNhrdJH2b29nwpKg==/com.anonymous.mobile-KP9bMkp46edazzdPzoNJ1w==/base.apk. target_sdk_version=36, uses_libraries=, library_path=/data/app/~~DhXkXkVNhrdJH2b29nwpKg==/com.anonymous.mobile-KP9bMkp46edazzdPzoNJ1w==/lib/x86_64:/data/app/~~DhXkXkVNhrdJH2b29nwpKg==/com.anonymous.mobile-KP9bMkp46edazzdPzoNJ1w==/base.apk!/lib/x86_64, permitted_path=/data:/mnt/expand:/data/user/0/com.anonymous.mobile
05-21 16:19:09.450  1857  1857 V GraphicsEnvironment: Currently set values for:
05-21 16:19:09.450  1857  1857 V GraphicsEnvironment:   angle_gl_driver_selection_pkgs=[]
05-21 16:19:09.450  1857  1857 V GraphicsEnvironment:   angle_gl_driver_selection_values=[]
05-21 16:19:09.450  1857  1857 V GraphicsEnvironment: Global.Settings values are invalid: number of packages: 0, number of values: 0
05-21 16:19:09.451  1857  1857 V GraphicsEnvironment: Neither updatable production driver nor prerelease driver is supported.
05-21 16:19:09.563  1857  1857 D WM-WrkMgrInitializer: Initializing WorkManager with default configuration.
05-21 16:19:09.782  1857  1857 D WM-PackageManagerHelper: Skipping component enablement for androidx.work.impl.background.systemjob.SystemJobService
05-21 16:19:09.782  1857  1857 D WM-Schedulers: Created SystemJobScheduler and enabled SystemJobService
05-21 16:19:09.990  1857  1857 W SoLoader: Initializing SoLoader: 0
05-21 16:19:09.994  1857  1857 W SoLoader: Recording new base apk path: /data/app/~~DhXkXkVNhrdJH2b29nwpKg==/com.anonymous.mobile-KP9bMkp46edazzdPzoNJ1w==/base.apk
05-21 16:19:09.994  1857  1857 W SoLoader: Previously recorded 0 base apk paths.
05-21 16:19:10.009  1857  1857 I SoLoader: Preparing SO source: DirectorySoSource[root = /vendor/lib64 flags = 2]
05-21 16:19:10.009  1857  1857 I SoLoader: Preparing SO source: DirectorySoSource[root = /system/lib64 flags = 2]
05-21 16:19:10.009  1857  1857 I SoLoader: Preparing SO source: DirectApkSoSource[root = [/data/app/~~DhXkXkVNhrdJH2b29nwpKg==/com.anonymous.mobile-KP9bMkp46edazzdPzoNJ1w==/base.apk!/lib/x86_64]]
05-21 16:19:10.063  1857  1857 I SoLoader: Preparing SO source: ApplicationSoSource[DirectorySoSource[root = /data/app/~~DhXkXkVNhrdJH2b29nwpKg==/com.anonymous.mobile-KP9bMkp46edazzdPzoNJ1w==/lib/x86_64 flags = 0]]
05-21 16:19:10.066  1857  1857 I SoLoader: init finish: 4 SO sources prepared
05-21 16:19:10.066  1857  1857 W SoLoader: SoLoader initialized: 8
05-21 16:19:10.250  1857  1857 D nativeloader: Load /data/app/~~DhXkXkVNhrdJH2b29nwpKg==/com.anonymous.mobile-KP9bMkp46edazzdPzoNJ1w==/base.apk!/lib/x86_64/libc++_shared.so using ns clns-7 from class loader (caller=/data/app/~~DhXkXkVNhrdJH2b29nwpKg==/com.anonymous.mobile-KP9bMkp46edazzdPzoNJ1w==/base.apk!classes20.dex): ok
05-21 16:19:10.436  1857  1857 D nativeloader: Load /data/app/~~DhXkXkVNhrdJH2b29nwpKg==/com.anonymous.mobile-KP9bMkp46edazzdPzoNJ1w==/base.apk!/lib/x86_64/libjsi.so using ns clns-7 from class loader (caller=/data/app/~~DhXkXkVNhrdJH2b29nwpKg==/com.anonymous.mobile-KP9bMkp46edazzdPzoNJ1w==/base.apk!classes20.dex): ok
05-21 16:19:10.534  1857  1857 D nativeloader: Load /data/app/~~DhXkXkVNhrdJH2b29nwpKg==/com.anonymous.mobile-KP9bMkp46edazzdPzoNJ1w==/base.apk!/lib/x86_64/libfbjni.so using ns clns-7 from class loader (caller=/data/app/~~DhXkXkVNhrdJH2b29nwpKg==/com.anonymous.mobile-KP9bMkp46edazzdPzoNJ1w==/base.apk!classes20.dex): ok
05-21 16:19:10.731   629  1513 E TaskPersister: File error accessing recents directory (directory doesn't exist?).
05-21 16:19:10.997  1857  1857 D nativeloader: Load /data/app/~~DhXkXkVNhrdJH2b29nwpKg==/com.anonymous.mobile-KP9bMkp46edazzdPzoNJ1w==/base.apk!/lib/x86_64/libreactnative.so using ns clns-7 from class loader (caller=/data/app/~~DhXkXkVNhrdJH2b29nwpKg==/com.anonymous.mobile-KP9bMkp46edazzdPzoNJ1w==/base.apk!classes20.dex): ok
05-21 16:19:11.003  1857  1857 D jni_lib_merge: Entering merged library JNI_OnLoad.
05-21 16:19:11.003  1857  1857 D jni_lib_merge: Preparing 12 pre-merged libs (including stub)
05-21 16:19:11.003  1857  1857 D jni_lib_merge: Preparing to register libfabricjni_so.  onload_func: 0x77d805d1c450
05-21 16:19:11.003  1857  1857 D jni_lib_merge: Preparing to register libreact_devsupportjni_so.  onload_func: 0x77d805f2cb20
05-21 16:19:11.003  1857  1857 D jni_lib_merge: Preparing to register libreact_featureflagsjni_so.  onload_func: 0x77d805f3e780
05-21 16:19:11.003  1857  1857 D jni_lib_merge: Preparing to register libreact_newarchdefaults_so.  onload_func: 0x77d805fdfbc0
05-21 16:19:11.003  1857  1857 D jni_lib_merge: Preparing to register libreactnativeblob_so.  onload_func: 0x77d8061ea1c0
05-21 16:19:11.003  1857  1857 D jni_lib_merge: Preparing to register libreactnativejni_so.  onload_func: 0x77d80622a650
05-21 16:19:11.003  1857  1857 D jni_lib_merge: Preparing to register libreactnativejni_common_so.  onload_func: 0x77d80623a4b0
05-21 16:19:11.004  1857  1857 D jni_lib_merge: Preparing to register librninstance_so.  onload_func: 0x77d806281e70
05-21 16:19:11.004  1857  1857 D jni_lib_merge: Preparing to register libturbomodulejsijni_so.  onload_func: 0x77d8063e35b0
05-21 16:19:11.004  1857  1857 D jni_lib_merge: Preparing to register libuimanagerjni_so.  onload_func: 0x77d8063fb590
05-21 16:19:11.004  1857  1857 D jni_lib_merge: Preparing to register libyoga_so.  onload_func: 0x77d80640a520
05-21 16:19:11.004  1857  1857 D jni_lib_merge: About to register 11 actual methods.
05-21 16:19:11.236  1857  1857 D nativeloader: Load /data/app/~~DhXkXkVNhrdJH2b29nwpKg==/com.anonymous.mobile-KP9bMkp46edazzdPzoNJ1w==/base.apk!/lib/x86_64/libreact_codegen_rnscreens.so using ns clns-7 from class loader (caller=/data/app/~~DhXkXkVNhrdJH2b29nwpKg==/com.anonymous.mobile-KP9bMkp46edazzdPzoNJ1w==/base.apk!classes20.dex): ok
05-21 16:19:11.236  1857  1857 D jni_lib_merge: Entering merged library JNI_OnLoad.
05-21 16:19:11.237  1857  1857 D jni_lib_merge: Preparing 12 pre-merged libs (including stub)
05-21 16:19:11.237  1857  1857 D jni_lib_merge: Preparing to register libfabricjni_so.  onload_func: 0x77d805d1c450
05-21 16:19:11.237  1857  1857 D jni_lib_merge: Preparing to register libreact_devsupportjni_so.  onload_func: 0x77d805f2cb20
05-21 16:19:11.237  1857  1857 D jni_lib_merge: Preparing to register libreact_featureflagsjni_so.  onload_func: 0x77d805f3e780
05-21 16:19:11.237  1857  1857 D jni_lib_merge: Preparing to register libreact_newarchdefaults_so.  onload_func: 0x77d805fdfbc0
05-21 16:19:11.237  1857  1857 D jni_lib_merge: Preparing to register libreactnativeblob_so.  onload_func: 0x77d8061ea1c0
05-21 16:19:11.237  1857  1857 D jni_lib_merge: Preparing to register libreactnativejni_so.  onload_func: 0x77d80622a650
05-21 16:19:11.237  1857  1857 D jni_lib_merge: Preparing to register libreactnativejni_common_so.  onload_func: 0x77d80623a4b0
05-21 16:19:11.237  1857  1857 D jni_lib_merge: Preparing to register librninstance_so.  onload_func: 0x77d806281e70
05-21 16:19:11.237  1857  1857 D jni_lib_merge: Preparing to register libturbomodulejsijni_so.  onload_func: 0x77d8063e35b0
05-21 16:19:11.237  1857  1857 D jni_lib_merge: Preparing to register libuimanagerjni_so.  onload_func: 0x77d8063fb590
05-21 16:19:11.237  1857  1857 D jni_lib_merge: Preparing to register libyoga_so.  onload_func: 0x77d80640a520
05-21 16:19:11.238  1857  1857 D jni_lib_merge: About to register 11 actual methods.
05-21 16:19:11.298  1857  1857 D nativeloader: Load /data/app/~~DhXkXkVNhrdJH2b29nwpKg==/com.anonymous.mobile-KP9bMkp46edazzdPzoNJ1w==/base.apk!/lib/x86_64/libreact_codegen_safeareacontext.so using ns clns-7 from class loader (caller=/data/app/~~DhXkXkVNhrdJH2b29nwpKg==/com.anonymous.mobile-KP9bMkp46edazzdPzoNJ1w==/base.apk!classes20.dex): ok
05-21 16:19:11.353  1857  1857 D nativeloader: Load /data/app/~~DhXkXkVNhrdJH2b29nwpKg==/com.anonymous.mobile-KP9bMkp46edazzdPzoNJ1w==/base.apk!/lib/x86_64/libappmodules.so using ns clns-7 from class loader (caller=/data/app/~~DhXkXkVNhrdJH2b29nwpKg==/com.anonymous.mobile-KP9bMkp46edazzdPzoNJ1w==/base.apk!classes20.dex): ok
05-21 16:19:11.673   629   963 W OptProp : Cannot read opt property android.window.PROPERTY_COMPAT_ENABLE_FAKE_FOCUS
05-21 16:19:11.687  1857  1857 I Choreographer: Skipped 126 frames!  The application may be doing too much work on its main thread.
05-21 16:19:11.864  1857  1857 D AppCompatDelegate: Checking for metadata for AppLocalesMetadataHolderService : Service not found
05-21 16:19:12.811  1208  1208 D BoundBrokerSvc: onUnbind: Intent { act=com.google.android.gms.common.telemetry.service.START dat=chimera-action:/... cmp=com.google.android.gms/.chimera.PersistentApiService }
05-21 16:19:12.951  1857  1909 D TrafficStats: tagSocket(103) with statsTag=0xffffffff, statsUid=-1
05-21 16:19:13.010  1208  1208 D BoundBrokerSvc: onRebind: Intent { act=com.google.android.gms.common.telemetry.service.START dat=chimera-action:/... cmp=com.google.android.gms/.chimera.PersistentApiService }
05-21 16:19:13.150  1857  1857 W unknown:BridgelessReact: ReactHost{0}.startSurface(surfaceId = 0): Schedule
05-21 16:19:13.151  1857  1857 W unknown:BridgelessReact: ReactHost{0}.attachSurface(surfaceId = 0)
05-21 16:19:13.168  1857  1912 W unknown:BridgelessReact: ReactHost{0}.getOrCreateReactInstanceTask()
05-21 16:19:13.170  1857  1912 W unknown:BridgelessReact: ReactHost{0}.getOrCreateReactInstanceTask(): Start
05-21 16:19:13.170  1857  1912 W unknown:BridgelessReact: ReactHost{0}.getJSBundleLoader()
05-21 16:19:13.175  1857  1912 W unknown:BridgelessReact: ReactHost{0}.isMetroRunning()
05-21 16:19:13.222  1857  1913 D TrafficStats: tagSocket(105) with statsTag=0xffffffff, statsUid=-1
05-21 16:19:13.319  1857  1913 W unknown:BridgelessReact: ReactHost{0}.isMetroRunning(): Async result = true
05-21 16:19:13.321  1857  1912 W unknown:BridgelessReact: ReactHost{0}.loadJSBundleFromMetro()
05-21 16:19:13.414  1857  1857 W nonymous.mobile: Accessing hidden method Landroid/view/ViewGroup;->makeOptionalFitsSystemWindows()V (unsupported, reflection, allowed)
05-21 16:19:13.418   629   816 W IPCThreadState: Sending oneway calls to frozen process.
05-21 16:19:13.418   629   816 W IPCThreadState: Sending oneway calls to frozen process.
05-21 16:19:13.418   629   816 W IPCThreadState: Sending oneway calls to frozen process.
05-21 16:19:13.418   629   816 W IPCThreadState: Sending oneway calls to frozen process.
05-21 16:19:13.418   629   816 W IPCThreadState: Sending oneway calls to frozen process.
05-21 16:19:13.418   629   816 W IPCThreadState: Sending oneway calls to frozen process.
05-21 16:19:13.419  1487  2205 I BugleRcsEngine: handleMessage processing message:[NOTIFY_UPTIME_IGNORE_STATE_CHANGED] with [non-null]:RcsEngineImpl reference [CONTEXT log_prefix="RcsEngineImpl[DUAL_REG]:[fc367e62-fd29]>Handler" thread_id=62 ]
05-21 16:19:13.420  1487  1921 I BugleRcsEngine: Connected state: [1], networkType: [WIFI] [CONTEXT thread_id=57 ]
05-21 16:19:13.422   629   816 W IPCThreadState: Sending oneway calls to frozen process.
05-21 16:19:13.422   629   816 W IPCThreadState: Sending oneway calls to frozen process.
05-21 16:19:13.422   629   816 W IPCThreadState: Sending oneway calls to frozen process.
05-21 16:19:13.423   629   816 W IPCThreadState: Sending oneway calls to frozen process.
05-21 16:19:13.423   629   816 W IPCThreadState: Sending oneway calls to frozen process.
05-21 16:19:13.423   629   816 W IPCThreadState: Sending oneway calls to frozen process.
05-21 16:19:13.423   629   816 W IPCThreadState: Sending oneway calls to frozen process.
05-21 16:19:13.423   629   816 W IPCThreadState: Sending oneway calls to frozen process.
05-21 16:19:13.423   629   816 W IPCThreadState: Sending oneway calls to frozen process.
05-21 16:19:13.431  1208  1509 I NullBinder: NullBinder for android.net.action.RECOMMEND_NETWORKS triggering remote TransactionTooLargeException due to Service without Chimera impl, calling uid: 1000, calling pid: 0
05-21 16:19:13.431  1208  1509 W .gms.persistent: Large reply transaction of 1056768 bytes, interface descriptor , code 1
05-21 16:19:13.502  1487  2205 I BugleRcsEngine: No RCS Configuration was found in Bugle for simID: redacted-pii:sim_id[chars:20,last3:897] [CONTEXT log_prefix="ProvisioningEngineDataRetriever" thread_id=62 ]
05-21 16:19:13.521  1857  1857 W unknown:BridgelessReact: ReactHost{0}.onHostResume(activity)
05-21 16:19:13.523  1857  1857 W unknown:ReactNative: Packager connection already open, nooping.
05-21 16:19:13.568  1857  1857 W HWUI    : Unknown dataspace 0
05-21 16:19:13.725   629   650 W system_server: Suspending all threads took: 18.638ms
05-21 16:19:13.970  1208 32280 I NearbySharing: Network state changed: NetworkState(isRestricted=false, isOnline=true, isCongested=false, isMetered=false, isWifiConnected=true)
05-21 16:19:13.982   629   650 I system_server: Background concurrent mark compact GC freed 24MB AllocSpace bytes, 12(236KB) LOS objects, 45% free, 29MB/53MB, paused 55.438ms,37.283ms total 547.704ms
05-21 16:19:14.052   629   652 W System  : A resource failed to call release. 
05-21 16:19:14.308   629   729 W WindowManager: Failed looking up window session=null callers=com.android.server.wm.WindowManagerService.addWindow:1575 com.android.server.wm.Session.addToDisplayAsUser:257 android.view.IWindowSession$Stub.onTransact:640 
05-21 16:19:14.330   629   729 W WindowManager: Attempted to add window with token that is not a window: null.  Aborting.
05-21 16:19:14.343  1857  1857 E unknown:ReactNative: Unable to display loading message because react activity isn't active, message: Loading from 10.0.2.2:8081
05-21 16:19:14.398   629   729 W WindowManager: Failed looking up window session=null callers=com.android.server.wm.WindowManagerService.addWindow:1575 com.android.server.wm.Session.addToDisplayAsUser:257 android.view.IWindowSession$Stub.onTransact:640 
05-21 16:19:14.399   629   729 W WindowManager: Attempted to add window with token that is not a window: null.  Aborting.
05-21 16:19:14.445  1857  1857 E unknown:ReactNative: Unable to display loading message because react activity isn't active, message: Reloading...
05-21 16:19:14.453  1857  1857 I Choreographer: Skipped 49 frames!  The application may be doing too much work on its main thread.
05-21 16:19:14.695   629   729 D CoreBackPreview: Window{c062ef9 u0 com.anonymous.mobile/com.anonymous.mobile.MainActivity}: Setting back callback OnBackInvokedCallbackInfo{mCallback=android.window.IOnBackInvokedCallback$Stub$Proxy@bf1c1b5, mPriority=0, mIsAnimationCallback=false}
05-21 16:19:15.003   467   594 W ServiceManagerCppClient: Permission failure: android.permission.ACCESS_SURFACE_FLINGER from uid=10210 pid=0
05-21 16:19:15.004   467   479 W ServiceManagerCppClient: Permission failure: android.permission.ACCESS_SURFACE_FLINGER from uid=10210 pid=1857
05-21 16:19:15.004   467   594 D PermissionCache: checking android.permission.ACCESS_SURFACE_FLINGER for uid=10210 => denied (29923 us)
05-21 16:19:15.004   467   479 D PermissionCache: checking android.permission.ACCESS_SURFACE_FLINGER for uid=10210 => denied (26221 us)
05-21 16:19:15.005   467   479 W ServiceManagerCppClient: Permission failure: android.permission.ROTATE_SURFACE_FLINGER from uid=10210 pid=1857
05-21 16:19:15.005   467   594 W ServiceManagerCppClient: Permission failure: android.permission.ROTATE_SURFACE_FLINGER from uid=10210 pid=0
05-21 16:19:15.005   467   479 D PermissionCache: checking android.permission.ROTATE_SURFACE_FLINGER for uid=10210 => denied (738 us)
05-21 16:19:15.005   467   594 D PermissionCache: checking android.permission.ROTATE_SURFACE_FLINGER for uid=10210 => denied (800 us)
05-21 16:19:15.005   467   479 W ServiceManagerCppClient: Permission failure: android.permission.INTERNAL_SYSTEM_WINDOW from uid=10210 pid=1857
05-21 16:19:15.006   467   479 D PermissionCache: checking android.permission.INTERNAL_SYSTEM_WINDOW for uid=10210 => denied (341 us)
05-21 16:19:15.059   467   594 W ServiceManagerCppClient: Permission failure: android.permission.INTERNAL_SYSTEM_WINDOW from uid=10210 pid=0
05-21 16:19:15.059   467   594 D PermissionCache: checking android.permission.INTERNAL_SYSTEM_WINDOW for uid=10210 => denied (53505 us)
05-21 16:19:15.070  1857  1893 I EGL_emulation: Opening libGLESv1_CM_emulation.so
05-21 16:19:15.071  1857  1893 I EGL_emulation: Opening libGLESv2_emulation.so
05-21 16:19:15.195  1857  1893 W HWUI    : Failed to choose config with EGL_SWAP_BEHAVIOR_PRESERVED, retrying without...
05-21 16:19:15.202  1857  1893 W HWUI    : Failed to initialize 101010-2 format, error = EGL_SUCCESS
05-21 16:19:15.592   172   172 I hwservicemanager: getTransport: Cannot find entry android.hardware.graphics.mapper@4.0::IMapper/default in either framework or device VINTF manifest.
05-21 16:19:15.600  1857  1893 I Gralloc4: mapper 4.x is not supported
05-21 16:19:15.954   629  1904 W ServiceManagerCppClient: Permission failure: android.permission.ACCESS_SURFACE_FLINGER from uid=10210 pid=0
05-21 16:19:15.954   629  1904 D PermissionCache: checking android.permission.ACCESS_SURFACE_FLINGER for uid=10210 => denied (443 us)
05-21 16:19:15.954   629  1904 W ServiceManagerCppClient: Permission failure: android.permission.ROTATE_SURFACE_FLINGER from uid=10210 pid=0
05-21 16:19:15.954   629  1904 D PermissionCache: checking android.permission.ROTATE_SURFACE_FLINGER for uid=10210 => denied (110 us)
05-21 16:19:15.954   629  1904 W ServiceManagerCppClient: Permission failure: android.permission.INTERNAL_SYSTEM_WINDOW from uid=10210 pid=0
05-21 16:19:15.954   629  1904 D PermissionCache: checking android.permission.INTERNAL_SYSTEM_WINDOW for uid=10210 => denied (39 us)
05-21 16:19:15.959  1857  1872 I HWUI    : Davey! duration=2215ms; Flags=1, FrameTimelineVsyncId=24663807, IntendedVsync=60907634680872, Vsync=60908451347506, InputEventId=0, HandleInputStart=60908466945100, AnimationStart=60908466966700, PerformTraversalsStart=60908466987800, DrawStart=60909716129100, FrameDeadline=60907651347538, FrameInterval=60908465654900, FrameStartTime=16666666, SyncQueued=60909736490500, SyncStart=60909762570400, IssueDrawCommandsStart=60909784932400, SwapBuffers=60909855456000, FrameCompleted=60909876661000, DequeueBufferDuration=23300, QueueBufferDuration=10671300, GpuCompleted=60909870862700, SwapBuffersCompleted=60909876661000, DisplayPresentTime=72904454231359566, CommandSubmissionCompleted=60909855456000, 
05-21 16:19:16.040   629   664 W ziparchive: Unable to open '/data/app/~~DhXkXkVNhrdJH2b29nwpKg==/com.anonymous.mobile-KP9bMkp46edazzdPzoNJ1w==/base.dm': No such file or directory
05-21 16:19:16.062   629   664 I ActivityTaskManager: Displayed com.anonymous.mobile/.MainActivity for user 0: +8s737ms
05-21 16:19:16.157  1857  1857 W unknown:BridgelessReact: ReactHost{0}.raiseSoftException(onWindowFocusChange(hasFocus = "true")): Tried to access onWindowFocusChange while context is not ready
05-21 16:19:16.220  1857  1857 E unknown:ReactHost: Unhandled SoftException
05-21 16:19:16.220  1857  1857 E unknown:ReactHost: com.facebook.react.bridge.ReactNoCrashSoftException: raiseSoftException(onWindowFocusChange(hasFocus = "true")): Tried to access onWindowFocusChange while context is not ready
05-21 16:19:16.220  1857  1857 E unknown:ReactHost: 	at com.facebook.react.runtime.ReactHostImpl.raiseSoftException(ReactHostImpl.kt:905)
05-21 16:19:16.220  1857  1857 E unknown:ReactHost: 	at com.facebook.react.runtime.ReactHostImpl.raiseSoftException$default(ReactHostImpl.kt:896)
05-21 16:19:16.220  1857  1857 E unknown:ReactHost: 	at com.facebook.react.runtime.ReactHostImpl.onWindowFocusChange(ReactHostImpl.kt:668)
05-21 16:19:16.220  1857  1857 E unknown:ReactHost: 	at com.facebook.react.ReactDelegate.onWindowFocusChanged(ReactDelegate.kt:232)
05-21 16:19:16.220  1857  1857 E unknown:ReactHost: 	at com.facebook.react.ReactActivityDelegate.onWindowFocusChanged(ReactActivityDelegate.java:237)
05-21 16:19:16.220  1857  1857 E unknown:ReactHost: 	at expo.modules.ReactActivityDelegateWrapper$onWindowFocusChanged$1.invokeSuspend(ReactActivityDelegateWrapper.kt:320)
05-21 16:19:16.220  1857  1857 E unknown:ReactHost: 	at expo.modules.ReactActivityDelegateWrapper$onWindowFocusChanged$1.invoke(Unknown Source:8)
05-21 16:19:16.220  1857  1857 E unknown:ReactHost: 	at expo.modules.ReactActivityDelegateWrapper$onWindowFocusChanged$1.invoke(Unknown Source:4)
05-21 16:19:16.220  1857  1857 E unknown:ReactHost: 	at expo.modules.ReactActivityDelegateWrapper$launchLifecycleScopeWithLock$1.invokeSuspend(ReactActivityDelegateWrapper.kt:452)
05-21 16:19:16.220  1857  1857 E unknown:ReactHost: 	at kotlin.coroutines.jvm.internal.BaseContinuationImpl.resumeWith(ContinuationImpl.kt:33)
05-21 16:19:16.220  1857  1857 E unknown:ReactHost: 	at kotlinx.coroutines.internal.DispatchedContinuationKt.resumeCancellableWith(DispatchedContinuation.kt:375)
05-21 16:19:16.220  1857  1857 E unknown:ReactHost: 	at kotlinx.coroutines.intrinsics.CancellableKt.startCoroutineCancellable(Cancellable.kt:26)
05-21 16:19:16.220  1857  1857 E unknown:ReactHost: 	at kotlinx.coroutines.CoroutineStart.invoke(CoroutineStart.kt:358)
05-21 16:19:16.220  1857  1857 E unknown:ReactHost: 	at kotlinx.coroutines.AbstractCoroutine.start(AbstractCoroutine.kt:134)
05-21 16:19:16.220  1857  1857 E unknown:ReactHost: 	at kotlinx.coroutines.BuildersKt__Builders_commonKt.launch(Builders.common.kt:53)
05-21 16:19:16.220  1857  1857 E unknown:ReactHost: 	at kotlinx.coroutines.BuildersKt.launch(Unknown Source:1)
05-21 16:19:16.220  1857  1857 E unknown:ReactHost: 	at kotlinx.coroutines.BuildersKt__Builders_commonKt.launch$default(Builders.common.kt:44)
05-21 16:19:16.220  1857  1857 E unknown:ReactHost: 	at kotlinx.coroutines.BuildersKt.launch$default(Unknown Source:1)
05-21 16:19:16.220  1857  1857 E unknown:ReactHost: 	at expo.modules.ReactActivityDelegateWrapper.launchLifecycleScopeWithLock(ReactActivityDelegateWrapper.kt:450)
05-21 16:19:16.220  1857  1857 E unknown:ReactHost: 	at expo.modules.ReactActivityDelegateWrapper.launchLifecycleScopeWithLock$default(ReactActivityDelegateWrapper.kt:446)
05-21 16:19:16.220  1857  1857 E unknown:ReactHost: 	at expo.modules.ReactActivityDelegateWrapper.onWindowFocusChanged(ReactActivityDelegateWrapper.kt:318)
05-21 16:19:16.220  1857  1857 E unknown:ReactHost: 	at com.facebook.react.ReactActivity.onWindowFocusChanged(ReactActivity.java:158)
05-21 16:19:16.220  1857  1857 E unknown:ReactHost: 	at androidx.appcompat.view.WindowCallbackWrapper.onWindowFocusChanged(WindowCallbackWrapper.java:124)
05-21 16:19:16.220  1857  1857 E unknown:ReactHost: 	at com.android.internal.policy.DecorView.onWindowFocusChanged(DecorView.java:1772)
05-21 16:19:16.220  1857  1857 E unknown:ReactHost: 	at android.view.View.dispatchWindowFocusChanged(View.java:16743)
05-21 16:19:16.220  1857  1857 E unknown:ReactHost: 	at android.view.ViewGroup.dispatchWindowFocusChanged(ViewGroup.java:1505)
05-21 16:19:16.220  1857  1857 E unknown:ReactHost: 	at android.view.ViewRootImpl.dispatchFocusEvent(ViewRootImpl.java:4697)
05-21 16:19:16.220  1857  1857 E unknown:ReactHost: 	at android.view.ViewRootImpl.handleWindowFocusChanged(ViewRootImpl.java:4601)
05-21 16:19:16.220  1857  1857 E unknown:ReactHost: 	at android.view.ViewRootImpl.-$$Nest$mhandleWindowFocusChanged(Unknown Source:0)
05-21 16:19:16.220  1857  1857 E unknown:ReactHost: 	at android.view.ViewRootImpl$ViewRootHandler.handleMessageImpl(ViewRootImpl.java:6773)
05-21 16:19:16.220  1857  1857 E unknown:ReactHost: 	at android.view.ViewRootImpl$ViewRootHandler.handleMessage(ViewRootImpl.java:6683)
05-21 16:19:16.220  1857  1857 E unknown:ReactHost: 	at android.os.Handler.dispatchMessage(Handler.java:107)
05-21 16:19:16.220  1857  1857 E unknown:ReactHost: 	at android.os.Looper.loopOnce(Looper.java:232)
05-21 16:19:16.220  1857  1857 E unknown:ReactHost: 	at android.os.Looper.loop(Looper.java:317)
05-21 16:19:16.220  1857  1857 E unknown:ReactHost: 	at android.app.ActivityThread.main(ActivityThread.java:8705)
05-21 16:19:16.220  1857  1857 E unknown:ReactHost: 	at java.lang.reflect.Method.invoke(Native Method)
05-21 16:19:16.220  1857  1857 E unknown:ReactHost: 	at com.android.internal.os.RuntimeInit$MethodAndArgsCaller.run(RuntimeInit.java:580)
05-21 16:19:16.220  1857  1857 E unknown:ReactHost: 	at com.android.internal.os.ZygoteInit.main(ZygoteInit.java:886)
05-21 16:19:16.227   629   780 I ImeTracker: com.anonymous.mobile:8ccb4014: onRequestHide at ORIGIN_SERVER reason HIDE_UNSPECIFIED_WINDOW fromUser false
05-21 16:19:16.231   629   780 I ImeTracker: com.anonymous.mobile:8ccb4014: onCancelled at PHASE_SERVER_SHOULD_HIDE
05-21 16:19:16.265  1329  1329 I GoogleInputMethodService: GoogleInputMethodService.onFinishInput():3157 
05-21 16:19:16.276  1329  1329 I GoogleInputMethodService: GoogleInputMethodService.updateDeviceLockedStatus():2248 repeatCheckTimes = 0, locked = false
05-21 16:19:16.276  1329  1329 I GoogleInputMethodService: GoogleInputMethodService.onStartInput():1986 onStartInput(EditorInfo{EditorInfo{packageName=com.anonymous.mobile, inputType=0, inputTypeString=NULL, enableLearning=false, autoCorrection=false, autoComplete=false, imeOptions=0, privateImeOptions=null, actionName=UNSPECIFIED, actionLabel=null, initialSelStart=-1, initialSelEnd=-1, initialCapsMode=0, label=null, fieldId=0, fieldName=null, extras=null, hintText=null, hintLocales=[]}}, false)
05-21 16:19:16.278  1329  1329 I GoogleInputMethodService: GoogleInputMethodService.updateDeviceLockedStatus():2248 repeatCheckTimes = 1, locked = false
05-21 16:19:16.280  1329  1329 I AndroidIME: InputBundleManager.loadActiveInputBundleId():450 loadActiveInputBundleId: und-Latn-x-password, password
05-21 16:19:16.286   629   963 W PackageConfigPersister: App-specific configuration not found for packageName: com.anonymous.mobile and userId: 0
05-21 16:19:16.349  1189  1189 D BaseDepthController: setSurface:
05-21 16:19:16.349  1189  1189 D BaseDepthController: 	mWaitingOnSurfaceValidity: false
05-21 16:19:16.349  1189  1189 D BaseDepthController: 	mSurface: null
05-21 16:19:16.349  1189  1189 D BaseDepthController: mSurface is null and mCurrentBlur is: 0
05-21 16:19:16.351  1189  1189 D StateManager: goToState - fromState: Normal, toState: Normal, partial trace:
05-21 16:19:16.351  1189  1189 D StateManager: 	at com.android.launcher3.statemanager.StateManager.moveToRestState(go/retraceme 2855a437b73635ce9cad76b9289087e631bbb67fc90008a0da13d343a00e5041:4)
05-21 16:19:16.351  1189  1189 D StateManager: 	at com.android.launcher3.statemanager.StateManager.moveToRestState(go/retraceme 2855a437b73635ce9cad76b9289087e631bbb67fc90008a0da13d343a00e5041:1)
05-21 16:19:16.351  1189  1189 D StateManager: 	at com.android.launcher3.statemanager.StatefulActivity.onStop(go/retraceme 2855a437b73635ce9cad76b9289087e631bbb67fc90008a0da13d343a00e5041:34)
05-21 16:19:16.351  1189  1189 D StatsLog: LAUNCHER_ONSTOP
05-21 16:19:16.352  1189  1189 D StatsLog: LAUNCHER_GOOGLE_SEARCH_RESTORE_LIST_SIZE_AFTER_ACTIVITY_RESTART
05-21 16:19:16.352  1189  1923 D OneSearchSuggestProvider: Shut down the binder channel
05-21 16:19:16.420  1208  1509 I FontLog : (REDACTED) Received query %s, URI %s
05-21 16:19:16.421  1208  1509 I FontLog : (REDACTED) Query [%s] resolved to %s
05-21 16:19:16.440  1208  1509 I FontLog : (REDACTED) Fetch %s end status %s
05-21 16:19:16.462  1208  1509 I FontLog : (REDACTED) Pulling font file for id = %d, cache size = %d
05-21 16:19:16.493   913  1030 W WindowOnBackDispatcher: sendCancelIfRunning: isInProgress=false callback=android.view.ViewRootImpl$$ExternalSyntheticLambda11@6b60b3d
05-21 16:19:16.493   629   729 D CoreBackPreview: Window{38dfcf u0 Splash Screen com.anonymous.mobile EXITING}: Setting back callback null
05-21 16:19:16.496   629  1904 W InputManager-JNI: Input channel object '38dfcf Splash Screen com.anonymous.mobile (client)' was disposed without first being removed with the input manager!
05-21 16:19:16.514  1208  1509 I FontLog : (REDACTED) Pulling font file for id = %d, cache size = %d
05-21 16:19:16.917   913  1113 D EGL_emulation: app_time_stats: avg=1264.57ms min=8.18ms max=8543.28ms count=7
05-21 16:19:17.058  1857  1948 D ProfileInstaller: Installing profile for com.anonymous.mobile
05-21 16:19:17.443  1548  1562 I artd    : Dex parent of /data/app/~~y8zn2wvsWfCugA-HdyLyCA==/com.google.android.gms-23-MwJfSXp3vE5fW6YlIbg==/base.apk is not writable: Permission denied
05-21 16:19:17.443  1548  1562 I artd    : GetBestInfo checking odex in dalvik-cache (/data/dalvik-cache/x86_64/data@app@~~y8zn2wvsWfCugA-HdyLyCA==@com.google.android.gms-23-MwJfSXp3vE5fW6YlIbg==@base.apk@classes.dex)
05-21 16:19:17.443  1548  1562 I artd    : Loading /data/dalvik-cache/x86_64/data@app@~~y8zn2wvsWfCugA-HdyLyCA==@com.google.android.gms-23-MwJfSXp3vE5fW6YlIbg==@base.apk@classes.dex with executable: 0
05-21 16:19:17.443  1548  1562 I artd    : OatFileAssistant test for existing oat file /data/dalvik-cache/x86_64/data@app@~~y8zn2wvsWfCugA-HdyLyCA==@com.google.android.gms-23-MwJfSXp3vE5fW6YlIbg==@base.apk@classes.dex: File /data/dalvik-cache/x86_64/data@app@~~y8zn2wvsWfCugA-HdyLyCA==@com.google.android.gms-23-MwJfSXp3vE5fW6YlIbg==@base.apk@classes.vdex does not exist.
05-21 16:19:17.443  1548  1562 I artd    : GetBestInfo checking odex next to the dex file (/data/app/~~y8zn2wvsWfCugA-HdyLyCA==/com.google.android.gms-23-MwJfSXp3vE5fW6YlIbg==/oat/x86_64/base.odex)
05-21 16:19:17.443  1548  1562 I artd    : Loading /data/app/~~y8zn2wvsWfCugA-HdyLyCA==/com.google.android.gms-23-MwJfSXp3vE5fW6YlIbg==/oat/x86_64/base.odex with executable: 0
05-21 16:19:17.447  1548  1562 I artd    : Successfully loaded /data/app/~~y8zn2wvsWfCugA-HdyLyCA==/com.google.android.gms-23-MwJfSXp3vE5fW6YlIbg==/oat/x86_64/base.odex with executable: 0
05-21 16:19:17.447  1548  1562 I artd    : /data/app/~~y8zn2wvsWfCugA-HdyLyCA==/com.google.android.gms-23-MwJfSXp3vE5fW6YlIbg==/oat/x86_64/base.odex is kOatUpToDate with filter speed-profile
05-21 16:19:17.471  1548  1562 I artd    : Dex parent of /data/app/~~y8zn2wvsWfCugA-HdyLyCA==/com.google.android.gms-23-MwJfSXp3vE5fW6YlIbg==/split_AdsDynamite_installtime.apk is not writable: Permission denied
05-21 16:19:17.480  1548  1562 I artd    : GetBestInfo checking odex in dalvik-cache (/data/dalvik-cache/x86_64/data@app@~~y8zn2wvsWfCugA-HdyLyCA==@com.google.android.gms-23-MwJfSXp3vE5fW6YlIbg==@split_AdsDynamite_installtime.apk@classes.dex)
05-21 16:19:17.480  1548  1562 I artd    : Loading /data/dalvik-cache/x86_64/data@app@~~y8zn2wvsWfCugA-HdyLyCA==@com.google.android.gms-23-MwJfSXp3vE5fW6YlIbg==@split_AdsDynamite_installtime.apk@classes.dex with executable: 0
05-21 16:19:17.480  1548  1562 I artd    : OatFileAssistant test for existing oat file /data/dalvik-cache/x86_64/data@app@~~y8zn2wvsWfCugA-HdyLyCA==@com.google.android.gms-23-MwJfSXp3vE5fW6YlIbg==@split_AdsDynamite_installtime.apk@classes.dex: File /data/dalvik-cache/x86_64/data@app@~~y8zn2wvsWfCugA-HdyLyCA==@com.google.android.gms-23-MwJfSXp3vE5fW6YlIbg==@split_AdsDynamite_installtime.apk@classes.vdex does not exist.
05-21 16:19:17.480  1548  1562 I artd    : GetBestInfo checking odex next to the dex file (/data/app/~~y8zn2wvsWfCugA-HdyLyCA==/com.google.android.gms-23-MwJfSXp3vE5fW6YlIbg==/oat/x86_64/split_AdsDynamite_installtime.odex)
05-21 16:19:17.480  1548  1562 I artd    : Loading /data/app/~~y8zn2wvsWfCugA-HdyLyCA==/com.google.android.gms-23-MwJfSXp3vE5fW6YlIbg==/oat/x86_64/split_AdsDynamite_installtime.odex with executable: 0
05-21 16:19:17.481  1548  1562 I artd    : Successfully loaded /data/app/~~y8zn2wvsWfCugA-HdyLyCA==/com.google.android.gms-23-MwJfSXp3vE5fW6YlIbg==/oat/x86_64/split_AdsDynamite_installtime.odex with executable: 0
05-21 16:19:17.483  1548  1562 I artd    : /data/app/~~y8zn2wvsWfCugA-HdyLyCA==/com.google.android.gms-23-MwJfSXp3vE5fW6YlIbg==/oat/x86_64/split_AdsDynamite_installtime.odex is kOatUpToDate with filter speed
05-21 16:19:17.489  1548  1562 I artd    : Dex parent of /data/app/~~y8zn2wvsWfCugA-HdyLyCA==/com.google.android.gms-23-MwJfSXp3vE5fW6YlIbg==/split_CronetDynamite_installtime.apk is not writable: Permission denied
05-21 16:19:17.489  1548  1562 I artd    : GetBestInfo checking odex in dalvik-cache (/data/dalvik-cache/x86_64/data@app@~~y8zn2wvsWfCugA-HdyLyCA==@com.google.android.gms-23-MwJfSXp3vE5fW6YlIbg==@split_CronetDynamite_installtime.apk@classes.dex)
05-21 16:19:17.489  1548  1562 I artd    : Loading /data/dalvik-cache/x86_64/data@app@~~y8zn2wvsWfCugA-HdyLyCA==@com.google.android.gms-23-MwJfSXp3vE5fW6YlIbg==@split_CronetDynamite_installtime.apk@classes.dex with executable: 0
05-21 16:19:17.489  1548  1562 I artd    : OatFileAssistant test for existing oat file /data/dalvik-cache/x86_64/data@app@~~y8zn2wvsWfCugA-HdyLyCA==@com.google.android.gms-23-MwJfSXp3vE5fW6YlIbg==@split_CronetDynamite_installtime.apk@classes.dex: File /data/dalvik-cache/x86_64/data@app@~~y8zn2wvsWfCugA-HdyLyCA==@com.google.android.gms-23-MwJfSXp3vE5fW6YlIbg==@split_CronetDynamite_installtime.apk@classes.vdex does not exist.
