05-21 16:19:21.786   629   629 W IPCThreadState: Sending oneway calls to frozen process.
05-21 16:19:21.786   629   629 W IPCThreadState: Sending oneway calls to frozen process.
05-21 16:19:21.794  1423  1437 I AiAiEcho: Settings changed for uri: content://settings/secure/accessibility_enabled
05-21 16:19:21.795 29493 29526 I A       : NGA disabled since it's running Panthera and at least one a11y feature is on.
05-21 16:19:21.795   629   629 W IPCThreadState: Sending oneway calls to frozen process.
05-21 16:19:21.795  1423  1669 I AiAiEcho: Predicting[0]:  [CONTEXT sampling_count=5 ]
05-21 16:19:21.795   629   629 W IPCThreadState: Sending oneway calls to frozen process.
05-21 16:19:21.795   629   629 W IPCThreadState: Sending oneway calls to frozen process.
05-21 16:19:21.795   629   629 W IPCThreadState: Sending oneway calls to frozen process.
05-21 16:19:21.795  1423  1669 I AiAiEcho: EchoTargets: 
05-21 16:19:21.795  1423  1669 I AiAiEcho: Filtered by AiAi flag check: 
05-21 16:19:21.795  1423  1669 I AiAiEcho: [CONTEXT ratelimit_period="10 SECONDS" ]
05-21 16:19:21.795   629   629 W IPCThreadState: Sending oneway calls to frozen process.
05-21 16:19:21.795  1423  1669 I AiAiEcho: Ranked targets strategy: SORT, count: 0, ranking metadata:  [CONTEXT ratelimit_period="10 SECONDS" ]
05-21 16:19:21.796  1423  1669 I AiAiEcho: #remoteViewsTwiddler: feature disabled.
05-21 16:19:21.798  1423  1669 I AiAiEcho: #postPredictionTargets: Sending updates to UISurface media_data_manager with targets# 0 (types=[])
05-21 16:19:21.798   629   629 W IPCThreadState: Sending oneway calls to frozen process.
05-21 16:19:21.798   629   629 W IPCThreadState: Sending oneway calls to frozen process.
05-21 16:19:21.798   629   629 W IPCThreadState: Sending oneway calls to frozen process.
05-21 16:19:21.798  1423  1669 I AiAiEcho: Predicting[0]:  [CONTEXT sampling_count=5 ]
05-21 16:19:21.798   629   629 W IPCThreadState: Sending oneway calls to frozen process.
05-21 16:19:21.798  1423  1669 I AiAiEcho: EchoTargets: 
05-21 16:19:21.798  1423  1669 I AiAiEcho: Filtered by AiAi flag check: 
05-21 16:19:21.798  1423  1669 I AiAiEcho: [CONTEXT ratelimit_period="10 SECONDS" ]
05-21 16:19:21.798   629   629 W IPCThreadState: Sending oneway calls to frozen process.
05-21 16:19:21.798  1423  1669 I AiAiEcho: Ranked targets strategy: SORT, count: 0, ranking metadata:  [CONTEXT ratelimit_period="10 SECONDS" ]
05-21 16:19:21.799   629   629 D BatterySaverPolicy: accessibility changed to true, updating policy.
05-21 16:19:21.799 29493 29526 I A       : (REDACTED) Nga state changed to %s
05-21 16:19:21.799  1423  1669 I AiAiEcho: #remoteViewsTwiddler: feature disabled.
05-21 16:19:21.799  1423  1669 I AiAiEcho: Predicting[0]:  [CONTEXT sampling_count=5 ]
05-21 16:19:21.799  1423  1669 I AiAiEcho: EchoTargets: 
05-21 16:19:21.799  1423  1669 I AiAiEcho: Filtered by AiAi flag check: 
05-21 16:19:21.799  1423  1669 I AiAiEcho: [CONTEXT ratelimit_period="10 SECONDS" ]
05-21 16:19:21.799 29493 29526 I A       : (REDACTED) isTngActive=%s
05-21 16:19:21.800  1423  1669 I AiAiEcho: Ranked targets strategy: SORT, count: 0, ranking metadata:  [CONTEXT ratelimit_period="10 SECONDS" ]
05-21 16:19:21.800  1423  1669 I AiAiEcho: #remoteViewsTwiddler: feature disabled.
05-21 16:19:21.800  1423  1669 I AiAiEcho: #postPredictionTargets: Sending updates to UISurface lockscreen with targets# 0 (types=[])
05-21 16:19:21.807  1423  1669 I AiAiEcho: #postPredictionTargets: Sending updates to UISurface home with targets# 0 (types=[])
05-21 16:19:21.851  1189  1189 D SsBaseTemplateCard: No text view can be set up
05-21 16:19:21.859  1189  1189 D SsBaseTemplateCard: Passed-in item info is null
05-21 16:19:21.859   913   913 D SsMediaDataProvider: Forwarding Smartspace updates []
05-21 16:19:21.862   913   913 W PageIndicator: Total number of pages invalid: 0. Assuming 1 page.
05-21 16:19:21.862   913   913 D SsMediaDataProvider: Forwarding Smartspace updates []
05-21 16:19:21.863   913   913 W PageIndicator: Total number of pages invalid: 0. Assuming 1 page.
05-21 16:19:21.869  1189  1189 D SsBaseTemplateCard: Passed-in item info is null
05-21 16:19:21.869  1189  1189 D SsBaseTemplateCard: Passed-in item info is null
05-21 16:19:21.869  1189  1189 I SsBaseTemplateCard: Secondary card pane is null
05-21 16:19:21.869  1189  1189 D SsBaseTemplateCard: No text view can be set up
05-21 16:19:21.870  1189  1189 D SsBaseTemplateCard: Passed-in item info is null
05-21 16:19:21.870  1189  1189 D SsBaseTemplateCard: Passed-in item info is null
05-21 16:19:21.870  1189  1189 D SsBaseTemplateCard: Passed-in item info is null
05-21 16:19:21.870  1189  1189 I SsBaseTemplateCard: Secondary card pane is null
05-21 16:19:21.992  1453  2110 I A       : (REDACTED) Nga on-device enabled based on TNG:MA active state: %b
05-21 16:19:22.071  1453  2110 I A       : (REDACTED) Nga on-device enabled based on TNG:MA active state: %b
05-21 16:19:22.101  1453  2110 I A       : Unsubscribed to apa or classic variant change.
05-21 16:19:22.908 29493  1976 I A       : (REDACTED) Successfully received auth token for scope: %s in time %d ms
05-21 16:19:23.016  1208  1509 I NullBinder: NullBinder for android.net.action.RECOMMEND_NETWORKS triggering remote TransactionTooLargeException due to Service without Chimera impl, calling uid: 1000, calling pid: 0
05-21 16:19:23.016  1208  1509 W .gms.persistent: Large reply transaction of 1056768 bytes, interface descriptor , code 1
05-21 16:19:23.094   629   816 W IPCThreadState: Sending oneway calls to frozen process.
05-21 16:19:23.094   629   816 W IPCThreadState: Sending oneway calls to frozen process.
05-21 16:19:23.094   629   816 W IPCThreadState: Sending oneway calls to frozen process.
05-21 16:19:23.095   629   816 W IPCThreadState: Sending oneway calls to frozen process.
05-21 16:19:23.095   629   816 W IPCThreadState: Sending oneway calls to frozen process.
05-21 16:19:23.095   629   816 W IPCThreadState: Sending oneway calls to frozen process.
05-21 16:19:23.114  1487  1921 I BugleRcsEngine: Connected state: [1], networkType: [WIFI] [CONTEXT thread_id=57 ]
05-21 16:19:23.118  1487  2205 I BugleRcsEngine: handleMessage processing message:[NOTIFY_UPTIME_IGNORE_STATE_CHANGED] with [non-null]:RcsEngineImpl reference [CONTEXT log_prefix="RcsEngineImpl[DUAL_REG]:[fc367e62-fd29]>Handler" thread_id=62 ]
05-21 16:19:23.145   629   816 W IPCThreadState: Sending oneway calls to frozen process.
05-21 16:19:23.146   629   816 W IPCThreadState: Sending oneway calls to frozen process.
05-21 16:19:23.146   629   816 W IPCThreadState: Sending oneway calls to frozen process.
05-21 16:19:23.146   629   816 W IPCThreadState: Sending oneway calls to frozen process.
05-21 16:19:23.146   629   816 W IPCThreadState: Sending oneway calls to frozen process.
05-21 16:19:23.146   629   816 W IPCThreadState: Sending oneway calls to frozen process.
05-21 16:19:23.147   629   816 W IPCThreadState: Sending oneway calls to frozen process.
05-21 16:19:23.147   629   816 W IPCThreadState: Sending oneway calls to frozen process.
05-21 16:19:23.147   629   816 W IPCThreadState: Sending oneway calls to frozen process.
05-21 16:19:23.203  1953  1953 W AccessibilityNodeInfoDumper: Fetch time: 160ms
05-21 16:19:23.234   629   963 W MagnificationConnectionManager: requestConnection duplicated request: connect=false, mConnectionState=DISCONNECTED
05-21 16:19:23.234   629   963 D AccessibilityManagerService: restoreCurrentUserForTestAutomationIfNeededLocked(): ignoring because device doesn't support visible background users
05-21 16:19:23.235   629   629 W IPCThreadState: Sending oneway calls to frozen process.
05-21 16:19:23.235   629   629 W IPCThreadState: Sending oneway calls to frozen process.
05-21 16:19:23.242   629   629 W IPCThreadState: Sending oneway calls to frozen process.
05-21 16:19:23.242   629   629 W IPCThreadState: Sending oneway calls to frozen process.
05-21 16:19:23.242   629   629 W IPCThreadState: Sending oneway calls to frozen process.
05-21 16:19:23.258  1423  1437 I AiAiEcho: Settings changed for uri: content://settings/secure/accessibility_enabled
05-21 16:19:23.272  1423  1669 I AiAiEcho: Predicting[0]:  [CONTEXT sampling_count=5 ]
05-21 16:19:23.272  1423  1669 I AiAiEcho: EchoTargets: 
05-21 16:19:23.272  1423  1669 I AiAiEcho: Filtered by AiAi flag check: 
05-21 16:19:23.272  1423  1669 I AiAiEcho: [CONTEXT ratelimit_period="10 SECONDS" ]
05-21 16:19:23.276  1423  1669 I AiAiEcho: Ranked targets strategy: SORT, count: 0, ranking metadata:  [CONTEXT ratelimit_period="10 SECONDS" ]
05-21 16:19:23.277  1423  1669 I AiAiEcho: #remoteViewsTwiddler: feature disabled.
05-21 16:19:23.277  1423  1669 I AiAiEcho: Predicting[0]:  [CONTEXT sampling_count=5 ]
05-21 16:19:23.277  1423  1669 I AiAiEcho: EchoTargets: 
05-21 16:19:23.277  1423  1669 I AiAiEcho: Filtered by AiAi flag check: 
05-21 16:19:23.277  1423  1669 I AiAiEcho: [CONTEXT ratelimit_period="10 SECONDS" ]
05-21 16:19:23.278  1423  1669 I AiAiEcho: Ranked targets strategy: SORT, count: 0, ranking metadata:  [CONTEXT ratelimit_period="10 SECONDS" ]
05-21 16:19:23.278  1423  1669 I AiAiEcho: #remoteViewsTwiddler: feature disabled.
05-21 16:19:23.281  1423  1669 I AiAiEcho: Predicting[0]:  [CONTEXT sampling_count=5 ]
05-21 16:19:23.282  1423  1669 I AiAiEcho: EchoTargets: 
05-21 16:19:23.282  1423  1669 I AiAiEcho: Filtered by AiAi flag check: 
05-21 16:19:23.282  1423  1669 I AiAiEcho: [CONTEXT ratelimit_period="10 SECONDS" ]
05-21 16:19:23.282  1423  1669 I AiAiEcho: Ranked targets strategy: SORT, count: 0, ranking metadata:  [CONTEXT ratelimit_period="10 SECONDS" ]
05-21 16:19:23.283  1423  1669 I AiAiEcho: #remoteViewsTwiddler: feature disabled.
05-21 16:19:23.284  1423  1669 I AiAiEcho: #postPredictionTargets: Sending updates to UISurface media_data_manager with targets# 0 (types=[])
05-21 16:19:23.285   913   913 D SsMediaDataProvider: Forwarding Smartspace updates []
05-21 16:19:23.287  1423  1669 I AiAiEcho: #postPredictionTargets: Sending updates to UISurface lockscreen with targets# 0 (types=[])
05-21 16:19:23.295  1423  1669 I AiAiEcho: #postPredictionTargets: Sending updates to UISurface home with targets# 0 (types=[])
05-21 16:19:23.295   629   629 W IPCThreadState: Sending oneway calls to frozen process.
05-21 16:19:23.295   629   629 W IPCThreadState: Sending oneway calls to frozen process.
05-21 16:19:23.295   629   629 W IPCThreadState: Sending oneway calls to frozen process.
05-21 16:19:23.295   629   629 W IPCThreadState: Sending oneway calls to frozen process.
05-21 16:19:23.295   629   629 W IPCThreadState: Sending oneway calls to frozen process.
05-21 16:19:23.298   913   913 W PageIndicator: Total number of pages invalid: 0. Assuming 1 page.
05-21 16:19:23.307  1953  1953 D AndroidRuntime: Shutting down VM
05-21 16:19:23.342   629   629 W IPCThreadState: Sending oneway calls to frozen process.
05-21 16:19:23.342   629   629 W IPCThreadState: Sending oneway calls to frozen process.
05-21 16:19:23.342   629   629 W IPCThreadState: Sending oneway calls to frozen process.
05-21 16:19:23.342   629   629 W IPCThreadState: Sending oneway calls to frozen process.
05-21 16:19:23.342   629   629 W IPCThreadState: Sending oneway calls to frozen process.
05-21 16:19:23.343   629   629 D BatterySaverPolicy: accessibility changed to false, updating policy.
05-21 16:19:23.343  1487  2205 I BugleRcsEngine: No RCS Configuration was found in Bugle for simID: redacted-pii:sim_id[chars:20,last3:897] [CONTEXT log_prefix="ProvisioningEngineDataRetriever" thread_id=62 ]
05-21 16:19:23.463 29493 29525 I A       : NGA enabled in interactor.
05-21 16:19:23.463 29493 29525 I A       : (REDACTED) Nga state changed to %s
05-21 16:19:23.463 29493 29525 I A       : (REDACTED) isTngActive=%s
05-21 16:19:23.527  1453  1466 I A       : Initializing all components
05-21 16:19:23.528  1453  2012 I A       : (REDACTED) onIsEnabledChanged, isEnabled: %s
05-21 16:19:23.529  1453  2012 W A       : Disposing empty manager. Did you forgot to subscribe observables?
05-21 16:19:23.529  1453  2012 W A       : Disposing empty manager. Did you forgot to subscribe observables?
05-21 16:19:23.529  1189  1189 D SsBaseTemplateCard: No text view can be set up
05-21 16:19:23.530  1189  1189 D SsBaseTemplateCard: Passed-in item info is null
05-21 16:19:23.530  1189  1189 D SsBaseTemplateCard: Passed-in item info is null
05-21 16:19:23.530  1189  1189 D SsBaseTemplateCard: Passed-in item info is null
05-21 16:19:23.530  1189  1189 I SsBaseTemplateCard: Secondary card pane is null
05-21 16:19:23.547  1453  2012 W A       : Disposing empty manager. Did you forgot to subscribe observables?
05-21 16:19:23.548  1453  2012 W A       : Disposing empty manager. Did you forgot to subscribe observables?
05-21 16:19:23.548  1453  2012 W A       : Disposing empty manager. Did you forgot to subscribe observables?
05-21 16:19:23.549  1453  2012 W A       : Disposing empty manager. Did you forgot to subscribe observables?
05-21 16:19:23.549  1453  2012 W A       : Disposing empty manager. Did you forgot to subscribe observables?
05-21 16:19:23.549  1453  2012 W A       : Disposing empty manager. Did you forgot to subscribe observables?
05-21 16:19:23.549  1453  2012 W A       : Disposing empty manager. Did you forgot to subscribe observables?
05-21 16:19:23.549  1453  2012 W A       : Disposing empty manager. Did you forgot to subscribe observables?
05-21 16:19:23.549  1453  2012 W A       : Disposing empty manager. Did you forgot to subscribe observables?
05-21 16:19:23.549  1453  2012 I A       : (REDACTED) Setting session to type: %s
05-21 16:19:23.549  1453  2012 W A       : Disposing empty manager. Did you forgot to subscribe observables?
05-21 16:19:23.549  1453  2012 W A       : Disposing empty manager. Did you forgot to subscribe observables?
05-21 16:19:23.549  1453  2012 W A       : Disposing empty manager. Did you forgot to subscribe observables?
05-21 16:19:23.549  1453  2012 W A       : Disposing empty manager. Did you forgot to subscribe observables?
05-21 16:19:23.589  1453  2012 W A       : Disposing empty manager. Did you forgot to subscribe observables?
05-21 16:19:23.614  1453  2012 W A       : Disposing empty manager. Did you forgot to subscribe observables?
05-21 16:19:23.647  1453  2110 I A       : (REDACTED) Nga on-device enabled based on TNG:MA active state: %b
05-21 16:19:23.654  1453  2012 I A       : (REDACTED) setNavBarVisible: %s
05-21 16:19:23.674  1208 32280 I NearbySharing: Network state changed: NetworkState(isRestricted=false, isOnline=true, isCongested=false, isMetered=false, isWifiConnected=true)
05-21 16:19:23.719  1453  2012 W A       : Disposing empty manager. Did you forgot to subscribe observables?
05-21 16:19:23.721  1453  2012 W A       : Disposing empty manager. Did you forgot to subscribe observables?
05-21 16:19:23.723  1453  2012 W A       : Disposing empty manager. Did you forgot to subscribe observables?
05-21 16:19:23.724  1453  2012 W A       : Disposing empty manager. Did you forgot to subscribe observables?
05-21 16:19:23.724  1453  2012 W A       : Disposing empty manager. Did you forgot to subscribe observables?
05-21 16:19:23.724  1453  2012 W A       : Disposing empty manager. Did you forgot to subscribe observables?
05-21 16:19:23.763  1453  2012 I A       : (REDACTED) Nga on-device enabled based on TNG:MA active state: %b
05-21 16:19:23.970 29493  1976 I A       : (REDACTED) Successfully received auth token for scope: %s in time %d ms
05-21 16:19:24.075  1453  2012 I A       : Initialize
05-21 16:19:24.086  1453  2012 I A       : (REDACTED) on opa visibility changed %s
05-21 16:19:24.087  1453  2012 I A       : (REDACTED) stopListening(%s, %s)
05-21 16:19:24.105  1453  2012 I A       : (REDACTED) on opa visibility changed %s
05-21 16:19:24.153  1453  2012 I NgaEntryPointEventSendr: setupConnection
05-21 16:19:24.193  1453  2012 I NgaEntryPointEventSendr: (REDACTED) State changed: %s => %s
05-21 16:19:24.194  1453  2012 I NgaEntryPointEventSendr: onServiceConnected
05-21 16:19:24.195 29493 29501 I A       : Calling beginBinderSession().
05-21 16:19:24.304 29493 29501 I A       : beginBinderSession(): calling binder
05-21 16:19:24.319  1453  2012 I NgaEntryPointEventSendr: (REDACTED) State changed: %s => %s
05-21 16:19:24.609  1453  2012 I A       : (REDACTED) Nga on-device enabled based on TNG:MA active state: %b
05-21 16:19:24.635  1453  2012 I INV.SystemUI: showGestureNav
05-21 16:19:24.635  1453  2012 I INV.SystemUI: (REDACTED) setUiHints(hints = %s)
05-21 16:19:24.646  1453  2110 I ALT.ARCProvider: (REDACTED) #audio# activating audio request client(%s)
05-21 16:19:24.713  1453  2012 I A       : Successfully initialized all components
05-21 16:19:24.717  1453  2110 I ALT.ClientsRegy: (REDACTED) #audio# activating audio client(token(%d), %s)
05-21 16:19:24.764  1453  2110 I ALT.ClientsRegy: (REDACTED) #audio# enforcing concurrency state on a new client(%s, token(%d))
05-21 16:19:24.767  1453  2012 I INV.SystemUI: setUiHints: finished successfully
05-21 16:19:24.977  1453  2110 I ALT.AudioRoutesRegy: (REDACTED) #audio# initializing the default route(%d) for %s
05-21 16:19:25.034 29493 29508 I earchbox:search: WaitForGcToComplete blocked ProfileSaver on None for 156.490ms
05-21 16:19:25.045  1208  1208 D BoundBrokerSvc: onUnbind: Intent { act=com.google.android.gms.common.telemetry.service.START dat=chimera-action:/... cmp=com.google.android.gms/.chimera.PersistentApiService }
05-21 16:19:25.168  1453  2110 I ALT.ARClient: (REDACTED) #audio# routing audio request client(token(%d)) to(%s)
05-21 16:19:25.175  1453  2110 I ALT.HotwordRoutesRegy: (REDACTED) #audio# initializing the default route(%s) for hotword
05-21 16:19:25.479   629  3316 D ActivityManager: sync unfroze 27855 com.google.android.gms for 6
05-21 16:19:25.507  1453  2110 I ALT.AudioRoutesRegy: (REDACTED) #audio# updating to audio route(token(%d), %s) for %s
05-21 16:19:25.533  1453  2110 I ALT.AudioRoutesRegy: (REDACTED) #audio# audio route(token(%d), %s) OK to update
05-21 16:19:25.534  1453  2110 I ALT.AudioRoutesRegy: (REDACTED) #audio# enforcing concurrency state on a new audio route of %s
05-21 16:19:25.635  1453  2110 I ALT.AudioRoutesRegy: (REDACTED) #audio# disconnecting(%s) audio %s for %s
05-21 16:19:25.743   629  1900 W ActivityManager: Unable to start service Intent { cmp=com.google.android.apps.tachyon/.clientapi.ClientApiService } U=0: not found
05-21 16:19:25.823  1453  2012 I NgaEntryPointEventSendr: (REDACTED) State changed: %s => %s (%s)
05-21 16:19:25.916 29493 29536 W A       : (REDACTED) %s task was not run. Callback from Service received after client was disposed.
05-21 16:19:25.962 29493 29536 W A       : (REDACTED) %s task was not run. Callback from Service received after client was disposed.
05-21 16:19:26.109 29493  1976 I PBSessionCacheImpl: (REDACTED) Deleted sessionId[%d] from persistence.
05-21 16:19:26.169 29493 29536 W SearchServiceCore: Abort, client detached.
05-21 16:19:26.387 29493 29536 I MicroDetectionState: (REDACTED) #takeChangeMicroDetectorMode [mIsBargeInEnabled: %b, mCurrentDetectionMode: %s]
05-21 16:19:26.387 29493 29536 I MicroDetectionState: (REDACTED) Should stop hotword detection immediately - %b
05-21 16:19:26.893 27855 29303 I Icing   : IndexChimeraService.getServiceInterface callingPackage=com.google.android.googlequicksearchbox componentName=null serviceId=36
05-21 16:19:27.299  1453  2110 I ALT.AudioRoutesRegy: (REDACTED) #audio# starting connection to audio route(token(%d), %s) for %s
05-21 16:19:27.355  1453  2110 I A       : (REDACTED) State changed: %s => %s by %s and %s with %s
05-21 16:19:27.505  1453  2110 I A       : (REDACTED) Recognizer choice: (recognizer_type: %s, recognizer_mode: %s, choice_reason: %s)
05-21 16:19:27.528  1453  2012 I ALT.RefManager: (REDACTED) #audio# referencing(%s) to(%s), (%s)
05-21 16:19:27.528  1453  2110 I A       : (REDACTED) onActiveStateChangeEvent: %s => %s
05-21 16:19:27.564  1453  2012 I A       : (REDACTED) #audio# audio routing(%s) took %d(ms)
05-21 16:19:27.565  1453  2012 I ALT.AudioEventsHolder: (REDACTED) #audio# route(%s) for audio request client(token(%d)) updated with status(%s)
05-21 16:19:27.664  1453  1568 I hbox:interactor: WaitForGcToComplete blocked ProfileSaver on None for 13.717ms
05-21 16:19:27.713  1857  1866 I nonymous.mobile: Compiler allocated 4219KB to compile void android.widget.TextView.<init>(android.content.Context, android.util.AttributeSet, int, int)
05-21 16:19:27.838  1453  2110 W A       : (REDACTED) Missing generator mapping for generator %s
05-21 16:19:27.838  1453  2110 W A       : (REDACTED) Missing generator mapping for generator %s
05-21 16:19:27.839  1453  2110 W A       : (REDACTED) Missing generator mapping for generator %s
05-21 16:19:27.907 27855 29724 I Icing   : IndexChimeraService.getServiceInterface callingPackage=com.google.android.gms componentName=null serviceId=30
05-21 16:19:28.134  1548  1563 I artd    : Dex parent of /data/app/~~y8zn2wvsWfCugA-HdyLyCA==/com.google.android.gms-23-MwJfSXp3vE5fW6YlIbg==/base.apk is not writable: Permission denied
05-21 16:19:28.135  1548  1563 I artd    : GetBestInfo checking odex in dalvik-cache (/data/dalvik-cache/x86_64/data@app@~~y8zn2wvsWfCugA-HdyLyCA==@com.google.android.gms-23-MwJfSXp3vE5fW6YlIbg==@base.apk@classes.dex)
05-21 16:19:28.135  1548  1563 I artd    : Loading /data/dalvik-cache/x86_64/data@app@~~y8zn2wvsWfCugA-HdyLyCA==@com.google.android.gms-23-MwJfSXp3vE5fW6YlIbg==@base.apk@classes.dex with executable: 0
05-21 16:19:28.135  1548  1563 I artd    : OatFileAssistant test for existing oat file /data/dalvik-cache/x86_64/data@app@~~y8zn2wvsWfCugA-HdyLyCA==@com.google.android.gms-23-MwJfSXp3vE5fW6YlIbg==@base.apk@classes.dex: File /data/dalvik-cache/x86_64/data@app@~~y8zn2wvsWfCugA-HdyLyCA==@com.google.android.gms-23-MwJfSXp3vE5fW6YlIbg==@base.apk@classes.vdex does not exist.
05-21 16:19:28.135  1548  1563 I artd    : GetBestInfo checking odex next to the dex file (/data/app/~~y8zn2wvsWfCugA-HdyLyCA==/com.google.android.gms-23-MwJfSXp3vE5fW6YlIbg==/oat/x86_64/base.odex)
05-21 16:19:28.135  1548  1563 I artd    : Loading /data/app/~~y8zn2wvsWfCugA-HdyLyCA==/com.google.android.gms-23-MwJfSXp3vE5fW6YlIbg==/oat/x86_64/base.odex with executable: 0
05-21 16:19:28.147  1548  1563 I artd    : Successfully loaded /data/app/~~y8zn2wvsWfCugA-HdyLyCA==/com.google.android.gms-23-MwJfSXp3vE5fW6YlIbg==/oat/x86_64/base.odex with executable: 0
05-21 16:19:28.147  1548  1563 I artd    : /data/app/~~y8zn2wvsWfCugA-HdyLyCA==/com.google.android.gms-23-MwJfSXp3vE5fW6YlIbg==/oat/x86_64/base.odex is kOatUpToDate with filter speed-profile
05-21 16:19:28.162  1548  1563 I artd    : Dex parent of /data/app/~~y8zn2wvsWfCugA-HdyLyCA==/com.google.android.gms-23-MwJfSXp3vE5fW6YlIbg==/split_AdsDynamite_installtime.apk is not writable: Permission denied
05-21 16:19:28.162  1548  1563 I artd    : GetBestInfo checking odex in dalvik-cache (/data/dalvik-cache/x86_64/data@app@~~y8zn2wvsWfCugA-HdyLyCA==@com.google.android.gms-23-MwJfSXp3vE5fW6YlIbg==@split_AdsDynamite_installtime.apk@classes.dex)
05-21 16:19:28.162  1548  1563 I artd    : Loading /data/dalvik-cache/x86_64/data@app@~~y8zn2wvsWfCugA-HdyLyCA==@com.google.android.gms-23-MwJfSXp3vE5fW6YlIbg==@split_AdsDynamite_installtime.apk@classes.dex with executable: 0
05-21 16:19:28.162  1548  1563 I artd    : OatFileAssistant test for existing oat file /data/dalvik-cache/x86_64/data@app@~~y8zn2wvsWfCugA-HdyLyCA==@com.google.android.gms-23-MwJfSXp3vE5fW6YlIbg==@split_AdsDynamite_installtime.apk@classes.dex: File /data/dalvik-cache/x86_64/data@app@~~y8zn2wvsWfCugA-HdyLyCA==@com.google.android.gms-23-MwJfSXp3vE5fW6YlIbg==@split_AdsDynamite_installtime.apk@classes.vdex does not exist.
05-21 16:19:28.162  1548  1563 I artd    : GetBestInfo checking odex next to the dex file (/data/app/~~y8zn2wvsWfCugA-HdyLyCA==/com.google.android.gms-23-MwJfSXp3vE5fW6YlIbg==/oat/x86_64/split_AdsDynamite_installtime.odex)
05-21 16:19:28.162  1548  1563 I artd    : Loading /data/app/~~y8zn2wvsWfCugA-HdyLyCA==/com.google.android.gms-23-MwJfSXp3vE5fW6YlIbg==/oat/x86_64/split_AdsDynamite_installtime.odex with executable: 0
05-21 16:19:28.163  1548  1563 I artd    : Successfully loaded /data/app/~~y8zn2wvsWfCugA-HdyLyCA==/com.google.android.gms-23-MwJfSXp3vE5fW6YlIbg==/oat/x86_64/split_AdsDynamite_installtime.odex with executable: 0
05-21 16:19:28.163  1548  1563 I artd    : /data/app/~~y8zn2wvsWfCugA-HdyLyCA==/com.google.android.gms-23-MwJfSXp3vE5fW6YlIbg==/oat/x86_64/split_AdsDynamite_installtime.odex is kOatUpToDate with filter speed
05-21 16:19:28.171  1548  1563 I artd    : Dex parent of /data/app/~~y8zn2wvsWfCugA-HdyLyCA==/com.google.android.gms-23-MwJfSXp3vE5fW6YlIbg==/split_CronetDynamite_installtime.apk is not writable: Permission denied
05-21 16:19:28.171  1548  1563 I artd    : GetBestInfo checking odex in dalvik-cache (/data/dalvik-cache/x86_64/data@app@~~y8zn2wvsWfCugA-HdyLyCA==@com.google.android.gms-23-MwJfSXp3vE5fW6YlIbg==@split_CronetDynamite_installtime.apk@classes.dex)
05-21 16:19:28.171  1548  1563 I artd    : Loading /data/dalvik-cache/x86_64/data@app@~~y8zn2wvsWfCugA-HdyLyCA==@com.google.android.gms-23-MwJfSXp3vE5fW6YlIbg==@split_CronetDynamite_installtime.apk@classes.dex with executable: 0
05-21 16:19:28.171  1548  1563 I artd    : OatFileAssistant test for existing oat file /data/dalvik-cache/x86_64/data@app@~~y8zn2wvsWfCugA-HdyLyCA==@com.google.android.gms-23-MwJfSXp3vE5fW6YlIbg==@split_CronetDynamite_installtime.apk@classes.dex: File /data/dalvik-cache/x86_64/data@app@~~y8zn2wvsWfCugA-HdyLyCA==@com.google.android.gms-23-MwJfSXp3vE5fW6YlIbg==@split_CronetDynamite_installtime.apk@classes.vdex does not exist.
05-21 16:19:28.171  1548  1563 I artd    : GetBestInfo checking odex next to the dex file (/data/app/~~y8zn2wvsWfCugA-HdyLyCA==/com.google.android.gms-23-MwJfSXp3vE5fW6YlIbg==/oat/x86_64/split_CronetDynamite_installtime.odex)
05-21 16:19:28.171  1548  1563 I artd    : Loading /data/app/~~y8zn2wvsWfCugA-HdyLyCA==/com.google.android.gms-23-MwJfSXp3vE5fW6YlIbg==/oat/x86_64/split_CronetDynamite_installtime.odex with executable: 0
05-21 16:19:28.171  1548  1563 I artd    : Successfully loaded /data/app/~~y8zn2wvsWfCugA-HdyLyCA==/com.google.android.gms-23-MwJfSXp3vE5fW6YlIbg==/oat/x86_64/split_CronetDynamite_installtime.odex with executable: 0
05-21 16:19:28.171  1548  1563 I artd    : /data/app/~~y8zn2wvsWfCugA-HdyLyCA==/com.google.android.gms-23-MwJfSXp3vE5fW6YlIbg==/oat/x86_64/split_CronetDynamite_installtime.odex is kOatUpToDate with filter speed-profile
05-21 16:19:28.171  1453  1466 V ClearcutMetricXmitter: Transmission is done.
05-21 16:19:28.178  1548  1563 I artd    : Dex parent of /data/app/~~y8zn2wvsWfCugA-HdyLyCA==/com.google.android.gms-23-MwJfSXp3vE5fW6YlIbg==/split_DynamiteLoader_installtime.apk is not writable: Permission denied
05-21 16:19:28.178  1548  1563 I artd    : GetBestInfo checking odex in dalvik-cache (/data/dalvik-cache/x86_64/data@app@~~y8zn2wvsWfCugA-HdyLyCA==@com.google.android.gms-23-MwJfSXp3vE5fW6YlIbg==@split_DynamiteLoader_installtime.apk@classes.dex)
05-21 16:19:28.178  1548  1563 I artd    : Loading /data/dalvik-cache/x86_64/data@app@~~y8zn2wvsWfCugA-HdyLyCA==@com.google.android.gms-23-MwJfSXp3vE5fW6YlIbg==@split_DynamiteLoader_installtime.apk@classes.dex with executable: 0
05-21 16:19:28.178  1548  1563 I artd    : OatFileAssistant test for existing oat file /data/dalvik-cache/x86_64/data@app@~~y8zn2wvsWfCugA-HdyLyCA==@com.google.android.gms-23-MwJfSXp3vE5fW6YlIbg==@split_DynamiteLoader_installtime.apk@classes.dex: File /data/dalvik-cache/x86_64/data@app@~~y8zn2wvsWfCugA-HdyLyCA==@com.google.android.gms-23-MwJfSXp3vE5fW6YlIbg==@split_DynamiteLoader_installtime.apk@classes.vdex does not exist.
05-21 16:19:28.178  1548  1563 I artd    : GetBestInfo checking odex next to the dex file (/data/app/~~y8zn2wvsWfCugA-HdyLyCA==/com.google.android.gms-23-MwJfSXp3vE5fW6YlIbg==/oat/x86_64/split_DynamiteLoader_installtime.odex)
05-21 16:19:28.179  1548  1563 I artd    : Loading /data/app/~~y8zn2wvsWfCugA-HdyLyCA==/com.google.android.gms-23-MwJfSXp3vE5fW6YlIbg==/oat/x86_64/split_DynamiteLoader_installtime.odex with executable: 0
05-21 16:19:28.179  1548  1563 I artd    : Successfully loaded /data/app/~~y8zn2wvsWfCugA-HdyLyCA==/com.google.android.gms-23-MwJfSXp3vE5fW6YlIbg==/oat/x86_64/split_DynamiteLoader_installtime.odex with executable: 0
05-21 16:19:28.182  1548  1563 I artd    : /data/app/~~y8zn2wvsWfCugA-HdyLyCA==/com.google.android.gms-23-MwJfSXp3vE5fW6YlIbg==/oat/x86_64/split_DynamiteLoader_installtime.odex is kOatUpToDate with filter speed
05-21 16:19:28.209  1548  1563 I artd    : Dex parent of /data/app/~~y8zn2wvsWfCugA-HdyLyCA==/com.google.android.gms-23-MwJfSXp3vE5fW6YlIbg==/split_DynamiteModulesA_installtime.apk is not writable: Permission denied
05-21 16:19:28.209  1548  1563 I artd    : GetBestInfo checking odex in dalvik-cache (/data/dalvik-cache/x86_64/data@app@~~y8zn2wvsWfCugA-HdyLyCA==@com.google.android.gms-23-MwJfSXp3vE5fW6YlIbg==@split_DynamiteModulesA_installtime.apk@classes.dex)
05-21 16:19:28.209  1548  1563 I artd    : Loading /data/dalvik-cache/x86_64/data@app@~~y8zn2wvsWfCugA-HdyLyCA==@com.google.android.gms-23-MwJfSXp3vE5fW6YlIbg==@split_DynamiteModulesA_installtime.apk@classes.dex with executable: 0
05-21 16:19:28.209  1548  1563 I artd    : OatFileAssistant test for existing oat file /data/dalvik-cache/x86_64/data@app@~~y8zn2wvsWfCugA-HdyLyCA==@com.google.android.gms-23-MwJfSXp3vE5fW6YlIbg==@split_DynamiteModulesA_installtime.apk@classes.dex: File /data/dalvik-cache/x86_64/data@app@~~y8zn2wvsWfCugA-HdyLyCA==@com.google.android.gms-23-MwJfSXp3vE5fW6YlIbg==@split_DynamiteModulesA_installtime.apk@classes.vdex does not exist.
05-21 16:19:28.209  1548  1563 I artd    : GetBestInfo checking odex next to the dex file (/data/app/~~y8zn2wvsWfCugA-HdyLyCA==/com.google.android.gms-23-MwJfSXp3vE5fW6YlIbg==/oat/x86_64/split_DynamiteModulesA_installtime.odex)
05-21 16:19:28.209  1548  1563 I artd    : Loading /data/app/~~y8zn2wvsWfCugA-HdyLyCA==/com.google.android.gms-23-MwJfSXp3vE5fW6YlIbg==/oat/x86_64/split_DynamiteModulesA_installtime.odex with executable: 0
05-21 16:19:28.210  1548  1563 I artd    : Successfully loaded /data/app/~~y8zn2wvsWfCugA-HdyLyCA==/com.google.android.gms-23-MwJfSXp3vE5fW6YlIbg==/oat/x86_64/split_DynamiteModulesA_installtime.odex with executable: 0
05-21 16:19:28.210  1548  1563 I artd    : /data/app/~~y8zn2wvsWfCugA-HdyLyCA==/com.google.android.gms-23-MwJfSXp3vE5fW6YlIbg==/oat/x86_64/split_DynamiteModulesA_installtime.odex is kOatUpToDate with filter speed
05-21 16:19:28.236  1548  1563 I artd    : Dex parent of /data/app/~~y8zn2wvsWfCugA-HdyLyCA==/com.google.android.gms-23-MwJfSXp3vE5fW6YlIbg==/split_DynamiteModulesC_installtime.apk is not writable: Permission denied
05-21 16:19:28.253  1548  1563 I artd    : GetBestInfo checking odex in dalvik-cache (/data/dalvik-cache/x86_64/data@app@~~y8zn2wvsWfCugA-HdyLyCA==@com.google.android.gms-23-MwJfSXp3vE5fW6YlIbg==@split_DynamiteModulesC_installtime.apk@classes.dex)
05-21 16:19:28.260  1548  1563 I artd    : Loading /data/dalvik-cache/x86_64/data@app@~~y8zn2wvsWfCugA-HdyLyCA==@com.google.android.gms-23-MwJfSXp3vE5fW6YlIbg==@split_DynamiteModulesC_installtime.apk@classes.dex with executable: 0
05-21 16:19:28.260  1548  1563 I artd    : OatFileAssistant test for existing oat file /data/dalvik-cache/x86_64/data@app@~~y8zn2wvsWfCugA-HdyLyCA==@com.google.android.gms-23-MwJfSXp3vE5fW6YlIbg==@split_DynamiteModulesC_installtime.apk@classes.dex: File /data/dalvik-cache/x86_64/data@app@~~y8zn2wvsWfCugA-HdyLyCA==@com.google.android.gms-23-MwJfSXp3vE5fW6YlIbg==@split_DynamiteModulesC_installtime.apk@classes.vdex does not exist.
05-21 16:19:28.260  1548  1563 I artd    : GetBestInfo checking odex next to the dex file (/data/app/~~y8zn2wvsWfCugA-HdyLyCA==/com.google.android.gms-23-MwJfSXp3vE5fW6YlIbg==/oat/x86_64/split_DynamiteModulesC_installtime.odex)
05-21 16:19:28.260  1548  1563 I artd    : Loading /data/app/~~y8zn2wvsWfCugA-HdyLyCA==/com.google.android.gms-23-MwJfSXp3vE5fW6YlIbg==/oat/x86_64/split_DynamiteModulesC_installtime.odex with executable: 0
05-21 16:19:28.298  1453  2110 I A       : (REDACTED) #onActiveStateChangeEvent, newState: %s, previousState: %s.
05-21 16:19:28.383  1548  1563 I artd    : Successfully loaded /data/app/~~y8zn2wvsWfCugA-HdyLyCA==/com.google.android.gms-23-MwJfSXp3vE5fW6YlIbg==/oat/x86_64/split_DynamiteModulesC_installtime.odex with executable: 0
05-21 16:19:28.384  1548  1563 I artd    : /data/app/~~y8zn2wvsWfCugA-HdyLyCA==/com.google.android.gms-23-MwJfSXp3vE5fW6YlIbg==/oat/x86_64/split_DynamiteModulesC_installtime.odex is kOatUpToDate with filter speed
05-21 16:19:28.393  1548  1563 I artd    : Dex parent of /data/app/~~y8zn2wvsWfCugA-HdyLyCA==/com.google.android.gms-23-MwJfSXp3vE5fW6YlIbg==/split_GoogleCertificates_installtime.apk is not writable: Permission denied
05-21 16:19:28.393  1548  1563 I artd    : GetBestInfo checking odex in dalvik-cache (/data/dalvik-cache/x86_64/data@app@~~y8zn2wvsWfCugA-HdyLyCA==@com.google.android.gms-23-MwJfSXp3vE5fW6YlIbg==@split_GoogleCertificates_installtime.apk@classes.dex)
05-21 16:19:28.393  1548  1563 I artd    : Loading /data/dalvik-cache/x86_64/data@app@~~y8zn2wvsWfCugA-HdyLyCA==@com.google.android.gms-23-MwJfSXp3vE5fW6YlIbg==@split_GoogleCertificates_installtime.apk@classes.dex with executable: 0
05-21 16:19:28.394  1548  1563 I artd    : OatFileAssistant test for existing oat file /data/dalvik-cache/x86_64/data@app@~~y8zn2wvsWfCugA-HdyLyCA==@com.google.android.gms-23-MwJfSXp3vE5fW6YlIbg==@split_GoogleCertificates_installtime.apk@classes.dex: File /data/dalvik-cache/x86_64/data@app@~~y8zn2wvsWfCugA-HdyLyCA==@com.google.android.gms-23-MwJfSXp3vE5fW6YlIbg==@split_GoogleCertificates_installtime.apk@classes.vdex does not exist.
05-21 16:19:28.394  1548  1563 I artd    : GetBestInfo checking odex next to the dex file (/data/app/~~y8zn2wvsWfCugA-HdyLyCA==/com.google.android.gms-23-MwJfSXp3vE5fW6YlIbg==/oat/x86_64/split_GoogleCertificates_installtime.odex)
05-21 16:19:28.394  1548  1563 I artd    : Loading /data/app/~~y8zn2wvsWfCugA-HdyLyCA==/com.google.android.gms-23-MwJfSXp3vE5fW6YlIbg==/oat/x86_64/split_GoogleCertificates_installtime.odex with executable: 0
05-21 16:19:28.394  1548  1563 I artd    : Successfully loaded /data/app/~~y8zn2wvsWfCugA-HdyLyCA==/com.google.android.gms-23-MwJfSXp3vE5fW6YlIbg==/oat/x86_64/split_GoogleCertificates_installtime.odex with executable: 0
05-21 16:19:28.394  1548  1563 I artd    : /data/app/~~y8zn2wvsWfCugA-HdyLyCA==/com.google.android.gms-23-MwJfSXp3vE5fW6YlIbg==/oat/x86_64/split_GoogleCertificates_installtime.odex is kOatUpToDate with filter speed
05-21 16:19:28.411  1548  1563 I artd    : Dex parent of /data/app/~~y8zn2wvsWfCugA-HdyLyCA==/com.google.android.gms-23-MwJfSXp3vE5fW6YlIbg==/split_MapsDynamite_installtime.apk is not writable: Permission denied
05-21 16:19:28.411  1548  1563 I artd    : GetBestInfo checking odex in dalvik-cache (/data/dalvik-cache/x86_64/data@app@~~y8zn2wvsWfCugA-HdyLyCA==@com.google.android.gms-23-MwJfSXp3vE5fW6YlIbg==@split_MapsDynamite_installtime.apk@classes.dex)
05-21 16:19:28.411  1548  1563 I artd    : Loading /data/dalvik-cache/x86_64/data@app@~~y8zn2wvsWfCugA-HdyLyCA==@com.google.android.gms-23-MwJfSXp3vE5fW6YlIbg==@split_MapsDynamite_installtime.apk@classes.dex with executable: 0
05-21 16:19:28.411  1548  1563 I artd    : OatFileAssistant test for existing oat file /data/dalvik-cache/x86_64/data@app@~~y8zn2wvsWfCugA-HdyLyCA==@com.google.android.gms-23-MwJfSXp3vE5fW6YlIbg==@split_MapsDynamite_installtime.apk@classes.dex: File /data/dalvik-cache/x86_64/data@app@~~y8zn2wvsWfCugA-HdyLyCA==@com.google.android.gms-23-MwJfSXp3vE5fW6YlIbg==@split_MapsDynamite_installtime.apk@classes.vdex does not exist.
05-21 16:19:28.411  1548  1563 I artd    : GetBestInfo checking odex next to the dex file (/data/app/~~y8zn2wvsWfCugA-HdyLyCA==/com.google.android.gms-23-MwJfSXp3vE5fW6YlIbg==/oat/x86_64/split_MapsDynamite_installtime.odex)
05-21 16:19:28.411  1548  1563 I artd    : Loading /data/app/~~y8zn2wvsWfCugA-HdyLyCA==/com.google.android.gms-23-MwJfSXp3vE5fW6YlIbg==/oat/x86_64/split_MapsDynamite_installtime.odex with executable: 0
05-21 16:19:28.411  1548  1563 I artd    : Successfully loaded /data/app/~~y8zn2wvsWfCugA-HdyLyCA==/com.google.android.gms-23-MwJfSXp3vE5fW6YlIbg==/oat/x86_64/split_MapsDynamite_installtime.odex with executable: 0
05-21 16:19:28.411  1548  1563 I artd    : /data/app/~~y8zn2wvsWfCugA-HdyLyCA==/com.google.android.gms-23-MwJfSXp3vE5fW6YlIbg==/oat/x86_64/split_MapsDynamite_installtime.odex is kOatUpToDate with filter speed
05-21 16:19:28.416  1548  1563 I artd    : Dex parent of /data/app/~~y8zn2wvsWfCugA-HdyLyCA==/com.google.android.gms-23-MwJfSXp3vE5fW6YlIbg==/split_MeasurementDynamite_installtime.apk is not writable: Permission denied
05-21 16:19:28.416  1548  1563 I artd    : GetBestInfo checking odex in dalvik-cache (/data/dalvik-cache/x86_64/data@app@~~y8zn2wvsWfCugA-HdyLyCA==@com.google.android.gms-23-MwJfSXp3vE5fW6YlIbg==@split_MeasurementDynamite_installtime.apk@classes.dex)
05-21 16:19:28.416  1548  1563 I artd    : Loading /data/dalvik-cache/x86_64/data@app@~~y8zn2wvsWfCugA-HdyLyCA==@com.google.android.gms-23-MwJfSXp3vE5fW6YlIbg==@split_MeasurementDynamite_installtime.apk@classes.dex with executable: 0
05-21 16:19:28.416  1548  1563 I artd    : OatFileAssistant test for existing oat file /data/dalvik-cache/x86_64/data@app@~~y8zn2wvsWfCugA-HdyLyCA==@com.google.android.gms-23-MwJfSXp3vE5fW6YlIbg==@split_MeasurementDynamite_installtime.apk@classes.dex: File /data/dalvik-cache/x86_64/data@app@~~y8zn2wvsWfCugA-HdyLyCA==@com.google.android.gms-23-MwJfSXp3vE5fW6YlIbg==@split_MeasurementDynamite_installtime.apk@classes.vdex does not exist.
05-21 16:19:28.416  1548  1563 I artd    : GetBestInfo checking odex next to the dex file (/data/app/~~y8zn2wvsWfCugA-HdyLyCA==/com.google.android.gms-23-MwJfSXp3vE5fW6YlIbg==/oat/x86_64/split_MeasurementDynamite_installtime.odex)
05-21 16:19:28.416  1548  1563 I artd    : Loading /data/app/~~y8zn2wvsWfCugA-HdyLyCA==/com.google.android.gms-23-MwJfSXp3vE5fW6YlIbg==/oat/x86_64/split_MeasurementDynamite_installtime.odex with executable: 0
05-21 16:19:28.416  1548  1563 I artd    : Successfully loaded /data/app/~~y8zn2wvsWfCugA-HdyLyCA==/com.google.android.gms-23-MwJfSXp3vE5fW6YlIbg==/oat/x86_64/split_MeasurementDynamite_installtime.odex with executable: 0
05-21 16:19:28.416  1548  1563 I artd    : /data/app/~~y8zn2wvsWfCugA-HdyLyCA==/com.google.android.gms-23-MwJfSXp3vE5fW6YlIbg==/oat/x86_64/split_MeasurementDynamite_installtime.odex is kOatUpToDate with filter speed
05-21 16:19:28.421  1548  1563 I artd    : Dex parent of /data/app/~~y8zn2wvsWfCugA-HdyLyCA==/com.google.android.gms-23-MwJfSXp3vE5fW6YlIbg==/split_all_locale_splits.apk is not writable: Permission denied
05-21 16:19:28.421  1548  1563 I artd    : GetBestInfo checking odex in dalvik-cache (/data/dalvik-cache/x86_64/data@app@~~y8zn2wvsWfCugA-HdyLyCA==@com.google.android.gms-23-MwJfSXp3vE5fW6YlIbg==@split_all_locale_splits.apk@classes.dex)
05-21 16:19:28.422  1548  1563 I artd    : Loading /data/dalvik-cache/x86_64/data@app@~~y8zn2wvsWfCugA-HdyLyCA==@com.google.android.gms-23-MwJfSXp3vE5fW6YlIbg==@split_all_locale_splits.apk@classes.dex with executable: 0
05-21 16:19:28.422  1548  1563 I artd    : OatFileAssistant test for existing oat file /data/dalvik-cache/x86_64/data@app@~~y8zn2wvsWfCugA-HdyLyCA==@com.google.android.gms-23-MwJfSXp3vE5fW6YlIbg==@split_all_locale_splits.apk@classes.dex: File /data/dalvik-cache/x86_64/data@app@~~y8zn2wvsWfCugA-HdyLyCA==@com.google.android.gms-23-MwJfSXp3vE5fW6YlIbg==@split_all_locale_splits.apk@classes.vdex does not exist.
05-21 16:19:28.422  1548  1563 I artd    : GetBestInfo checking odex next to the dex file (/data/app/~~y8zn2wvsWfCugA-HdyLyCA==/com.google.android.gms-23-MwJfSXp3vE5fW6YlIbg==/oat/x86_64/split_all_locale_splits.odex)
05-21 16:19:28.422  1548  1563 I artd    : Loading /data/app/~~y8zn2wvsWfCugA-HdyLyCA==/com.google.android.gms-23-MwJfSXp3vE5fW6YlIbg==/oat/x86_64/split_all_locale_splits.odex with executable: 0
05-21 16:19:28.422  1548  1563 I artd    : Successfully loaded /data/app/~~y8zn2wvsWfCugA-HdyLyCA==/com.google.android.gms-23-MwJfSXp3vE5fW6YlIbg==/oat/x86_64/split_all_locale_splits.odex with executable: 0
05-21 16:19:28.422  1548  1563 I artd    : /data/app/~~y8zn2wvsWfCugA-HdyLyCA==/com.google.android.gms-23-MwJfSXp3vE5fW6YlIbg==/oat/x86_64/split_all_locale_splits.odex is kOatUpToDate with filter speed
05-21 16:19:28.427 27855 27882 I Icing   : Using regular flags by method 2
05-21 16:19:28.430  1548  1563 I artd    : Dex parent of /data/app/~~y8zn2wvsWfCugA-HdyLyCA==/com.google.android.gms-23-MwJfSXp3vE5fW6YlIbg==/split_maps_core_dynamite_ondemand.apk is not writable: Permission denied
05-21 16:19:28.431  1548  1563 I artd    : GetBestInfo checking odex in dalvik-cache (/data/dalvik-cache/x86_64/data@app@~~y8zn2wvsWfCugA-HdyLyCA==@com.google.android.gms-23-MwJfSXp3vE5fW6YlIbg==@split_maps_core_dynamite_ondemand.apk@classes.dex)
05-21 16:19:28.431  1548  1563 I artd    : Loading /data/dalvik-cache/x86_64/data@app@~~y8zn2wvsWfCugA-HdyLyCA==@com.google.android.gms-23-MwJfSXp3vE5fW6YlIbg==@split_maps_core_dynamite_ondemand.apk@classes.dex with executable: 0
05-21 16:19:28.431  1548  1563 I artd    : OatFileAssistant test for existing oat file /data/dalvik-cache/x86_64/data@app@~~y8zn2wvsWfCugA-HdyLyCA==@com.google.android.gms-23-MwJfSXp3vE5fW6YlIbg==@split_maps_core_dynamite_ondemand.apk@classes.dex: File /data/dalvik-cache/x86_64/data@app@~~y8zn2wvsWfCugA-HdyLyCA==@com.google.android.gms-23-MwJfSXp3vE5fW6YlIbg==@split_maps_core_dynamite_ondemand.apk@classes.vdex does not exist.
05-21 16:19:28.431  1548  1563 I artd    : GetBestInfo checking odex next to the dex file (/data/app/~~y8zn2wvsWfCugA-HdyLyCA==/com.google.android.gms-23-MwJfSXp3vE5fW6YlIbg==/oat/x86_64/split_maps_core_dynamite_ondemand.odex)
05-21 16:19:28.431  1548  1563 I artd    : Loading /data/app/~~y8zn2wvsWfCugA-HdyLyCA==/com.google.android.gms-23-MwJfSXp3vE5fW6YlIbg==/oat/x86_64/split_maps_core_dynamite_ondemand.odex with executable: 0
05-21 16:19:28.431  1548  1563 I artd    : OatFileAssistant test for existing oat file /data/app/~~y8zn2wvsWfCugA-HdyLyCA==/com.google.android.gms-23-MwJfSXp3vE5fW6YlIbg==/oat/x86_64/split_maps_core_dynamite_ondemand.odex: File /data/app/~~y8zn2wvsWfCugA-HdyLyCA==/com.google.android.gms-23-MwJfSXp3vE5fW6YlIbg==/oat/x86_64/split_maps_core_dynamite_ondemand.vdex does not exist.
05-21 16:19:28.431  1548  1563 I artd    : GetBestInfo checking vdex in dalvik-cache (/data/dalvik-cache/x86_64/data@app@~~y8zn2wvsWfCugA-HdyLyCA==@com.google.android.gms-23-MwJfSXp3vE5fW6YlIbg==@split_maps_core_dynamite_ondemand.apk@classes.vdex)
05-21 16:19:28.433  1548  1563 I artd    : unable to open vdex file /data/dalvik-cache/x86_64/data@app@~~y8zn2wvsWfCugA-HdyLyCA==@com.google.android.gms-23-MwJfSXp3vE5fW6YlIbg==@split_maps_core_dynamite_ondemand.apk@classes.vdex: File /data/dalvik-cache/x86_64/data@app@~~y8zn2wvsWfCugA-HdyLyCA==@com.google.android.gms-23-MwJfSXp3vE5fW6YlIbg==@split_maps_core_dynamite_ondemand.apk@classes.vdex does not exist.
05-21 16:19:28.433  1548  1563 I artd    : OatFileAssistant test for existing oat file /data/dalvik-cache/x86_64/data@app@~~y8zn2wvsWfCugA-HdyLyCA==@com.google.android.gms-23-MwJfSXp3vE5fW6YlIbg==@split_maps_core_dynamite_ondemand.apk@classes.vdex: File /data/dalvik-cache/x86_64/data@app@~~y8zn2wvsWfCugA-HdyLyCA==@com.google.android.gms-23-MwJfSXp3vE5fW6YlIbg==@split_maps_core_dynamite_ondemand.apk@classes.vdex does not exist.
05-21 16:19:28.433  1548  1563 I artd    : GetBestInfo checking vdex next to the dex file (/data/app/~~y8zn2wvsWfCugA-HdyLyCA==/com.google.android.gms-23-MwJfSXp3vE5fW6YlIbg==/oat/x86_64/split_maps_core_dynamite_ondemand.vdex)
05-21 16:19:28.433  1548  1563 I artd    : unable to open vdex file /data/app/~~y8zn2wvsWfCugA-HdyLyCA==/com.google.android.gms-23-MwJfSXp3vE5fW6YlIbg==/oat/x86_64/split_maps_core_dynamite_ondemand.vdex: File /data/app/~~y8zn2wvsWfCugA-HdyLyCA==/com.google.android.gms-23-MwJfSXp3vE5fW6YlIbg==/oat/x86_64/split_maps_core_dynamite_ondemand.vdex does not exist.
05-21 16:19:28.433  1548  1563 I artd    : OatFileAssistant test for existing oat file /data/app/~~y8zn2wvsWfCugA-HdyLyCA==/com.google.android.gms-23-MwJfSXp3vE5fW6YlIbg==/oat/x86_64/split_maps_core_dynamite_ondemand.vdex: File /data/app/~~y8zn2wvsWfCugA-HdyLyCA==/com.google.android.gms-23-MwJfSXp3vE5fW6YlIbg==/oat/x86_64/split_maps_core_dynamite_ondemand.vdex does not exist.
05-21 16:19:28.433  1548  1563 I artd    : GetBestInfo checking dm (/data/app/~~y8zn2wvsWfCugA-HdyLyCA==/com.google.android.gms-23-MwJfSXp3vE5fW6YlIbg==/split_maps_core_dynamite_ondemand.dm)
05-21 16:19:28.433  1548  1563 W ziparchive: Unable to open '/data/app/~~y8zn2wvsWfCugA-HdyLyCA==/com.google.android.gms-23-MwJfSXp3vE5fW6YlIbg==/split_maps_core_dynamite_ondemand.dm': No such file or directory
05-21 16:19:28.434  1548  1563 I artd    : OatFileAssistant test for existing oat file /data/app/~~y8zn2wvsWfCugA-HdyLyCA==/com.google.android.gms-23-MwJfSXp3vE5fW6YlIbg==/split_maps_core_dynamite_ondemand.dm: I/O error
05-21 16:19:28.438  1548  1563 I artd    : GetBestInfo checking dm (/data/app/~~y8zn2wvsWfCugA-HdyLyCA==/com.google.android.gms-23-MwJfSXp3vE5fW6YlIbg==/split_maps_core_dynamite_ondemand.dm)
05-21 16:19:28.438  1548  1563 W ziparchive: Unable to open '/data/app/~~y8zn2wvsWfCugA-HdyLyCA==/com.google.android.gms-23-MwJfSXp3vE5fW6YlIbg==/split_maps_core_dynamite_ondemand.dm': No such file or directory
05-21 16:19:28.438  1548  1563 I artd    : OatFileAssistant test for existing oat file /data/app/~~y8zn2wvsWfCugA-HdyLyCA==/com.google.android.gms-23-MwJfSXp3vE5fW6YlIbg==/split_maps_core_dynamite_ondemand.dm: I/O error
05-21 16:19:28.438  1548  1563 I artd    : GetBestInfo no usable artifacts
05-21 16:19:28.459  1548  1563 W artd    : Could not get dex checksums for location /data/app/~~e4OF3ClCeXsUahOqgigWDw==/com.google.android.gms-z9f_Jzcq5nyJoV_fxhEWZg==/base.apk, fd=-1
05-21 16:19:28.485  1548  1563 I artd    : Dex parent of /data/user_de/0/com.google.android.gms/app_chimera/m/00000002/DynamiteLoader.uncompressed.apk is not writable: No such file or directory
05-21 16:19:28.485  1548  1563 I artd    : GetBestInfo checking odex in dalvik-cache (/data/dalvik-cache/x86_64/data@user_de@0@com.google.android.gms@app_chimera@m@00000002@DynamiteLoader.uncompressed.apk@classes.dex)
05-21 16:19:28.485  1548  1563 I artd    : Loading /data/dalvik-cache/x86_64/data@user_de@0@com.google.android.gms@app_chimera@m@00000002@DynamiteLoader.uncompressed.apk@classes.dex with executable: 0
05-21 16:19:28.485  1548  1563 I artd    : OatFileAssistant test for existing oat file /data/dalvik-cache/x86_64/data@user_de@0@com.google.android.gms@app_chimera@m@00000002@DynamiteLoader.uncompressed.apk@classes.dex: File /data/dalvik-cache/x86_64/data@user_de@0@com.google.android.gms@app_chimera@m@00000002@DynamiteLoader.uncompressed.apk@classes.vdex does not exist.
05-21 16:19:28.485  1548  1563 I artd    : GetBestInfo checking odex next to the dex file (/data/user_de/0/com.google.android.gms/app_chimera/m/00000002/oat/x86_64/DynamiteLoader.uncompressed.odex)
05-21 16:19:28.486  1548  1563 I artd    : Loading /data/user_de/0/com.google.android.gms/app_chimera/m/00000002/oat/x86_64/DynamiteLoader.uncompressed.odex with executable: 0
05-21 16:19:28.486  1548  1563 I artd    : OatFileAssistant test for existing oat file /data/user_de/0/com.google.android.gms/app_chimera/m/00000002/oat/x86_64/DynamiteLoader.uncompressed.odex: File /data/user_de/0/com.google.android.gms/app_chimera/m/00000002/oat/x86_64/DynamiteLoader.uncompressed.vdex does not exist.
05-21 16:19:28.486  1548  1563 I artd    : GetBestInfo checking vdex in dalvik-cache (/data/dalvik-cache/x86_64/data@user_de@0@com.google.android.gms@app_chimera@m@00000002@DynamiteLoader.uncompressed.apk@classes.vdex)
05-21 16:19:28.486  1548  1563 I artd    : unable to open vdex file /data/dalvik-cache/x86_64/data@user_de@0@com.google.android.gms@app_chimera@m@00000002@DynamiteLoader.uncompressed.apk@classes.vdex: File /data/dalvik-cache/x86_64/data@user_de@0@com.google.android.gms@app_chimera@m@00000002@DynamiteLoader.uncompressed.apk@classes.vdex does not exist.
05-21 16:19:28.486  1548  1563 I artd    : OatFileAssistant test for existing oat file /data/dalvik-cache/x86_64/data@user_de@0@com.google.android.gms@app_chimera@m@00000002@DynamiteLoader.uncompressed.apk@classes.vdex: File /data/dalvik-cache/x86_64/data@user_de@0@com.google.android.gms@app_chimera@m@00000002@DynamiteLoader.uncompressed.apk@classes.vdex does not exist.
05-21 16:19:28.487  1548  1563 I artd    : GetBestInfo checking vdex next to the dex file (/data/user_de/0/com.google.android.gms/app_chimera/m/00000002/oat/x86_64/DynamiteLoader.uncompressed.vdex)
05-21 16:19:28.488  1548  1563 I artd    : unable to open vdex file /data/user_de/0/com.google.android.gms/app_chimera/m/00000002/oat/x86_64/DynamiteLoader.uncompressed.vdex: File /data/user_de/0/com.google.android.gms/app_chimera/m/00000002/oat/x86_64/DynamiteLoader.uncompressed.vdex does not exist.
05-21 16:19:28.510  1548  1563 I artd    : OatFileAssistant test for existing oat file /data/user_de/0/com.google.android.gms/app_chimera/m/00000002/oat/x86_64/DynamiteLoader.uncompressed.vdex: File /data/user_de/0/com.google.android.gms/app_chimera/m/00000002/oat/x86_64/DynamiteLoader.uncompressed.vdex does not exist.
05-21 16:19:28.510  1548  1563 I artd    : GetBestInfo checking dm (/data/user_de/0/com.google.android.gms/app_chimera/m/00000002/DynamiteLoader.uncompressed.dm)
